Archive member included to satisfy reference by file (symbol)

/home/fox/git/RIOT/workspace/arduino_hello-world/bin/arduino-uno/application_arduino_hello-world.a(_sketches.o)
                              /usr/lib/gcc/avr/5.4.0/../../../avr/lib/avr5/crtatmega328p.o (main)
/home/fox/git/RIOT/workspace/arduino_hello-world/bin/arduino-uno/arduino.a(base.o)
                              /home/fox/git/RIOT/workspace/arduino_hello-world/bin/arduino-uno/application_arduino_hello-world.a(_sketches.o) (_Z7pinModeii)
/home/fox/git/RIOT/workspace/arduino_hello-world/bin/arduino-uno/arduino.a(serialport.o)
                              /home/fox/git/RIOT/workspace/arduino_hello-world/bin/arduino-uno/application_arduino_hello-world.a(_sketches.o) (_ZN10SerialPortC1Ej)
/home/fox/git/RIOT/workspace/arduino_hello-world/bin/arduino-uno/atmega_common.a(irq_arch.o)
                              /home/fox/git/RIOT/workspace/arduino_hello-world/bin/arduino-uno/arduino.a(serialport.o) (irq_disable)
/home/fox/git/RIOT/workspace/arduino_hello-world/bin/arduino-uno/atmega_common.a(startup.o)
                              (reset_handler)
/home/fox/git/RIOT/workspace/arduino_hello-world/bin/arduino-uno/atmega_common_periph.a(uart.o)
                              /home/fox/git/RIOT/workspace/arduino_hello-world/bin/arduino-uno/arduino.a(serialport.o) (uart_init)
/home/fox/git/RIOT/workspace/arduino_hello-world/bin/arduino-uno/atmega_common_periph.a(gpio.o)
                              /home/fox/git/RIOT/workspace/arduino_hello-world/bin/arduino-uno/arduino.a(base.o) (gpio_init)
/home/fox/git/RIOT/workspace/arduino_hello-world/bin/arduino-uno/atmega_common_periph.a(timer.o)
                              /home/fox/git/RIOT/workspace/arduino_hello-world/bin/arduino-uno/arduino.a(base.o) (timer_read)
/home/fox/git/RIOT/workspace/arduino_hello-world/bin/arduino-uno/boards_common_atmega.a(board.o)
                              /home/fox/git/RIOT/workspace/arduino_hello-world/bin/arduino-uno/atmega_common.a(startup.o) (board_init)
/home/fox/git/RIOT/workspace/arduino_hello-world/bin/arduino-uno/core.a(panic.o)
                              /home/fox/git/RIOT/workspace/arduino_hello-world/bin/arduino-uno/arduino.a(base.o) (core_panic)
/home/fox/git/RIOT/workspace/arduino_hello-world/bin/arduino-uno/core.a(sched.o)
                              /home/fox/git/RIOT/workspace/arduino_hello-world/bin/arduino-uno/atmega_common_periph.a(uart.o) (sched_context_switch_request)
/home/fox/git/RIOT/workspace/arduino_hello-world/bin/arduino-uno/core.a(ringbuffer.o)
                              /home/fox/git/RIOT/workspace/arduino_hello-world/bin/arduino-uno/arduino.a(serialport.o) (ringbuffer_add_one)
/home/fox/git/RIOT/workspace/arduino_hello-world/bin/arduino-uno/core.a(kernel_init.o)
                              /home/fox/git/RIOT/workspace/arduino_hello-world/bin/arduino-uno/atmega_common.a(startup.o) (kernel_init)
/home/fox/git/RIOT/workspace/arduino_hello-world/bin/arduino-uno/core.a(thread.o)
                              /home/fox/git/RIOT/workspace/arduino_hello-world/bin/arduino-uno/atmega_common_periph.a(uart.o) (thread_yield)
/home/fox/git/RIOT/workspace/arduino_hello-world/bin/arduino-uno/xtimer.a(xtimer_core.o)
                              /home/fox/git/RIOT/workspace/arduino_hello-world/bin/arduino-uno/arduino.a(base.o) (_xtimer_high_cnt)
/home/fox/git/RIOT/workspace/arduino_hello-world/bin/arduino-uno/xtimer.a(xtimer.o)
                              /home/fox/git/RIOT/workspace/arduino_hello-world/bin/arduino-uno/arduino.a(base.o) (_xtimer_tsleep)
/home/fox/git/RIOT/workspace/arduino_hello-world/bin/arduino-uno/periph_common.a(pm.o)
                              /home/fox/git/RIOT/workspace/arduino_hello-world/bin/arduino-uno/core.a(panic.o) (pm_off)
/home/fox/git/RIOT/workspace/arduino_hello-world/bin/arduino-uno/atmega_common.a(thread_arch.o)
                              /home/fox/git/RIOT/workspace/arduino_hello-world/bin/arduino-uno/core.a(thread.o) (thread_stack_init)
/home/fox/git/RIOT/workspace/arduino_hello-world/bin/arduino-uno/atmega_common.a(cpu.o)
                              /home/fox/git/RIOT/workspace/arduino_hello-world/bin/arduino-uno/boards_common_atmega.a(board.o) (cpu_init)
/home/fox/git/RIOT/workspace/arduino_hello-world/bin/arduino-uno/auto_init.a(auto_init.o)
                              /home/fox/git/RIOT/workspace/arduino_hello-world/bin/arduino-uno/core.a(kernel_init.o) (auto_init)
/home/fox/git/RIOT/workspace/arduino_hello-world/bin/arduino-uno/avr_libc_extra.a(atmega_stdio.o)
                              /home/fox/git/RIOT/workspace/arduino_hello-world/bin/arduino-uno/boards_common_atmega.a(board.o) (atmega_stdio_init)
/home/fox/git/RIOT/workspace/arduino_hello-world/bin/arduino-uno/boards_common_arduino-atmega.a(led_init.o)
                              /home/fox/git/RIOT/workspace/arduino_hello-world/bin/arduino-uno/boards_common_atmega.a(board.o) (led_init)
[...]
Memory Configuration

Name             Origin             Length             Attributes
text             0x0000000000000000 0x0000000000007e00 xr
data             0x0000000000800060 0x0000000000000800 rw !x
eeprom           0x0000000000810000 0x0000000000010000 rw !x
fuse             0x0000000000820000 0x0000000000000003 rw !x
lock             0x0000000000830000 0x0000000000000400 rw !x
signature        0x0000000000840000 0x0000000000000400 rw !x
user_signatures  0x0000000000850000 0x0000000000000400 rw !x
*default*        0x0000000000000000 0xffffffffffffffff

Linker script and memory map

Address of section .data set to 0x800100
LOAD /usr/lib/gcc/avr/5.4.0/../../../avr/lib/avr5/crtatmega328p.o
START GROUP
LOAD /home/fox/git/RIOT/workspace/arduino_hello-world/bin/arduino-uno/application_arduino_hello-world.a
LOAD /home/fox/git/RIOT/workspace/arduino_hello-world/bin/arduino-uno/arduino.a
LOAD /home/fox/git/RIOT/workspace/arduino_hello-world/bin/arduino-uno/atmega_common.a
LOAD /home/fox/git/RIOT/workspace/arduino_hello-world/bin/arduino-uno/atmega_common_periph.a
LOAD /home/fox/git/RIOT/workspace/arduino_hello-world/bin/arduino-uno/auto_init.a
LOAD /home/fox/git/RIOT/workspace/arduino_hello-world/bin/arduino-uno/avr_libc_extra.a
LOAD /home/fox/git/RIOT/workspace/arduino_hello-world/bin/arduino-uno/board.a
LOAD /home/fox/git/RIOT/workspace/arduino_hello-world/bin/arduino-uno/boards_common_arduino-atmega.a
LOAD /home/fox/git/RIOT/workspace/arduino_hello-world/bin/arduino-uno/boards_common_atmega.a
LOAD /home/fox/git/RIOT/workspace/arduino_hello-world/bin/arduino-uno/core.a
LOAD /home/fox/git/RIOT/workspace/arduino_hello-world/bin/arduino-uno/cpu.a
LOAD /home/fox/git/RIOT/workspace/arduino_hello-world/bin/arduino-uno/div.a
LOAD /home/fox/git/RIOT/workspace/arduino_hello-world/bin/arduino-uno/isrpipe.a
LOAD /home/fox/git/RIOT/workspace/arduino_hello-world/bin/arduino-uno/stdio_uart.a
LOAD /home/fox/git/RIOT/workspace/arduino_hello-world/bin/arduino-uno/sys.a
LOAD /home/fox/git/RIOT/workspace/arduino_hello-world/bin/arduino-uno/tsrb.a
LOAD /home/fox/git/RIOT/workspace/arduino_hello-world/bin/arduino-uno/xtimer.a
LOAD /home/fox/git/RIOT/workspace/arduino_hello-world/bin/arduino-uno/periph_common.a
END GROUP
LOAD /usr/lib/gcc/avr/5.4.0/avr5/libgcc.a
                0x0000000000007e00                __TEXT_REGION_LENGTH__ = 0x7e00
                0x0000000000000800                __DATA_REGION_LENGTH__ = 0x800
LOAD /usr/lib/gcc/avr/5.4.0/avr5/libgcc.a
LOAD /usr/lib/gcc/avr/5.4.0/../../../avr/lib/avr5/libm.a
START GROUP
LOAD /usr/lib/gcc/avr/5.4.0/avr5/libgcc.a
LOAD /usr/lib/gcc/avr/5.4.0/../../../avr/lib/avr5/libm.a
LOAD /usr/lib/gcc/avr/5.4.0/../../../avr/lib/avr5/libc.a
LOAD /usr/lib/gcc/avr/5.4.0/../../../avr/lib/avr5/libatmega328p.a
END GROUP
                0x0000000000020000                __TEXT_REGION_LENGTH__ = DEFINED (__TEXT_REGION_LENGTH__)?__TEXT_REGION_LENGTH__:0x20000
                0x000000000000ffa0                __DATA_REGION_LENGTH__ = DEFINED (__DATA_REGION_LENGTH__)?__DATA_REGION_LENGTH__:0xffa0
                0x0000000000010000                __EEPROM_REGION_LENGTH__ = DEFINED (__EEPROM_REGION_LENGTH__)?__EEPROM_REGION_LENGTH__:0x10000
                [0x0000000000000003]                __FUSE_REGION_LENGTH__ = DEFINED (__FUSE_REGION_LENGTH__)?__FUSE_REGION_LENGTH__:0x400
                0x0000000000000400                __LOCK_REGION_LENGTH__ = DEFINED (__LOCK_REGION_LENGTH__)?__LOCK_REGION_LENGTH__:0x400
                0x0000000000000400                __SIGNATURE_REGION_LENGTH__ = DEFINED (__SIGNATURE_REGION_LENGTH__)?__SIGNATURE_REGION_LENGTH__:0x400
                0x0000000000000400                __USER_SIGNATURE_REGION_LENGTH__ = DEFINED (__USER_SIGNATURE_REGION_LENGTH__)?__USER_SIGNATURE_REGION_LENGTH__:0x400

.hash
 *(.hash)

.dynsym
 *(.dynsym)

.dynstr
 *(.dynstr)

.gnu.version
 *(.gnu.version)

.gnu.version_d
 *(.gnu.version_d)

.gnu.version_r
 *(.gnu.version_r)

.rel.init
 *(.rel.init)

.rela.init
 *(.rela.init)

.rel.text
 *(.rel.text)
 *(.rel.text.*)
 *(.rel.gnu.linkonce.t*)

.rela.text
 *(.rela.text)
 *(.rela.text.*)
 *(.rela.gnu.linkonce.t*)

.rel.fini
 *(.rel.fini)

.rela.fini
 *(.rela.fini)

.rel.rodata
 *(.rel.rodata)
 *(.rel.rodata.*)
 *(.rel.gnu.linkonce.r*)

.rela.rodata
 *(.rela.rodata)
 *(.rela.rodata.*)
 *(.rela.gnu.linkonce.r*)

.rel.data
 *(.rel.data)
 *(.rel.data.*)
 *(.rel.gnu.linkonce.d*)

.rela.data
 *(.rela.data)
 *(.rela.data.*)
 *(.rela.gnu.linkonce.d*)

.rel.ctors
 *(.rel.ctors)

.rela.ctors
 *(.rela.ctors)

.rel.dtors
 *(.rel.dtors)

.rela.dtors
 *(.rela.dtors)

.rel.got
 *(.rel.got)

.rela.got
 *(.rela.got)

.rel.bss
 *(.rel.bss)

.rela.bss
 *(.rela.bss)

.rel.plt
 *(.rel.plt)

.rela.plt
 *(.rela.plt)

.text           0x0000000000000000     0x253c
 *(.vectors)
 .vectors       0x0000000000000000       0x68 /usr/lib/gcc/avr/5.4.0/../../../avr/lib/avr5/crtatmega328p.o
                0x0000000000000000                __vectors
 *(.vectors)
 *(.progmem.gcc*)
                0x0000000000000068                . = ALIGN (0x2)
                0x0000000000000068                __trampolines_start = .
 *(.trampolines)
 .trampolines   0x0000000000000068        0x0 linker stubs
 *(.trampolines*)
                0x0000000000000068                __trampolines_end = .
 *libprintf_flt.a:*(.progmem.data)
 *libc.a:*(.progmem.data)
 *(.progmem*)
 .progmem.data.__c.1974
                0x0000000000000068       0x49 /home/fox/git/RIOT/workspace/arduino_hello-world/bin/arduino-uno/atmega_common.a(cpu.o)
                0x00000000000000b2                . = ALIGN (0x2)
 *fill*         0x00000000000000b1        0x1 
 *(.jumptables)
 *(.jumptables*)
 *(.lowtext)
 *(.lowtext*)
                0x00000000000000b2                __ctors_start = .
 *(.ctors)
 .ctors         0x00000000000000b2        0x2 /home/fox/git/RIOT/workspace/arduino_hello-world/bin/arduino-uno/application_arduino_hello-world.a(_sketches.o)
 .ctors         0x00000000000000b4        0x2 /home/fox/git/RIOT/workspace/arduino_hello-world/bin/arduino-uno/arduino.a(base.o)
                0x00000000000000b6                __ctors_end = .
                0x00000000000000b6                __dtors_start = .
 *(.dtors)
                0x00000000000000b6                __dtors_end = .
 SORT(*)(.ctors)
 SORT(*)(.dtors)
 *(.init0)
 .init0         0x00000000000000b6        0x0 /usr/lib/gcc/avr/5.4.0/../../../avr/lib/avr5/crtatmega328p.o
                0x00000000000000b6                __init
 .init0         0x00000000000000b6       0x24 /home/fox/git/RIOT/workspace/arduino_hello-world/bin/arduino-uno/atmega_common.a(cpu.o)
                0x00000000000000b6                get_mcusr
 *(.init0)
 *(.init1)
 *(.init1)
 *(.init2)
 .init2         0x00000000000000da        0xc /usr/lib/gcc/avr/5.4.0/../../../avr/lib/avr5/crtatmega328p.o
 *(.init2)
 *(.init3)
 *(.init3)
 *(.init4)
 .init4         0x00000000000000e6       0x16 /usr/lib/gcc/avr/5.4.0/avr5/libgcc.a(_copy_data.o)
                0x00000000000000e6                __do_copy_data
 .init4         0x00000000000000fc       0x10 /usr/lib/gcc/avr/5.4.0/avr5/libgcc.a(_clear_bss.o)
                0x00000000000000fc                __do_clear_bss
 *(.init4)
 *(.init5)
 *(.init5)
 *(.init6)
 .init6         0x000000000000010c       0x16 /usr/lib/gcc/avr/5.4.0/avr5/libgcc.a(_ctors.o)
                0x000000000000010c                __do_global_ctors
 *(.init6)
 *(.init7)
 .init7         0x0000000000000122        0x4 /home/fox/git/RIOT/workspace/arduino_hello-world/bin/arduino-uno/atmega_common.a(startup.o)
                0x0000000000000122                init7_ovr
 *(.init7)
 *(.init8)
 .init8         0x0000000000000126        0x4 /home/fox/git/RIOT/workspace/arduino_hello-world/bin/arduino-uno/atmega_common.a(startup.o)
                0x0000000000000126                init8_ovr
 *(.init8)
 *(.init9)
 .init9         0x000000000000012a        0x8 /usr/lib/gcc/avr/5.4.0/../../../avr/lib/avr5/crtatmega328p.o
 *(.init9)
 *(.text)
 .text          0x0000000000000132        0x4 /usr/lib/gcc/avr/5.4.0/../../../avr/lib/avr5/crtatmega328p.o
                0x0000000000000132                __vector_22
                0x0000000000000132                __vector_1
                0x0000000000000132                __vector_24
                0x0000000000000132                __bad_interrupt
                0x0000000000000132                __vector_6
                0x0000000000000132                __vector_3
                0x0000000000000132                __vector_23
                0x0000000000000132                __vector_25
                0x0000000000000132                __vector_13
                0x0000000000000132                __vector_17
                0x0000000000000132                __vector_19
                0x0000000000000132                __vector_7
                0x0000000000000132                __vector_5
                0x0000000000000132                __vector_4
                0x0000000000000132                __vector_9
                0x0000000000000132                __vector_2
                0x0000000000000132                __vector_21
                0x0000000000000132                __vector_15
                0x0000000000000132                __vector_8
                0x0000000000000132                __vector_14
                0x0000000000000132                __vector_10
                0x0000000000000132                __vector_16
                0x0000000000000132                __vector_20
                0x0000000000000136                . = ALIGN (0x2)
 *(.text.*)
 .text._Z5setupv
                0x0000000000000136       0x2c /home/fox/git/RIOT/workspace/arduino_hello-world/bin/arduino-uno/application_arduino_hello-world.a(_sketches.o)
                0x0000000000000136                _Z5setupv
 .text._Z4loopv
                0x0000000000000162       0xd0 /home/fox/git/RIOT/workspace/arduino_hello-world/bin/arduino-uno/application_arduino_hello-world.a(_sketches.o)
                0x0000000000000162                _Z4loopv
 .text.startup.main
                0x0000000000000232        0xa /home/fox/git/RIOT/workspace/arduino_hello-world/bin/arduino-uno/application_arduino_hello-world.a(_sketches.o)
                0x0000000000000232                main
 .text.startup._GLOBAL__sub_I_ledPin
                0x000000000000023c        0xc /home/fox/git/RIOT/workspace/arduino_hello-world/bin/arduino-uno/application_arduino_hello-world.a(_sketches.o)
 .text._Z7pinModeii
                0x0000000000000248       0x22 /home/fox/git/RIOT/workspace/arduino_hello-world/bin/arduino-uno/arduino.a(base.o)
                0x0000000000000248                _Z7pinModeii
 .text._Z12digitalWriteii
                0x000000000000026a        0xc /home/fox/git/RIOT/workspace/arduino_hello-world/bin/arduino-uno/arduino.a(base.o)
                0x000000000000026a                _Z12digitalWriteii
 .text._Z11digitalReadi
                0x0000000000000276       0x1c /home/fox/git/RIOT/workspace/arduino_hello-world/bin/arduino-uno/arduino.a(base.o)
                0x0000000000000276                _Z11digitalReadi
 .text._Z5delaym
                0x0000000000000292       0x24 /home/fox/git/RIOT/workspace/arduino_hello-world/bin/arduino-uno/arduino.a(base.o)
                0x0000000000000292                _Z5delaym
 .text.startup._GLOBAL__sub_I__Z7pinModeii
                0x00000000000002b6        0xc /home/fox/git/RIOT/workspace/arduino_hello-world/bin/arduino-uno/arduino.a(base.o)
 .text._Z5rx_cbPvh
                0x00000000000002c2        0x4 /home/fox/git/RIOT/workspace/arduino_hello-world/bin/arduino-uno/arduino.a(serialport.o)
                0x00000000000002c2                _Z5rx_cbPvh
 .text._ZN10SerialPortC2Ej
                0x00000000000002c6        0x8 /home/fox/git/RIOT/workspace/arduino_hello-world/bin/arduino-uno/arduino.a(serialport.o)
                0x00000000000002c6                _ZN10SerialPortC2Ej
                0x00000000000002c6                _ZN10SerialPortC1Ej
 .text._ZN10SerialPort9availableEv
                0x00000000000002ce        0xc /home/fox/git/RIOT/workspace/arduino_hello-world/bin/arduino-uno/arduino.a(serialport.o)
                0x00000000000002ce                _ZN10SerialPort9availableEv
 .text._ZN10SerialPort5beginEl
                0x00000000000002da       0x3a /home/fox/git/RIOT/workspace/arduino_hello-world/bin/arduino-uno/arduino.a(serialport.o)
                0x00000000000002da                _ZN10SerialPort5beginEl
 .text._ZN10SerialPort4readEv
                0x0000000000000314       0x36 /home/fox/git/RIOT/workspace/arduino_hello-world/bin/arduino-uno/arduino.a(serialport.o)
                0x0000000000000314                _ZN10SerialPort4readEv
 .text._ZN10SerialPort5writeEi
                0x000000000000034a       0x30 /home/fox/git/RIOT/workspace/arduino_hello-world/bin/arduino-uno/arduino.a(serialport.o)
                0x000000000000034a                _ZN10SerialPort5writeEi
 .text._ZN10SerialPort5writeEPKc
                0x000000000000037a       0x2e /home/fox/git/RIOT/workspace/arduino_hello-world/bin/arduino-uno/arduino.a(serialport.o)
                0x000000000000037a                _ZN10SerialPort5writeEPKc
 .text._ZN10SerialPort7printlnEPKc
                0x00000000000003a8       0x28 /home/fox/git/RIOT/workspace/arduino_hello-world/bin/arduino-uno/arduino.a(serialport.o)
                0x00000000000003a8                _ZN10SerialPort7printlnEPKc
 .text.irq_disable
                0x00000000000003d0        0xc /home/fox/git/RIOT/workspace/arduino_hello-world/bin/arduino-uno/atmega_common.a(irq_arch.o)
                0x00000000000003d0                irq_disable
 .text.irq_enable
                0x00000000000003dc        0xc /home/fox/git/RIOT/workspace/arduino_hello-world/bin/arduino-uno/atmega_common.a(irq_arch.o)
                0x00000000000003dc                irq_enable
 .text.irq_restore
                0x00000000000003e8       0x14 /home/fox/git/RIOT/workspace/arduino_hello-world/bin/arduino-uno/atmega_common.a(irq_arch.o)
                0x00000000000003e8                irq_restore
 .text.irq_is_in
                0x00000000000003fc        0x8 /home/fox/git/RIOT/workspace/arduino_hello-world/bin/arduino-uno/atmega_common.a(irq_arch.o)
                0x00000000000003fc                irq_is_in
 .text.reset_handler
                0x0000000000000404        0x8 /home/fox/git/RIOT/workspace/arduino_hello-world/bin/arduino-uno/atmega_common.a(startup.o)
                0x0000000000000404                reset_handler
 .text.uart_init
                0x000000000000040c       0x8e /home/fox/git/RIOT/workspace/arduino_hello-world/bin/arduino-uno/atmega_common_periph.a(uart.o)
                0x000000000000040c                uart_init
 .text.uart_write
                0x000000000000049a       0x1e /home/fox/git/RIOT/workspace/arduino_hello-world/bin/arduino-uno/atmega_common_periph.a(uart.o)
                0x000000000000049a                uart_write
 .text.__vector_18
                0x00000000000004b8       0x7c /home/fox/git/RIOT/workspace/arduino_hello-world/bin/arduino-uno/atmega_common_periph.a(uart.o)
                0x00000000000004b8                __vector_18
 .text.gpio_init
                0x0000000000000534       0x72 /home/fox/git/RIOT/workspace/arduino_hello-world/bin/arduino-uno/atmega_common_periph.a(gpio.o)
                0x0000000000000534                gpio_init
 .text.gpio_read
                0x00000000000005a6       0x2c /home/fox/git/RIOT/workspace/arduino_hello-world/bin/arduino-uno/atmega_common_periph.a(gpio.o)
                0x00000000000005a6                gpio_read
 .text.gpio_set
                0x00000000000005d2       0x26 /home/fox/git/RIOT/workspace/arduino_hello-world/bin/arduino-uno/atmega_common_periph.a(gpio.o)
                0x00000000000005d2                gpio_set
 .text.gpio_clear
                0x00000000000005f8       0x2c /home/fox/git/RIOT/workspace/arduino_hello-world/bin/arduino-uno/atmega_common_periph.a(gpio.o)
                0x00000000000005f8                gpio_clear
 .text.gpio_write
                0x0000000000000624        0xc /home/fox/git/RIOT/workspace/arduino_hello-world/bin/arduino-uno/atmega_common_periph.a(gpio.o)
                0x0000000000000624                gpio_write
 .text._isr.constprop.0
                0x0000000000000630       0x5a /home/fox/git/RIOT/workspace/arduino_hello-world/bin/arduino-uno/atmega_common_periph.a(timer.o)
 .text.timer_init
                0x000000000000068a       0x96 /home/fox/git/RIOT/workspace/arduino_hello-world/bin/arduino-uno/atmega_common_periph.a(timer.o)
                0x000000000000068a                timer_init
 .text.timer_set_absolute
                0x0000000000000720       0x62 /home/fox/git/RIOT/workspace/arduino_hello-world/bin/arduino-uno/atmega_common_periph.a(timer.o)
                0x0000000000000720                timer_set_absolute
 .text.timer_read
                0x0000000000000782       0x20 /home/fox/git/RIOT/workspace/arduino_hello-world/bin/arduino-uno/atmega_common_periph.a(timer.o)
                0x0000000000000782                timer_read
 .text.__vector_11
                0x00000000000007a2       0x4c /home/fox/git/RIOT/workspace/arduino_hello-world/bin/arduino-uno/atmega_common_periph.a(timer.o)
                0x00000000000007a2                __vector_11
 .text.__vector_12
                0x00000000000007ee       0x4c /home/fox/git/RIOT/workspace/arduino_hello-world/bin/arduino-uno/atmega_common_periph.a(timer.o)
                0x00000000000007ee                __vector_12
 .text.board_init
                0x000000000000083a       0x1a /home/fox/git/RIOT/workspace/arduino_hello-world/bin/arduino-uno/boards_common_atmega.a(board.o)
                0x000000000000083a                board_init
 .text.panic_arch
                0x0000000000000854        0x2 /home/fox/git/RIOT/workspace/arduino_hello-world/bin/arduino-uno/core.a(panic.o)
                0x0000000000000854                panic_arch
 .text.core_panic
                0x0000000000000856       0x76 /home/fox/git/RIOT/workspace/arduino_hello-world/bin/arduino-uno/core.a(panic.o)
                0x0000000000000856                core_panic
 .text.sched_run
                0x00000000000008cc       0x7e /home/fox/git/RIOT/workspace/arduino_hello-world/bin/arduino-uno/core.a(sched.o)
                0x00000000000008cc                sched_run
 .text.sched_set_status
                0x000000000000094a      0x124 /home/fox/git/RIOT/workspace/arduino_hello-world/bin/arduino-uno/core.a(sched.o)
                0x000000000000094a                sched_set_status
 .text.sched_switch
                0x0000000000000a6e       0x34 /home/fox/git/RIOT/workspace/arduino_hello-world/bin/arduino-uno/core.a(sched.o)
                0x0000000000000a6e                sched_switch
 .text.sched_task_exit
                0x0000000000000aa2       0x46 /home/fox/git/RIOT/workspace/arduino_hello-world/bin/arduino-uno/core.a(sched.o)
                0x0000000000000aa2                sched_task_exit
 .text.ringbuffer_add_one
                0x0000000000000ae8       0x76 /home/fox/git/RIOT/workspace/arduino_hello-world/bin/arduino-uno/core.a(ringbuffer.o)
                0x0000000000000ae8                ringbuffer_add_one
 .text.ringbuffer_get_one
                0x0000000000000b5e       0x48 /home/fox/git/RIOT/workspace/arduino_hello-world/bin/arduino-uno/core.a(ringbuffer.o)
                0x0000000000000b5e                ringbuffer_get_one
 .text.main_trampoline
                0x0000000000000ba6       0x1e /home/fox/git/RIOT/workspace/arduino_hello-world/bin/arduino-uno/core.a(kernel_init.o)
 .text.idle_thread
                0x0000000000000bc4        0x6 /home/fox/git/RIOT/workspace/arduino_hello-world/bin/arduino-uno/core.a(kernel_init.o)
 .text.kernel_init
                0x0000000000000bca       0x48 /home/fox/git/RIOT/workspace/arduino_hello-world/bin/arduino-uno/core.a(kernel_init.o)
                0x0000000000000bca                kernel_init
 .text.thread_yield
                0x0000000000000c12       0x36 /home/fox/git/RIOT/workspace/arduino_hello-world/bin/arduino-uno/core.a(thread.o)
                0x0000000000000c12                thread_yield
 .text.thread_add_to_list
                0x0000000000000c48       0x42 /home/fox/git/RIOT/workspace/arduino_hello-world/bin/arduino-uno/core.a(thread.o)
                0x0000000000000c48                thread_add_to_list
 .text.thread_create
                0x0000000000000c8a      0x182 /home/fox/git/RIOT/workspace/arduino_hello-world/bin/arduino-uno/core.a(thread.o)
                0x0000000000000c8a                thread_create
 .text._xtimer_now
                0x0000000000000e0c       0x58 /home/fox/git/RIOT/workspace/arduino_hello-world/bin/arduino-uno/xtimer.a(xtimer_core.o)
 .text._xtimer_now_internal
                0x0000000000000e64       0x6e /home/fox/git/RIOT/workspace/arduino_hello-world/bin/arduino-uno/xtimer.a(xtimer_core.o)
 .text._lltimer_set
                0x0000000000000ed2       0x1c /home/fox/git/RIOT/workspace/arduino_hello-world/bin/arduino-uno/xtimer.a(xtimer_core.o)
 .text._add_timer_to_long_list.constprop.3
                0x0000000000000eee       0x7e /home/fox/git/RIOT/workspace/arduino_hello-world/bin/arduino-uno/xtimer.a(xtimer_core.o)
 .text._next_period
                0x0000000000000f6c      0x1a6 /home/fox/git/RIOT/workspace/arduino_hello-world/bin/arduino-uno/xtimer.a(xtimer_core.o)
 .text._periph_timer_callback
                0x0000000000001112      0x204 /home/fox/git/RIOT/workspace/arduino_hello-world/bin/arduino-uno/xtimer.a(xtimer_core.o)
 .text._remove  0x0000000000001316       0x96 /home/fox/git/RIOT/workspace/arduino_hello-world/bin/arduino-uno/xtimer.a(xtimer_core.o)
 .text.xtimer_init
                0x00000000000013ac       0x2a /home/fox/git/RIOT/workspace/arduino_hello-world/bin/arduino-uno/xtimer.a(xtimer_core.o)
                0x00000000000013ac                xtimer_init
 .text._xtimer_set_absolute
                0x00000000000013d6      0x1e8 /home/fox/git/RIOT/workspace/arduino_hello-world/bin/arduino-uno/xtimer.a(xtimer_core.o)
                0x00000000000013d6                _xtimer_set_absolute
 .text.xtimer_remove
                0x00000000000015be       0x46 /home/fox/git/RIOT/workspace/arduino_hello-world/bin/arduino-uno/xtimer.a(xtimer_core.o)
                0x00000000000015be                xtimer_remove
 .text._xtimer_set
                0x0000000000001604       0xc4 /home/fox/git/RIOT/workspace/arduino_hello-world/bin/arduino-uno/xtimer.a(xtimer_core.o)
                0x0000000000001604                _xtimer_set
 .text._xtimer_set64
                0x00000000000016c8       0xf8 /home/fox/git/RIOT/workspace/arduino_hello-world/bin/arduino-uno/xtimer.a(xtimer_core.o)
                0x00000000000016c8                _xtimer_set64
 .text._callback_unlock_mutex
                0x00000000000017c0        0x4 /home/fox/git/RIOT/workspace/arduino_hello-world/bin/arduino-uno/xtimer.a(xtimer.o)
 .text._xtimer_spin
                0x00000000000017c4       0x5a /home/fox/git/RIOT/workspace/arduino_hello-world/bin/arduino-uno/xtimer.a(xtimer.o)
 .text._xtimer_tsleep
                0x000000000000181e       0xce /home/fox/git/RIOT/workspace/arduino_hello-world/bin/arduino-uno/xtimer.a(xtimer.o)
                0x000000000000181e                _xtimer_tsleep
 .text.pm_off   0x00000000000018ec        0x6 /home/fox/git/RIOT/workspace/arduino_hello-world/bin/arduino-uno/periph_common.a(pm.o)
                0x00000000000018ec                pm_off
 .text.pm_set_lowest
                0x00000000000018f2        0x2 /home/fox/git/RIOT/workspace/arduino_hello-world/bin/arduino-uno/periph_common.a(pm.o)
                0x00000000000018f2                pm_set_lowest
 .text.__enter_thread_mode
                0x00000000000018f4       0x5a /home/fox/git/RIOT/workspace/arduino_hello-world/bin/arduino-uno/atmega_common.a(thread_arch.o)
 .text.thread_stack_init
                0x000000000000194e       0x5a /home/fox/git/RIOT/workspace/arduino_hello-world/bin/arduino-uno/atmega_common.a(thread_arch.o)
                0x000000000000194e                thread_stack_init
 .text.cpu_switch_context_exit
                0x00000000000019a8        0x8 /home/fox/git/RIOT/workspace/arduino_hello-world/bin/arduino-uno/atmega_common.a(thread_arch.o)
                0x00000000000019a8                cpu_switch_context_exit
 .text.thread_yield_higher
                0x00000000000019b0       0xcc /home/fox/git/RIOT/workspace/arduino_hello-world/bin/arduino-uno/atmega_common.a(thread_arch.o)
                0x00000000000019b0                thread_yield_higher
 .text.thread_yield_isr
                0x0000000000001a7c       0xb4 /home/fox/git/RIOT/workspace/arduino_hello-world/bin/arduino-uno/atmega_common.a(thread_arch.o)
                0x0000000000001a7c                thread_yield_isr
 .text.cpu_init
                0x0000000000001b30       0x1c /home/fox/git/RIOT/workspace/arduino_hello-world/bin/arduino-uno/atmega_common.a(cpu.o)
                0x0000000000001b30                cpu_init
 .text.__vector_default
                0x0000000000001b4c       0x16 /home/fox/git/RIOT/workspace/arduino_hello-world/bin/arduino-uno/atmega_common.a(cpu.o)
                0x0000000000001b4c                __vector_default
 .text.auto_init
                0x0000000000001b62        0x4 /home/fox/git/RIOT/workspace/arduino_hello-world/bin/arduino-uno/auto_init.a(auto_init.o)
                0x0000000000001b62                auto_init
 .text._uart_getchar
                0x0000000000001b66       0x26 /home/fox/git/RIOT/workspace/arduino_hello-world/bin/arduino-uno/avr_libc_extra.a(atmega_stdio.o)
 .text._uart_putchar
                0x0000000000001b8c       0x24 /home/fox/git/RIOT/workspace/arduino_hello-world/bin/arduino-uno/avr_libc_extra.a(atmega_stdio.o)
 .text.atmega_stdio_init
                0x0000000000001bb0       0x20 /home/fox/git/RIOT/workspace/arduino_hello-world/bin/arduino-uno/avr_libc_extra.a(atmega_stdio.o)
                0x0000000000001bb0                atmega_stdio_init
 .text.led_init
                0x0000000000001bd0        0xc /home/fox/git/RIOT/workspace/arduino_hello-world/bin/arduino-uno/boards_common_arduino-atmega.a(led_init.o)
                0x0000000000001bd0                led_init
 .text._mutex_lock
                0x0000000000001bdc       0x8c /home/fox/git/RIOT/workspace/arduino_hello-world/bin/arduino-uno/core.a(mutex.o)
                0x0000000000001bdc                _mutex_lock
 .text.mutex_unlock
                0x0000000000001c68       0x84 /home/fox/git/RIOT/workspace/arduino_hello-world/bin/arduino-uno/core.a(mutex.o)
                0x0000000000001c68                mutex_unlock
 .text.stdio_init
                0x0000000000001cec       0x22 /home/fox/git/RIOT/workspace/arduino_hello-world/bin/arduino-uno/stdio_uart.a(stdio_uart.o)
                0x0000000000001cec                stdio_init
 .text.stdio_read
                0x0000000000001d0e        0xc /home/fox/git/RIOT/workspace/arduino_hello-world/bin/arduino-uno/stdio_uart.a(stdio_uart.o)
                0x0000000000001d0e                stdio_read
 .text.stdio_write
                0x0000000000001d1a       0x1a /home/fox/git/RIOT/workspace/arduino_hello-world/bin/arduino-uno/stdio_uart.a(stdio_uart.o)
                0x0000000000001d1a                stdio_write
 .text.periph_init
                0x0000000000001d34        0x2 /home/fox/git/RIOT/workspace/arduino_hello-world/bin/arduino-uno/periph_common.a(init.o)
                0x0000000000001d34                periph_init
 .text.isrpipe_write_one
                0x0000000000001d36       0x24 /home/fox/git/RIOT/workspace/arduino_hello-world/bin/arduino-uno/isrpipe.a(isrpipe.o)
                0x0000000000001d36                isrpipe_write_one
 .text.isrpipe_read
                0x0000000000001d5a       0x4a /home/fox/git/RIOT/workspace/arduino_hello-world/bin/arduino-uno/isrpipe.a(isrpipe.o)
                0x0000000000001d5a                isrpipe_read
 .text._pop     0x0000000000001da4       0x36 /home/fox/git/RIOT/workspace/arduino_hello-world/bin/arduino-uno/tsrb.a(tsrb.o)
 .text.tsrb_get
                0x0000000000001dda       0x54 /home/fox/git/RIOT/workspace/arduino_hello-world/bin/arduino-uno/tsrb.a(tsrb.o)
                0x0000000000001dda                tsrb_get
 .text.tsrb_add_one
                0x0000000000001e2e       0x58 /home/fox/git/RIOT/workspace/arduino_hello-world/bin/arduino-uno/tsrb.a(tsrb.o)
                0x0000000000001e2e                tsrb_add_one
 .text.libgcc.div
                0x0000000000001e86       0x44 /usr/lib/gcc/avr/5.4.0/avr5/libgcc.a(_udivmodsi4.o)
                0x0000000000001e86                __udivmodsi4
 .text.libgcc.mul
                0x0000000000001eca       0x16 /usr/lib/gcc/avr/5.4.0/avr5/libgcc.a(_muluhisi3.o)
                0x0000000000001eca                __muluhisi3
 .text.libgcc   0x0000000000001ee0        0xc /usr/lib/gcc/avr/5.4.0/avr5/libgcc.a(_tablejump2.o)
                0x0000000000001ee0                __tablejump2__
 .text.libgcc.mul
                0x0000000000001eec       0x1e /usr/lib/gcc/avr/5.4.0/avr5/libgcc.a(_umulhisi3.o)
                0x0000000000001eec                __umulhisi3
 .text.avr-libc
                0x0000000000001f0a       0x12 /usr/lib/gcc/avr/5.4.0/../../../avr/lib/avr5/libc.a(strlen.o)
                0x0000000000001f0a                strlen
 .text.avr-libc
                0x0000000000001f1c       0x2c /usr/lib/gcc/avr/5.4.0/../../../avr/lib/avr5/libc.a(printf.o)
                0x0000000000001f1c                printf
 .text.avr-libc
                0x0000000000001f48       0x60 /usr/lib/gcc/avr/5.4.0/../../../avr/lib/avr5/libc.a(puts.o)
                0x0000000000001f48                puts
 .text.avr-libc
                0x0000000000001fa8      0x3c2 /usr/lib/gcc/avr/5.4.0/../../../avr/lib/avr5/libc.a(vfprintf_std.o)
                0x0000000000001fa8                vfprintf
 .text.avr-libc
                0x000000000000236a       0x16 /usr/lib/gcc/avr/5.4.0/../../../avr/lib/avr5/libc.a(strnlen_P.o)
                0x000000000000236a                strnlen_P
 .text.avr-libc
                0x0000000000002380       0x16 /usr/lib/gcc/avr/5.4.0/../../../avr/lib/avr5/libc.a(strnlen.o)
                0x0000000000002380                strnlen
 .text.avr-libc
                0x0000000000002396       0x78 /usr/lib/gcc/avr/5.4.0/../../../avr/lib/avr5/libc.a(fputc.o)
                0x0000000000002396                fputc
 .text.avr-libc
                0x000000000000240e       0xbc /usr/lib/gcc/avr/5.4.0/../../../avr/lib/avr5/libc.a(ultoa_invert.o)
                0x000000000000240e                __ultoa_invert
 .text.libgcc.prologue
                0x00000000000024ca       0x38 /usr/lib/gcc/avr/5.4.0/avr5/libgcc.a(_prologue.o)
                0x00000000000024ca                __prologue_saves__
 .text.libgcc.prologue
                0x0000000000002502       0x36 /usr/lib/gcc/avr/5.4.0/avr5/libgcc.a(_epilogue.o)
                0x0000000000002502                __epilogue_restores__
                0x0000000000002538                . = ALIGN (0x2)
 *(.fini9)
 .fini9         0x0000000000002538        0x0 /usr/lib/gcc/avr/5.4.0/avr5/libgcc.a(_exit.o)
                0x0000000000002538                exit
                0x0000000000002538                _exit
 *(.fini9)
 *(.fini8)
 *(.fini8)
 *(.fini7)
 *(.fini7)
 *(.fini6)
 *(.fini6)
 *(.fini5)
 *(.fini5)
 *(.fini4)
 *(.fini4)
 *(.fini3)
 *(.fini3)
 *(.fini2)
 *(.fini2)
 *(.fini1)
 *(.fini1)
 *(.fini0)
 .fini0         0x0000000000002538        0x4 /usr/lib/gcc/avr/5.4.0/avr5/libgcc.a(_exit.o)
 *(.fini0)
                0x000000000000253c                _etext = .

.data           0x0000000000800100      0x102 load address 0x000000000000253c
                0x0000000000800100                PROVIDE (__data_start, .)
 *(.data)
 *(.data*)
 .data.ledPin   0x0000000000800100        0x2 /home/fox/git/RIOT/workspace/arduino_hello-world/bin/arduino-uno/application_arduino_hello-world.a(_sketches.o)
                0x0000000000800100                ledPin
 .data.ctx      0x0000000000800102        0xc /home/fox/git/RIOT/workspace/arduino_hello-world/bin/arduino-uno/atmega_common_periph.a(timer.o)
 .data.idle_name
                0x000000000080010e        0x2 /home/fox/git/RIOT/workspace/arduino_hello-world/bin/arduino-uno/core.a(kernel_init.o)
                0x000000000080010e                idle_name
 .data.main_name
                0x0000000000800110        0x2 /home/fox/git/RIOT/workspace/arduino_hello-world/bin/arduino-uno/core.a(kernel_init.o)
                0x0000000000800110                main_name
 .data._uart_stdin
                0x0000000000800112        0xe /home/fox/git/RIOT/workspace/arduino_hello-world/bin/arduino-uno/avr_libc_extra.a(atmega_stdio.o)
 .data._uart_stdout
                0x0000000000800120        0xe /home/fox/git/RIOT/workspace/arduino_hello-world/bin/arduino-uno/avr_libc_extra.a(atmega_stdio.o)
 .data.stdio_uart_isrpipe
                0x000000000080012e        0xa /home/fox/git/RIOT/workspace/arduino_hello-world/bin/arduino-uno/stdio_uart.a(stdio_uart.o)
                0x000000000080012e                stdio_uart_isrpipe
 *(.rodata)
 *(.rodata*)
 .rodata.str1.1
                0x0000000000800138       0x16 /home/fox/git/RIOT/workspace/arduino_hello-world/bin/arduino-uno/application_arduino_hello-world.a(_sketches.o)
 .rodata._ZL14arduino_pinmap
                0x000000000080014e       0x14 /home/fox/git/RIOT/workspace/arduino_hello-world/bin/arduino-uno/arduino.a(base.o)
 .rodata.str1.1
                0x0000000000800162       0x11 /home/fox/git/RIOT/workspace/arduino_hello-world/bin/arduino-uno/arduino.a(serialport.o)
 .rodata.prescalers
                0x0000000000800173        0x5 /home/fox/git/RIOT/workspace/arduino_hello-world/bin/arduino-uno/atmega_common_periph.a(timer.o)
 .rodata.str1.1
                0x0000000000800178       0x41 /home/fox/git/RIOT/workspace/arduino_hello-world/bin/arduino-uno/core.a(panic.o)
 .rodata.assert_crash_message
                0x00000000008001b9       0x12 /home/fox/git/RIOT/workspace/arduino_hello-world/bin/arduino-uno/core.a(panic.o)
                0x00000000008001b9                assert_crash_message
 .rodata.str1.1
                0x00000000008001cb       0x34 /home/fox/git/RIOT/workspace/arduino_hello-world/bin/arduino-uno/core.a(kernel_init.o)
 .rodata.str1.1
                0x00000000008001ff        0x2 /home/fox/git/RIOT/workspace/arduino_hello-world/bin/arduino-uno/avr_libc_extra.a(atmega_stdio.o)
 *(.gnu.linkonce.d*)
                0x0000000000800202                . = ALIGN (0x2)
 *fill*         0x0000000000800201        0x1 
                0x0000000000800202                _edata = .
                0x0000000000800202                PROVIDE (__data_end, .)

.bss            0x0000000000800202      0x4e1
                0x0000000000800202                PROVIDE (__bss_start, .)
 *(.bss)
 *(.bss*)
 .bss.count     0x0000000000800202        0x2 /home/fox/git/RIOT/workspace/arduino_hello-world/bin/arduino-uno/application_arduino_hello-world.a(_sketches.o)
                0x0000000000800202                count
 .bss.buf       0x0000000000800204       0x80 /home/fox/git/RIOT/workspace/arduino_hello-world/bin/arduino-uno/application_arduino_hello-world.a(_sketches.o)
                0x0000000000800204                buf
 .bss._ZL6Serial
                0x0000000000800284       0x4a /home/fox/git/RIOT/workspace/arduino_hello-world/bin/arduino-uno/application_arduino_hello-world.a(_sketches.o)
 .bss._ZL6Serial
                0x00000000008002ce       0x4a /home/fox/git/RIOT/workspace/arduino_hello-world/bin/arduino-uno/arduino.a(base.o)
 .bss.__in_isr  0x0000000000800318        0x1 /home/fox/git/RIOT/workspace/arduino_hello-world/bin/arduino-uno/atmega_common.a(irq_arch.o)
                0x0000000000800318                __in_isr
 .bss.isr_ctx   0x0000000000800319        0x4 /home/fox/git/RIOT/workspace/arduino_hello-world/bin/arduino-uno/atmega_common_periph.a(uart.o)
 .bss.crashed   0x000000000080031d        0x2 /home/fox/git/RIOT/workspace/arduino_hello-world/bin/arduino-uno/core.a(panic.o)
 .bss.runqueue_bitcache
                0x000000000080031f        0x4 /home/fox/git/RIOT/workspace/arduino_hello-world/bin/arduino-uno/core.a(sched.o)
 .bss.sched_runqueues
                0x0000000000800323       0x20 /home/fox/git/RIOT/workspace/arduino_hello-world/bin/arduino-uno/core.a(sched.o)
                0x0000000000800323                sched_runqueues
 .bss.sched_active_pid
                0x0000000000800343        0x2 /home/fox/git/RIOT/workspace/arduino_hello-world/bin/arduino-uno/core.a(sched.o)
                0x0000000000800343                sched_active_pid
 .bss.sched_active_thread
                0x0000000000800345        0x2 /home/fox/git/RIOT/workspace/arduino_hello-world/bin/arduino-uno/core.a(sched.o)
                0x0000000000800345                sched_active_thread
 .bss.sched_threads
                0x0000000000800347       0x42 /home/fox/git/RIOT/workspace/arduino_hello-world/bin/arduino-uno/core.a(sched.o)
                0x0000000000800347                sched_threads
 .bss.sched_context_switch_request
                0x0000000000800389        0x2 /home/fox/git/RIOT/workspace/arduino_hello-world/bin/arduino-uno/core.a(sched.o)
                0x0000000000800389                sched_context_switch_request
 .bss.sched_num_threads
                0x000000000080038b        0x2 /home/fox/git/RIOT/workspace/arduino_hello-world/bin/arduino-uno/core.a(sched.o)
                0x000000000080038b                sched_num_threads
 .bss.idle_stack
                0x000000000080038d       0x80 /home/fox/git/RIOT/workspace/arduino_hello-world/bin/arduino-uno/core.a(kernel_init.o)
 .bss.main_stack
                0x000000000080040d      0x280 /home/fox/git/RIOT/workspace/arduino_hello-world/bin/arduino-uno/core.a(kernel_init.o)
 .bss.long_list_head
                0x000000000080068d        0x2 /home/fox/git/RIOT/workspace/arduino_hello-world/bin/arduino-uno/xtimer.a(xtimer_core.o)
 .bss.overflow_list_head
                0x000000000080068f        0x2 /home/fox/git/RIOT/workspace/arduino_hello-world/bin/arduino-uno/xtimer.a(xtimer_core.o)
 .bss.timer_list_head
                0x0000000000800691        0x2 /home/fox/git/RIOT/workspace/arduino_hello-world/bin/arduino-uno/xtimer.a(xtimer_core.o)
 .bss._xtimer_high_cnt
                0x0000000000800693        0x4 /home/fox/git/RIOT/workspace/arduino_hello-world/bin/arduino-uno/xtimer.a(xtimer_core.o)
                0x0000000000800693                _xtimer_high_cnt
 .bss._long_cnt
                0x0000000000800697        0x4 /home/fox/git/RIOT/workspace/arduino_hello-world/bin/arduino-uno/xtimer.a(xtimer_core.o)
 .bss._in_handler
                0x000000000080069b        0x2 /home/fox/git/RIOT/workspace/arduino_hello-world/bin/arduino-uno/xtimer.a(xtimer_core.o)
 .bss._rx_buf_mem
                0x000000000080069d       0x40 /home/fox/git/RIOT/workspace/arduino_hello-world/bin/arduino-uno/stdio_uart.a(stdio_uart.o)
 *(COMMON)
 COMMON         0x00000000008006dd        0x6 /usr/lib/gcc/avr/5.4.0/../../../avr/lib/avr5/libc.a(iob.o)
                0x00000000008006dd                __iob
                0x00000000008006e3                PROVIDE (__bss_end, .)
                0x000000000000253c                __data_load_start = LOADADDR (.data)
                0x000000000000263e                __data_load_end = (__data_load_start + SIZEOF (.data))

.noinit         0x00000000008006e3        0x2
                [!provide]                        PROVIDE (__noinit_start, .)
 *(.noinit*)
 .noinit        0x00000000008006e3        0x2 /home/fox/git/RIOT/workspace/arduino_hello-world/bin/arduino-uno/atmega_common.a(cpu.o)
                0x00000000008006e3                soft_rst
                0x00000000008006e4                mcusr_mirror
                [!provide]                        PROVIDE (__noinit_end, .)
                0x00000000008006e5                _end = .
                [!provide]                        PROVIDE (__heap_start, .)

.eeprom         0x0000000000810000        0x0
 *(.eeprom*)
                0x0000000000810000                __eeprom_end = .

.fuse
 *(.fuse)
 *(.lfuse)
 *(.hfuse)
 *(.efuse)

.lock
 *(.lock*)

.signature
 *(.signature*)

.user_signatures
 *(.user_signatures*)

.stab
 *(.stab)

.stabstr
 *(.stabstr)

.stab.excl
 *(.stab.excl)

.stab.exclstr
 *(.stab.exclstr)

.stab.index
 *(.stab.index)

.stab.indexstr
 *(.stab.indexstr)

.comment        0x0000000000000000       0x11
 *(.comment)
 .comment       0x0000000000000000       0x11 /home/fox/git/RIOT/workspace/arduino_hello-world/bin/arduino-uno/application_arduino_hello-world.a(_sketches.o)
                                         0x12 (size before relaxing)
 .comment       0x0000000000000011       0x12 /home/fox/git/RIOT/workspace/arduino_hello-world/bin/arduino-uno/arduino.a(base.o)
 .comment       0x0000000000000011       0x12 /home/fox/git/RIOT/workspace/arduino_hello-world/bin/arduino-uno/arduino.a(serialport.o)
 .comment       0x0000000000000011       0x12 /home/fox/git/RIOT/workspace/arduino_hello-world/bin/arduino-uno/atmega_common.a(irq_arch.o)
 .comment       0x0000000000000011       0x12 /home/fox/git/RIOT/workspace/arduino_hello-world/bin/arduino-uno/atmega_common.a(startup.o)
 .comment       0x0000000000000011       0x12 /home/fox/git/RIOT/workspace/arduino_hello-world/bin/arduino-uno/atmega_common_periph.a(uart.o)
 .comment       0x0000000000000011       0x12 /home/fox/git/RIOT/workspace/arduino_hello-world/bin/arduino-uno/atmega_common_periph.a(gpio.o)
 .comment       0x0000000000000011       0x12 /home/fox/git/RIOT/workspace/arduino_hello-world/bin/arduino-uno/atmega_common_periph.a(timer.o)
 .comment       0x0000000000000011       0x12 /home/fox/git/RIOT/workspace/arduino_hello-world/bin/arduino-uno/boards_common_atmega.a(board.o)
 .comment       0x0000000000000011       0x12 /home/fox/git/RIOT/workspace/arduino_hello-world/bin/arduino-uno/core.a(panic.o)
 .comment       0x0000000000000011       0x12 /home/fox/git/RIOT/workspace/arduino_hello-world/bin/arduino-uno/core.a(sched.o)
 .comment       0x0000000000000011       0x12 /home/fox/git/RIOT/workspace/arduino_hello-world/bin/arduino-uno/core.a(ringbuffer.o)
 .comment       0x0000000000000011       0x12 /home/fox/git/RIOT/workspace/arduino_hello-world/bin/arduino-uno/core.a(kernel_init.o)
 .comment       0x0000000000000011       0x12 /home/fox/git/RIOT/workspace/arduino_hello-world/bin/arduino-uno/core.a(thread.o)
 .comment       0x0000000000000011       0x12 /home/fox/git/RIOT/workspace/arduino_hello-world/bin/arduino-uno/xtimer.a(xtimer_core.o)
 .comment       0x0000000000000011       0x12 /home/fox/git/RIOT/workspace/arduino_hello-world/bin/arduino-uno/xtimer.a(xtimer.o)
 .comment       0x0000000000000011       0x12 /home/fox/git/RIOT/workspace/arduino_hello-world/bin/arduino-uno/periph_common.a(pm.o)
 .comment       0x0000000000000011       0x12 /home/fox/git/RIOT/workspace/arduino_hello-world/bin/arduino-uno/atmega_common.a(thread_arch.o)
 .comment       0x0000000000000011       0x12 /home/fox/git/RIOT/workspace/arduino_hello-world/bin/arduino-uno/atmega_common.a(cpu.o)
 .comment       0x0000000000000011       0x12 /home/fox/git/RIOT/workspace/arduino_hello-world/bin/arduino-uno/auto_init.a(auto_init.o)
 .comment       0x0000000000000011       0x12 /home/fox/git/RIOT/workspace/arduino_hello-world/bin/arduino-uno/avr_libc_extra.a(atmega_stdio.o)
 .comment       0x0000000000000011       0x12 /home/fox/git/RIOT/workspace/arduino_hello-world/bin/arduino-uno/boards_common_arduino-atmega.a(led_init.o)
 .comment       0x0000000000000011       0x12 /home/fox/git/RIOT/workspace/arduino_hello-world/bin/arduino-uno/core.a(mutex.o)
 .comment       0x0000000000000011       0x12 /home/fox/git/RIOT/workspace/arduino_hello-world/bin/arduino-uno/stdio_uart.a(stdio_uart.o)
 .comment       0x0000000000000011       0x12 /home/fox/git/RIOT/workspace/arduino_hello-world/bin/arduino-uno/periph_common.a(init.o)
 .comment       0x0000000000000011       0x12 /home/fox/git/RIOT/workspace/arduino_hello-world/bin/arduino-uno/isrpipe.a(isrpipe.o)
 .comment       0x0000000000000011       0x12 /home/fox/git/RIOT/workspace/arduino_hello-world/bin/arduino-uno/tsrb.a(tsrb.o)
 .comment       0x0000000000000011       0x12 /usr/lib/gcc/avr/5.4.0/../../../avr/lib/avr5/libc.a(iob.o)
 .comment       0x0000000000000011       0x12 /usr/lib/gcc/avr/5.4.0/../../../avr/lib/avr5/libc.a(printf.o)
 .comment       0x0000000000000011       0x12 /usr/lib/gcc/avr/5.4.0/../../../avr/lib/avr5/libc.a(puts.o)
 .comment       0x0000000000000011       0x12 /usr/lib/gcc/avr/5.4.0/../../../avr/lib/avr5/libc.a(vfprintf_std.o)
 .comment       0x0000000000000011       0x12 /usr/lib/gcc/avr/5.4.0/../../../avr/lib/avr5/libc.a(fputc.o)

.note.gnu.avr.deviceinfo
                0x0000000000000000       0x40
 .note.gnu.avr.deviceinfo
                0x0000000000000000       0x40 /usr/lib/gcc/avr/5.4.0/../../../avr/lib/avr5/crtatmega328p.o

.note.gnu.build-id
 *(.note.gnu.build-id)

.debug
 *(.debug)

.line
 *(.line)

.debug_srcinfo
 *(.debug_srcinfo)

.debug_sfnames
 *(.debug_sfnames)

.debug_aranges  0x0000000000000000      0x738
 *(.debug_aranges)
 .debug_aranges
                0x0000000000000000       0x38 /home/fox/git/RIOT/workspace/arduino_hello-world/bin/arduino-uno/application_arduino_hello-world.a(_sketches.o)
 .debug_aranges
                0x0000000000000038       0x58 /home/fox/git/RIOT/workspace/arduino_hello-world/bin/arduino-uno/arduino.a(base.o)
 .debug_aranges
                0x0000000000000090       0xc0 /home/fox/git/RIOT/workspace/arduino_hello-world/bin/arduino-uno/arduino.a(serialport.o)
 .debug_aranges
                0x0000000000000150       0x38 /home/fox/git/RIOT/workspace/arduino_hello-world/bin/arduino-uno/atmega_common.a(irq_arch.o)
 .debug_aranges
                0x0000000000000188       0x30 /home/fox/git/RIOT/workspace/arduino_hello-world/bin/arduino-uno/atmega_common.a(startup.o)
 .debug_aranges
                0x00000000000001b8       0x38 /home/fox/git/RIOT/workspace/arduino_hello-world/bin/arduino-uno/atmega_common_periph.a(uart.o)
 .debug_aranges
                0x00000000000001f0       0x48 /home/fox/git/RIOT/workspace/arduino_hello-world/bin/arduino-uno/atmega_common_periph.a(gpio.o)
 .debug_aranges
                0x0000000000000238       0x60 /home/fox/git/RIOT/workspace/arduino_hello-world/bin/arduino-uno/atmega_common_periph.a(timer.o)
 .debug_aranges
                0x0000000000000298       0x20 /home/fox/git/RIOT/workspace/arduino_hello-world/bin/arduino-uno/boards_common_atmega.a(board.o)
 .debug_aranges
                0x00000000000002b8       0x28 /home/fox/git/RIOT/workspace/arduino_hello-world/bin/arduino-uno/core.a(panic.o)
 .debug_aranges
                0x00000000000002e0       0x38 /home/fox/git/RIOT/workspace/arduino_hello-world/bin/arduino-uno/core.a(sched.o)
 .debug_aranges
                0x0000000000000318       0x50 /home/fox/git/RIOT/workspace/arduino_hello-world/bin/arduino-uno/core.a(ringbuffer.o)
 .debug_aranges
                0x0000000000000368       0x30 /home/fox/git/RIOT/workspace/arduino_hello-world/bin/arduino-uno/core.a(kernel_init.o)
 .debug_aranges
                0x0000000000000398       0x60 /home/fox/git/RIOT/workspace/arduino_hello-world/bin/arduino-uno/core.a(thread.o)
 .debug_aranges
                0x00000000000003f8       0x80 /home/fox/git/RIOT/workspace/arduino_hello-world/bin/arduino-uno/xtimer.a(xtimer_core.o)
 .debug_aranges
                0x0000000000000478       0x98 /home/fox/git/RIOT/workspace/arduino_hello-world/bin/arduino-uno/xtimer.a(xtimer.o)
 .debug_aranges
                0x0000000000000510       0x28 /home/fox/git/RIOT/workspace/arduino_hello-world/bin/arduino-uno/periph_common.a(pm.o)
 .debug_aranges
                0x0000000000000538       0x48 /home/fox/git/RIOT/workspace/arduino_hello-world/bin/arduino-uno/atmega_common.a(thread_arch.o)
 .debug_aranges
                0x0000000000000580       0x38 /home/fox/git/RIOT/workspace/arduino_hello-world/bin/arduino-uno/atmega_common.a(cpu.o)
 .debug_aranges
                0x00000000000005b8       0x20 /home/fox/git/RIOT/workspace/arduino_hello-world/bin/arduino-uno/auto_init.a(auto_init.o)
 .debug_aranges
                0x00000000000005d8       0x30 /home/fox/git/RIOT/workspace/arduino_hello-world/bin/arduino-uno/avr_libc_extra.a(atmega_stdio.o)
 .debug_aranges
                0x0000000000000608       0x20 /home/fox/git/RIOT/workspace/arduino_hello-world/bin/arduino-uno/boards_common_arduino-atmega.a(led_init.o)
 .debug_aranges
                0x0000000000000628       0x30 /home/fox/git/RIOT/workspace/arduino_hello-world/bin/arduino-uno/core.a(mutex.o)
 .debug_aranges
                0x0000000000000658       0x30 /home/fox/git/RIOT/workspace/arduino_hello-world/bin/arduino-uno/stdio_uart.a(stdio_uart.o)
 .debug_aranges
                0x0000000000000688       0x20 /home/fox/git/RIOT/workspace/arduino_hello-world/bin/arduino-uno/periph_common.a(init.o)
 .debug_aranges
                0x00000000000006a8       0x48 /home/fox/git/RIOT/workspace/arduino_hello-world/bin/arduino-uno/isrpipe.a(isrpipe.o)
 .debug_aranges
                0x00000000000006f0       0x48 /home/fox/git/RIOT/workspace/arduino_hello-world/bin/arduino-uno/tsrb.a(tsrb.o)

.debug_pubnames
 *(.debug_pubnames)

.debug_info     0x0000000000000000     0xb8c3
 *(.debug_info .gnu.linkonce.wi.*)
 .debug_info    0x0000000000000000      0x5f4 /usr/lib/gcc/avr/5.4.0/../../../avr/lib/avr5/crtatmega328p.o
 .debug_info    0x00000000000005f4      0x93b /home/fox/git/RIOT/workspace/arduino_hello-world/bin/arduino-uno/application_arduino_hello-world.a(_sketches.o)
 .debug_info    0x0000000000000f2f      0xcbd /home/fox/git/RIOT/workspace/arduino_hello-world/bin/arduino-uno/arduino.a(base.o)
 .debug_info    0x0000000000001bec     0x10c4 /home/fox/git/RIOT/workspace/arduino_hello-world/bin/arduino-uno/arduino.a(serialport.o)
 .debug_info    0x0000000000002cb0      0x20c /home/fox/git/RIOT/workspace/arduino_hello-world/bin/arduino-uno/atmega_common.a(irq_arch.o)
 .debug_info    0x0000000000002ebc      0x276 /home/fox/git/RIOT/workspace/arduino_hello-world/bin/arduino-uno/atmega_common.a(startup.o)
 .debug_info    0x0000000000003132      0x5e1 /home/fox/git/RIOT/workspace/arduino_hello-world/bin/arduino-uno/atmega_common_periph.a(uart.o)
 .debug_info    0x0000000000003713      0x699 /home/fox/git/RIOT/workspace/arduino_hello-world/bin/arduino-uno/atmega_common_periph.a(gpio.o)
 .debug_info    0x0000000000003dac      0x7fe /home/fox/git/RIOT/workspace/arduino_hello-world/bin/arduino-uno/atmega_common_periph.a(timer.o)
 .debug_info    0x00000000000045aa      0x2f5 /home/fox/git/RIOT/workspace/arduino_hello-world/bin/arduino-uno/boards_common_atmega.a(board.o)
 .debug_info    0x000000000000489f      0x28f /home/fox/git/RIOT/workspace/arduino_hello-world/bin/arduino-uno/core.a(panic.o)
 .debug_info    0x0000000000004b2e      0x5e5 /home/fox/git/RIOT/workspace/arduino_hello-world/bin/arduino-uno/core.a(sched.o)
 .debug_info    0x0000000000005113      0x4f0 /home/fox/git/RIOT/workspace/arduino_hello-world/bin/arduino-uno/core.a(ringbuffer.o)
 .debug_info    0x0000000000005603      0x344 /home/fox/git/RIOT/workspace/arduino_hello-world/bin/arduino-uno/core.a(kernel_init.o)
 .debug_info    0x0000000000005947      0x9bf /home/fox/git/RIOT/workspace/arduino_hello-world/bin/arduino-uno/core.a(thread.o)
 .debug_info    0x0000000000006306     0x1319 /home/fox/git/RIOT/workspace/arduino_hello-world/bin/arduino-uno/xtimer.a(xtimer_core.o)
 .debug_info    0x000000000000761f     0x1307 /home/fox/git/RIOT/workspace/arduino_hello-world/bin/arduino-uno/xtimer.a(xtimer.o)
 .debug_info    0x0000000000008926      0x132 /home/fox/git/RIOT/workspace/arduino_hello-world/bin/arduino-uno/periph_common.a(pm.o)
 .debug_info    0x0000000000008a58      0x676 /home/fox/git/RIOT/workspace/arduino_hello-world/bin/arduino-uno/atmega_common.a(thread_arch.o)
 .debug_info    0x00000000000090ce      0x538 /home/fox/git/RIOT/workspace/arduino_hello-world/bin/arduino-uno/atmega_common.a(cpu.o)
 .debug_info    0x0000000000009606      0x419 /home/fox/git/RIOT/workspace/arduino_hello-world/bin/arduino-uno/auto_init.a(auto_init.o)
 .debug_info    0x0000000000009a1f      0x433 /home/fox/git/RIOT/workspace/arduino_hello-world/bin/arduino-uno/avr_libc_extra.a(atmega_stdio.o)
 .debug_info    0x0000000000009e52      0x26f /home/fox/git/RIOT/workspace/arduino_hello-world/bin/arduino-uno/boards_common_arduino-atmega.a(led_init.o)
 .debug_info    0x000000000000a0c1      0x621 /home/fox/git/RIOT/workspace/arduino_hello-world/bin/arduino-uno/core.a(mutex.o)
 .debug_info    0x000000000000a6e2      0x493 /home/fox/git/RIOT/workspace/arduino_hello-world/bin/arduino-uno/stdio_uart.a(stdio_uart.o)
 .debug_info    0x000000000000ab75       0x40 /home/fox/git/RIOT/workspace/arduino_hello-world/bin/arduino-uno/periph_common.a(init.o)
 .debug_info    0x000000000000abb5      0x92e /home/fox/git/RIOT/workspace/arduino_hello-world/bin/arduino-uno/isrpipe.a(isrpipe.o)
 .debug_info    0x000000000000b4e3      0x3e0 /home/fox/git/RIOT/workspace/arduino_hello-world/bin/arduino-uno/tsrb.a(tsrb.o)

.debug_abbrev   0x0000000000000000     0x3fa2
 *(.debug_abbrev)
 .debug_abbrev  0x0000000000000000      0x5a2 /usr/lib/gcc/avr/5.4.0/../../../avr/lib/avr5/crtatmega328p.o
 .debug_abbrev  0x00000000000005a2      0x319 /home/fox/git/RIOT/workspace/arduino_hello-world/bin/arduino-uno/application_arduino_hello-world.a(_sketches.o)
 .debug_abbrev  0x00000000000008bb      0x387 /home/fox/git/RIOT/workspace/arduino_hello-world/bin/arduino-uno/arduino.a(base.o)
 .debug_abbrev  0x0000000000000c42      0x35d /home/fox/git/RIOT/workspace/arduino_hello-world/bin/arduino-uno/arduino.a(serialport.o)
 .debug_abbrev  0x0000000000000f9f      0x14e /home/fox/git/RIOT/workspace/arduino_hello-world/bin/arduino-uno/atmega_common.a(irq_arch.o)
 .debug_abbrev  0x00000000000010ed      0x139 /home/fox/git/RIOT/workspace/arduino_hello-world/bin/arduino-uno/atmega_common.a(startup.o)
 .debug_abbrev  0x0000000000001226      0x28c /home/fox/git/RIOT/workspace/arduino_hello-world/bin/arduino-uno/atmega_common_periph.a(uart.o)
 .debug_abbrev  0x00000000000014b2      0x225 /home/fox/git/RIOT/workspace/arduino_hello-world/bin/arduino-uno/atmega_common_periph.a(gpio.o)
 .debug_abbrev  0x00000000000016d7      0x2cb /home/fox/git/RIOT/workspace/arduino_hello-world/bin/arduino-uno/atmega_common_periph.a(timer.o)
 .debug_abbrev  0x00000000000019a2      0x162 /home/fox/git/RIOT/workspace/arduino_hello-world/bin/arduino-uno/boards_common_atmega.a(board.o)
 .debug_abbrev  0x0000000000001b04      0x178 /home/fox/git/RIOT/workspace/arduino_hello-world/bin/arduino-uno/core.a(panic.o)
 .debug_abbrev  0x0000000000001c7c      0x289 /home/fox/git/RIOT/workspace/arduino_hello-world/bin/arduino-uno/core.a(sched.o)
 .debug_abbrev  0x0000000000001f05      0x1b4 /home/fox/git/RIOT/workspace/arduino_hello-world/bin/arduino-uno/core.a(ringbuffer.o)
 .debug_abbrev  0x00000000000020b9      0x18c /home/fox/git/RIOT/workspace/arduino_hello-world/bin/arduino-uno/core.a(kernel_init.o)
 .debug_abbrev  0x0000000000002245      0x2c1 /home/fox/git/RIOT/workspace/arduino_hello-world/bin/arduino-uno/core.a(thread.o)
 .debug_abbrev  0x0000000000002506      0x4e7 /home/fox/git/RIOT/workspace/arduino_hello-world/bin/arduino-uno/xtimer.a(xtimer_core.o)
 .debug_abbrev  0x00000000000029ed      0x3db /home/fox/git/RIOT/workspace/arduino_hello-world/bin/arduino-uno/xtimer.a(xtimer.o)
 .debug_abbrev  0x0000000000002dc8       0xca /home/fox/git/RIOT/workspace/arduino_hello-world/bin/arduino-uno/periph_common.a(pm.o)
 .debug_abbrev  0x0000000000002e92      0x281 /home/fox/git/RIOT/workspace/arduino_hello-world/bin/arduino-uno/atmega_common.a(thread_arch.o)
 .debug_abbrev  0x0000000000003113      0x215 /home/fox/git/RIOT/workspace/arduino_hello-world/bin/arduino-uno/atmega_common.a(cpu.o)
 .debug_abbrev  0x0000000000003328      0x153 /home/fox/git/RIOT/workspace/arduino_hello-world/bin/arduino-uno/auto_init.a(auto_init.o)
 .debug_abbrev  0x000000000000347b      0x1f3 /home/fox/git/RIOT/workspace/arduino_hello-world/bin/arduino-uno/avr_libc_extra.a(atmega_stdio.o)
 .debug_abbrev  0x000000000000366e      0x128 /home/fox/git/RIOT/workspace/arduino_hello-world/bin/arduino-uno/boards_common_arduino-atmega.a(led_init.o)
 .debug_abbrev  0x0000000000003796      0x211 /home/fox/git/RIOT/workspace/arduino_hello-world/bin/arduino-uno/core.a(mutex.o)
 .debug_abbrev  0x00000000000039a7      0x1ce /home/fox/git/RIOT/workspace/arduino_hello-world/bin/arduino-uno/stdio_uart.a(stdio_uart.o)
 .debug_abbrev  0x0000000000003b75       0x2f /home/fox/git/RIOT/workspace/arduino_hello-world/bin/arduino-uno/periph_common.a(init.o)
 .debug_abbrev  0x0000000000003ba4      0x271 /home/fox/git/RIOT/workspace/arduino_hello-world/bin/arduino-uno/isrpipe.a(isrpipe.o)
 .debug_abbrev  0x0000000000003e15      0x18d /home/fox/git/RIOT/workspace/arduino_hello-world/bin/arduino-uno/tsrb.a(tsrb.o)

.debug_line     0x0000000000000000     0x988c
 *(.debug_line .debug_line.* .debug_line_end)
 .debug_line    0x0000000000000000       0x1a /usr/lib/gcc/avr/5.4.0/../../../avr/lib/avr5/crtatmega328p.o
 .debug_line    0x000000000000001a      0x646 /home/fox/git/RIOT/workspace/arduino_hello-world/bin/arduino-uno/application_arduino_hello-world.a(_sketches.o)
 .debug_line    0x0000000000000660      0x739 /home/fox/git/RIOT/workspace/arduino_hello-world/bin/arduino-uno/arduino.a(base.o)
 .debug_line    0x0000000000000d99      0x7b3 /home/fox/git/RIOT/workspace/arduino_hello-world/bin/arduino-uno/arduino.a(serialport.o)
 .debug_line    0x000000000000154c      0x434 /home/fox/git/RIOT/workspace/arduino_hello-world/bin/arduino-uno/atmega_common.a(irq_arch.o)
 .debug_line    0x0000000000001980      0x532 /home/fox/git/RIOT/workspace/arduino_hello-world/bin/arduino-uno/atmega_common.a(startup.o)
 .debug_line    0x0000000000001eb2      0x587 /home/fox/git/RIOT/workspace/arduino_hello-world/bin/arduino-uno/atmega_common_periph.a(uart.o)
 .debug_line    0x0000000000002439      0x5ba /home/fox/git/RIOT/workspace/arduino_hello-world/bin/arduino-uno/atmega_common_periph.a(gpio.o)
 .debug_line    0x00000000000029f3      0x6a6 /home/fox/git/RIOT/workspace/arduino_hello-world/bin/arduino-uno/atmega_common_periph.a(timer.o)
 .debug_line    0x0000000000003099      0x519 /home/fox/git/RIOT/workspace/arduino_hello-world/bin/arduino-uno/boards_common_atmega.a(board.o)
 .debug_line    0x00000000000035b2      0x4a5 /home/fox/git/RIOT/workspace/arduino_hello-world/bin/arduino-uno/core.a(panic.o)
 .debug_line    0x0000000000003a57      0x519 /home/fox/git/RIOT/workspace/arduino_hello-world/bin/arduino-uno/core.a(sched.o)
 .debug_line    0x0000000000003f70      0x30c /home/fox/git/RIOT/workspace/arduino_hello-world/bin/arduino-uno/core.a(ringbuffer.o)
 .debug_line    0x000000000000427c      0x4f1 /home/fox/git/RIOT/workspace/arduino_hello-world/bin/arduino-uno/core.a(kernel_init.o)
 .debug_line    0x000000000000476d      0x671 /home/fox/git/RIOT/workspace/arduino_hello-world/bin/arduino-uno/core.a(thread.o)
 .debug_line    0x0000000000004dde      0xb75 /home/fox/git/RIOT/workspace/arduino_hello-world/bin/arduino-uno/xtimer.a(xtimer_core.o)
 .debug_line    0x0000000000005953      0x9ba /home/fox/git/RIOT/workspace/arduino_hello-world/bin/arduino-uno/xtimer.a(xtimer.o)
 .debug_line    0x000000000000630d      0x45b /home/fox/git/RIOT/workspace/arduino_hello-world/bin/arduino-uno/periph_common.a(pm.o)
 .debug_line    0x0000000000006768      0x676 /home/fox/git/RIOT/workspace/arduino_hello-world/bin/arduino-uno/atmega_common.a(thread_arch.o)
 .debug_line    0x0000000000006dde      0x58e /home/fox/git/RIOT/workspace/arduino_hello-world/bin/arduino-uno/atmega_common.a(cpu.o)
 .debug_line    0x000000000000736c      0x5c0 /home/fox/git/RIOT/workspace/arduino_hello-world/bin/arduino-uno/auto_init.a(auto_init.o)
 .debug_line    0x000000000000792c      0x5a3 /home/fox/git/RIOT/workspace/arduino_hello-world/bin/arduino-uno/avr_libc_extra.a(atmega_stdio.o)
 .debug_line    0x0000000000007ecf      0x506 /home/fox/git/RIOT/workspace/arduino_hello-world/bin/arduino-uno/boards_common_arduino-atmega.a(led_init.o)
 .debug_line    0x00000000000083d5      0x4df /home/fox/git/RIOT/workspace/arduino_hello-world/bin/arduino-uno/core.a(mutex.o)
 .debug_line    0x00000000000088b4      0x5bf /home/fox/git/RIOT/workspace/arduino_hello-world/bin/arduino-uno/stdio_uart.a(stdio_uart.o)
 .debug_line    0x0000000000008e73       0xb7 /home/fox/git/RIOT/workspace/arduino_hello-world/bin/arduino-uno/periph_common.a(init.o)
 .debug_line    0x0000000000008f2a      0x6e2 /home/fox/git/RIOT/workspace/arduino_hello-world/bin/arduino-uno/isrpipe.a(isrpipe.o)
 .debug_line    0x000000000000960c      0x280 /home/fox/git/RIOT/workspace/arduino_hello-world/bin/arduino-uno/tsrb.a(tsrb.o)

.debug_frame    0x0000000000000000     0x1588
 *(.debug_frame)
 .debug_frame   0x0000000000000000       0x68 /home/fox/git/RIOT/workspace/arduino_hello-world/bin/arduino-uno/application_arduino_hello-world.a(_sketches.o)
 .debug_frame   0x0000000000000068       0xbc /home/fox/git/RIOT/workspace/arduino_hello-world/bin/arduino-uno/arduino.a(base.o)
 .debug_frame   0x0000000000000124      0x278 /home/fox/git/RIOT/workspace/arduino_hello-world/bin/arduino-uno/arduino.a(serialport.o)
 .debug_frame   0x000000000000039c       0x60 /home/fox/git/RIOT/workspace/arduino_hello-world/bin/arduino-uno/atmega_common.a(irq_arch.o)
 .debug_frame   0x00000000000003fc       0x44 /home/fox/git/RIOT/workspace/arduino_hello-world/bin/arduino-uno/atmega_common.a(startup.o)
 .debug_frame   0x0000000000000440       0xc0 /home/fox/git/RIOT/workspace/arduino_hello-world/bin/arduino-uno/atmega_common_periph.a(uart.o)
 .debug_frame   0x0000000000000500       0x7c /home/fox/git/RIOT/workspace/arduino_hello-world/bin/arduino-uno/atmega_common_periph.a(gpio.o)
 .debug_frame   0x000000000000057c      0x168 /home/fox/git/RIOT/workspace/arduino_hello-world/bin/arduino-uno/atmega_common_periph.a(timer.o)
 .debug_frame   0x00000000000006e4       0x24 /home/fox/git/RIOT/workspace/arduino_hello-world/bin/arduino-uno/boards_common_atmega.a(board.o)
 .debug_frame   0x0000000000000708       0x58 /home/fox/git/RIOT/workspace/arduino_hello-world/bin/arduino-uno/core.a(panic.o)
 .debug_frame   0x0000000000000760       0x68 /home/fox/git/RIOT/workspace/arduino_hello-world/bin/arduino-uno/core.a(sched.o)
 .debug_frame   0x00000000000007c8       0xec /home/fox/git/RIOT/workspace/arduino_hello-world/bin/arduino-uno/core.a(ringbuffer.o)
 .debug_frame   0x00000000000008b4       0x50 /home/fox/git/RIOT/workspace/arduino_hello-world/bin/arduino-uno/core.a(kernel_init.o)
 .debug_frame   0x0000000000000904      0x124 /home/fox/git/RIOT/workspace/arduino_hello-world/bin/arduino-uno/core.a(thread.o)
 .debug_frame   0x0000000000000a28      0x2d0 /home/fox/git/RIOT/workspace/arduino_hello-world/bin/arduino-uno/xtimer.a(xtimer_core.o)
 .debug_frame   0x0000000000000cf8      0x34c /home/fox/git/RIOT/workspace/arduino_hello-world/bin/arduino-uno/xtimer.a(xtimer.o)
 .debug_frame   0x0000000000001044       0x34 /home/fox/git/RIOT/workspace/arduino_hello-world/bin/arduino-uno/periph_common.a(pm.o)
 .debug_frame   0x0000000000001078       0xcc /home/fox/git/RIOT/workspace/arduino_hello-world/bin/arduino-uno/atmega_common.a(thread_arch.o)
 .debug_frame   0x0000000000001144       0x60 /home/fox/git/RIOT/workspace/arduino_hello-world/bin/arduino-uno/atmega_common.a(cpu.o)
 .debug_frame   0x00000000000011a4       0x24 /home/fox/git/RIOT/workspace/arduino_hello-world/bin/arduino-uno/auto_init.a(auto_init.o)
 .debug_frame   0x00000000000011c8       0x64 /home/fox/git/RIOT/workspace/arduino_hello-world/bin/arduino-uno/avr_libc_extra.a(atmega_stdio.o)
 .debug_frame   0x000000000000122c       0x24 /home/fox/git/RIOT/workspace/arduino_hello-world/bin/arduino-uno/boards_common_arduino-atmega.a(led_init.o)
 .debug_frame   0x0000000000001250       0x98 /home/fox/git/RIOT/workspace/arduino_hello-world/bin/arduino-uno/core.a(mutex.o)
 .debug_frame   0x00000000000012e8       0x5c /home/fox/git/RIOT/workspace/arduino_hello-world/bin/arduino-uno/stdio_uart.a(stdio_uart.o)
 .debug_frame   0x0000000000001344       0x24 /home/fox/git/RIOT/workspace/arduino_hello-world/bin/arduino-uno/periph_common.a(init.o)
 .debug_frame   0x0000000000001368      0x144 /home/fox/git/RIOT/workspace/arduino_hello-world/bin/arduino-uno/isrpipe.a(isrpipe.o)
 .debug_frame   0x00000000000014ac       0xdc /home/fox/git/RIOT/workspace/arduino_hello-world/bin/arduino-uno/tsrb.a(tsrb.o)

.debug_str      0x0000000000000000     0xdde5
 *(.debug_str)
 .debug_str     0x0000000000000000      0x208 /usr/lib/gcc/avr/5.4.0/../../../avr/lib/avr5/crtatmega328p.o
 .debug_str     0x0000000000000208     0x8a7e /home/fox/git/RIOT/workspace/arduino_hello-world/bin/arduino-uno/application_arduino_hello-world.a(_sketches.o)
                                       0x8d06 (size before relaxing)
 .debug_str     0x0000000000008c86      0x6c9 /home/fox/git/RIOT/workspace/arduino_hello-world/bin/arduino-uno/arduino.a(base.o)
                                       0x9339 (size before relaxing)
 .debug_str     0x000000000000934f      0x319 /home/fox/git/RIOT/workspace/arduino_hello-world/bin/arduino-uno/arduino.a(serialport.o)
                                       0x87f1 (size before relaxing)
 .debug_str     0x0000000000009668     0x11bd /home/fox/git/RIOT/workspace/arduino_hello-world/bin/arduino-uno/atmega_common.a(irq_arch.o)
                                       0x89bc (size before relaxing)
 .debug_str     0x000000000000a825       0xb6 /home/fox/git/RIOT/workspace/arduino_hello-world/bin/arduino-uno/atmega_common.a(startup.o)
                                       0x9402 (size before relaxing)
 .debug_str     0x000000000000a8db      0x180 /home/fox/git/RIOT/workspace/arduino_hello-world/bin/arduino-uno/atmega_common_periph.a(uart.o)
                                       0x8f7f (size before relaxing)
 .debug_str     0x000000000000aa5b      0x146 /home/fox/git/RIOT/workspace/arduino_hello-world/bin/arduino-uno/atmega_common_periph.a(gpio.o)
                                       0x8f3a (size before relaxing)
 .debug_str     0x000000000000aba1      0x31b /home/fox/git/RIOT/workspace/arduino_hello-world/bin/arduino-uno/atmega_common_periph.a(timer.o)
                                       0x977e (size before relaxing)
 .debug_str     0x000000000000aebc      0x1b3 /home/fox/git/RIOT/workspace/arduino_hello-world/bin/arduino-uno/boards_common_atmega.a(board.o)
                                       0x952f (size before relaxing)
 .debug_str     0x000000000000b06f      0x228 /home/fox/git/RIOT/workspace/arduino_hello-world/bin/arduino-uno/core.a(panic.o)
                                       0x8f95 (size before relaxing)
 .debug_str     0x000000000000b297      0x1ea /home/fox/git/RIOT/workspace/arduino_hello-world/bin/arduino-uno/core.a(sched.o)
                                       0x8aa4 (size before relaxing)
 .debug_str     0x000000000000b481      0x110 /home/fox/git/RIOT/workspace/arduino_hello-world/bin/arduino-uno/core.a(ringbuffer.o)
                                       0x31d0 (size before relaxing)
 .debug_str     0x000000000000b591      0x53a /home/fox/git/RIOT/workspace/arduino_hello-world/bin/arduino-uno/core.a(kernel_init.o)
                                       0x9350 (size before relaxing)
 .debug_str     0x000000000000bacb      0x199 /home/fox/git/RIOT/workspace/arduino_hello-world/bin/arduino-uno/core.a(thread.o)
                                       0x8e41 (size before relaxing)
 .debug_str     0x000000000000bc64      0x308 /home/fox/git/RIOT/workspace/arduino_hello-world/bin/arduino-uno/xtimer.a(xtimer_core.o)
                                       0x9e65 (size before relaxing)
 .debug_str     0x000000000000bf6c      0x281 /home/fox/git/RIOT/workspace/arduino_hello-world/bin/arduino-uno/xtimer.a(xtimer.o)
                                       0x9f7e (size before relaxing)
 .debug_str     0x000000000000c1ed       0x76 /home/fox/git/RIOT/workspace/arduino_hello-world/bin/arduino-uno/periph_common.a(pm.o)
                                       0x8cea (size before relaxing)
 .debug_str     0x000000000000c263      0x101 /home/fox/git/RIOT/workspace/arduino_hello-world/bin/arduino-uno/atmega_common.a(thread_arch.o)
                                       0x95e8 (size before relaxing)
 .debug_str     0x000000000000c364     0x138a /home/fox/git/RIOT/workspace/arduino_hello-world/bin/arduino-uno/atmega_common.a(cpu.o)
                                       0xaa07 (size before relaxing)
 .debug_str     0x000000000000d6ee       0x7b /home/fox/git/RIOT/workspace/arduino_hello-world/bin/arduino-uno/auto_init.a(auto_init.o)
                                       0x997a (size before relaxing)
 .debug_str     0x000000000000d769      0x1c7 /home/fox/git/RIOT/workspace/arduino_hello-world/bin/arduino-uno/avr_libc_extra.a(atmega_stdio.o)
                                       0x953b (size before relaxing)
 .debug_str     0x000000000000d930       0x96 /home/fox/git/RIOT/workspace/arduino_hello-world/bin/arduino-uno/boards_common_arduino-atmega.a(led_init.o)
                                       0x942f (size before relaxing)
 .debug_str     0x000000000000d9c6       0xa8 /home/fox/git/RIOT/workspace/arduino_hello-world/bin/arduino-uno/core.a(mutex.o)
                                       0x88d4 (size before relaxing)
 .debug_str     0x000000000000da6e      0x15d /home/fox/git/RIOT/workspace/arduino_hello-world/bin/arduino-uno/stdio_uart.a(stdio_uart.o)
                                       0x97e4 (size before relaxing)
 .debug_str     0x000000000000dbcb       0x7c /home/fox/git/RIOT/workspace/arduino_hello-world/bin/arduino-uno/periph_common.a(init.o)
                                       0x2db4 (size before relaxing)
 .debug_str     0x000000000000dc47       0xfc /home/fox/git/RIOT/workspace/arduino_hello-world/bin/arduino-uno/isrpipe.a(isrpipe.o)
                                       0x9e18 (size before relaxing)
 .debug_str     0x000000000000dd43       0xa2 /home/fox/git/RIOT/workspace/arduino_hello-world/bin/arduino-uno/tsrb.a(tsrb.o)
                                       0x33e7 (size before relaxing)

.debug_loc      0x0000000000000000     0x6834
 *(.debug_loc)
 .debug_loc     0x0000000000000000       0x95 /home/fox/git/RIOT/workspace/arduino_hello-world/bin/arduino-uno/application_arduino_hello-world.a(_sketches.o)
 .debug_loc     0x0000000000000095      0x3c1 /home/fox/git/RIOT/workspace/arduino_hello-world/bin/arduino-uno/arduino.a(base.o)
 .debug_loc     0x0000000000000456      0xe0c /home/fox/git/RIOT/workspace/arduino_hello-world/bin/arduino-uno/arduino.a(serialport.o)
 .debug_loc     0x0000000000001262       0x42 /home/fox/git/RIOT/workspace/arduino_hello-world/bin/arduino-uno/atmega_common.a(irq_arch.o)
 .debug_loc     0x00000000000012a4      0x2d7 /home/fox/git/RIOT/workspace/arduino_hello-world/bin/arduino-uno/atmega_common_periph.a(uart.o)
 .debug_loc     0x000000000000157b      0x386 /home/fox/git/RIOT/workspace/arduino_hello-world/bin/arduino-uno/atmega_common_periph.a(gpio.o)
 .debug_loc     0x0000000000001901      0x45d /home/fox/git/RIOT/workspace/arduino_hello-world/bin/arduino-uno/atmega_common_periph.a(timer.o)
 .debug_loc     0x0000000000001d5e       0x14 /home/fox/git/RIOT/workspace/arduino_hello-world/bin/arduino-uno/boards_common_atmega.a(board.o)
 .debug_loc     0x0000000000001d72      0x126 /home/fox/git/RIOT/workspace/arduino_hello-world/bin/arduino-uno/core.a(panic.o)
 .debug_loc     0x0000000000001e98      0x27d /home/fox/git/RIOT/workspace/arduino_hello-world/bin/arduino-uno/core.a(sched.o)
 .debug_loc     0x0000000000002115      0x58e /home/fox/git/RIOT/workspace/arduino_hello-world/bin/arduino-uno/core.a(ringbuffer.o)
 .debug_loc     0x00000000000026a3       0x62 /home/fox/git/RIOT/workspace/arduino_hello-world/bin/arduino-uno/core.a(kernel_init.o)
 .debug_loc     0x0000000000002705      0x854 /home/fox/git/RIOT/workspace/arduino_hello-world/bin/arduino-uno/core.a(thread.o)
 .debug_loc     0x0000000000002f59     0x11d9 /home/fox/git/RIOT/workspace/arduino_hello-world/bin/arduino-uno/xtimer.a(xtimer_core.o)
 .debug_loc     0x0000000000004132     0x107f /home/fox/git/RIOT/workspace/arduino_hello-world/bin/arduino-uno/xtimer.a(xtimer.o)
 .debug_loc     0x00000000000051b1      0x395 /home/fox/git/RIOT/workspace/arduino_hello-world/bin/arduino-uno/atmega_common.a(thread_arch.o)
 .debug_loc     0x0000000000005546       0x2f /home/fox/git/RIOT/workspace/arduino_hello-world/bin/arduino-uno/atmega_common.a(cpu.o)
 .debug_loc     0x0000000000005575      0x108 /home/fox/git/RIOT/workspace/arduino_hello-world/bin/arduino-uno/avr_libc_extra.a(atmega_stdio.o)
 .debug_loc     0x000000000000567d      0x385 /home/fox/git/RIOT/workspace/arduino_hello-world/bin/arduino-uno/core.a(mutex.o)
 .debug_loc     0x0000000000005a02      0x148 /home/fox/git/RIOT/workspace/arduino_hello-world/bin/arduino-uno/stdio_uart.a(stdio_uart.o)
 .debug_loc     0x0000000000005b4a      0x821 /home/fox/git/RIOT/workspace/arduino_hello-world/bin/arduino-uno/isrpipe.a(isrpipe.o)
 .debug_loc     0x000000000000636b      0x4c9 /home/fox/git/RIOT/workspace/arduino_hello-world/bin/arduino-uno/tsrb.a(tsrb.o)

.debug_macinfo
 *(.debug_macinfo)

.debug_weaknames
 *(.debug_weaknames)

.debug_funcnames
 *(.debug_funcnames)

.debug_typenames
 *(.debug_typenames)

.debug_varnames
 *(.debug_varnames)

.debug_pubtypes
 *(.debug_pubtypes)

.debug_ranges   0x0000000000000000      0x660
 *(.debug_ranges)
 .debug_ranges  0x0000000000000000       0x28 /home/fox/git/RIOT/workspace/arduino_hello-world/bin/arduino-uno/application_arduino_hello-world.a(_sketches.o)
 .debug_ranges  0x0000000000000028       0x48 /home/fox/git/RIOT/workspace/arduino_hello-world/bin/arduino-uno/arduino.a(base.o)
 .debug_ranges  0x0000000000000070       0xc8 /home/fox/git/RIOT/workspace/arduino_hello-world/bin/arduino-uno/arduino.a(serialport.o)
 .debug_ranges  0x0000000000000138       0x28 /home/fox/git/RIOT/workspace/arduino_hello-world/bin/arduino-uno/atmega_common.a(irq_arch.o)
 .debug_ranges  0x0000000000000160       0x20 /home/fox/git/RIOT/workspace/arduino_hello-world/bin/arduino-uno/atmega_common.a(startup.o)
 .debug_ranges  0x0000000000000180       0x28 /home/fox/git/RIOT/workspace/arduino_hello-world/bin/arduino-uno/atmega_common_periph.a(uart.o)
 .debug_ranges  0x00000000000001a8       0x38 /home/fox/git/RIOT/workspace/arduino_hello-world/bin/arduino-uno/atmega_common_periph.a(gpio.o)
 .debug_ranges  0x00000000000001e0       0x50 /home/fox/git/RIOT/workspace/arduino_hello-world/bin/arduino-uno/atmega_common_periph.a(timer.o)
 .debug_ranges  0x0000000000000230       0x10 /home/fox/git/RIOT/workspace/arduino_hello-world/bin/arduino-uno/boards_common_atmega.a(board.o)
 .debug_ranges  0x0000000000000240       0x18 /home/fox/git/RIOT/workspace/arduino_hello-world/bin/arduino-uno/core.a(panic.o)
 .debug_ranges  0x0000000000000258       0x28 /home/fox/git/RIOT/workspace/arduino_hello-world/bin/arduino-uno/core.a(sched.o)
 .debug_ranges  0x0000000000000280       0x40 /home/fox/git/RIOT/workspace/arduino_hello-world/bin/arduino-uno/core.a(ringbuffer.o)
 .debug_ranges  0x00000000000002c0       0x20 /home/fox/git/RIOT/workspace/arduino_hello-world/bin/arduino-uno/core.a(kernel_init.o)
 .debug_ranges  0x00000000000002e0       0x50 /home/fox/git/RIOT/workspace/arduino_hello-world/bin/arduino-uno/core.a(thread.o)
 .debug_ranges  0x0000000000000330      0x118 /home/fox/git/RIOT/workspace/arduino_hello-world/bin/arduino-uno/xtimer.a(xtimer_core.o)
 .debug_ranges  0x0000000000000448       0xa0 /home/fox/git/RIOT/workspace/arduino_hello-world/bin/arduino-uno/xtimer.a(xtimer.o)
 .debug_ranges  0x00000000000004e8       0x18 /home/fox/git/RIOT/workspace/arduino_hello-world/bin/arduino-uno/periph_common.a(pm.o)
 .debug_ranges  0x0000000000000500       0x38 /home/fox/git/RIOT/workspace/arduino_hello-world/bin/arduino-uno/atmega_common.a(thread_arch.o)
 .debug_ranges  0x0000000000000538       0x28 /home/fox/git/RIOT/workspace/arduino_hello-world/bin/arduino-uno/atmega_common.a(cpu.o)
 .debug_ranges  0x0000000000000560       0x10 /home/fox/git/RIOT/workspace/arduino_hello-world/bin/arduino-uno/auto_init.a(auto_init.o)
 .debug_ranges  0x0000000000000570       0x20 /home/fox/git/RIOT/workspace/arduino_hello-world/bin/arduino-uno/avr_libc_extra.a(atmega_stdio.o)
 .debug_ranges  0x0000000000000590       0x10 /home/fox/git/RIOT/workspace/arduino_hello-world/bin/arduino-uno/boards_common_arduino-atmega.a(led_init.o)
 .debug_ranges  0x00000000000005a0       0x20 /home/fox/git/RIOT/workspace/arduino_hello-world/bin/arduino-uno/core.a(mutex.o)
 .debug_ranges  0x00000000000005c0       0x20 /home/fox/git/RIOT/workspace/arduino_hello-world/bin/arduino-uno/stdio_uart.a(stdio_uart.o)
 .debug_ranges  0x00000000000005e0       0x10 /home/fox/git/RIOT/workspace/arduino_hello-world/bin/arduino-uno/periph_common.a(init.o)
 .debug_ranges  0x00000000000005f0       0x38 /home/fox/git/RIOT/workspace/arduino_hello-world/bin/arduino-uno/isrpipe.a(isrpipe.o)
 .debug_ranges  0x0000000000000628       0x38 /home/fox/git/RIOT/workspace/arduino_hello-world/bin/arduino-uno/tsrb.a(tsrb.o)

.debug_macro    0x0000000000000000    0x18951
 *(.debug_macro)
 .debug_macro   0x0000000000000000      0x2b0 /home/fox/git/RIOT/workspace/arduino_hello-world/bin/arduino-uno/application_arduino_hello-world.a(_sketches.o)
 .debug_macro   0x00000000000002b0      0xa54 /home/fox/git/RIOT/workspace/arduino_hello-world/bin/arduino-uno/application_arduino_hello-world.a(_sketches.o)
 .debug_macro   0x0000000000000d04       0xb8 /home/fox/git/RIOT/workspace/arduino_hello-world/bin/arduino-uno/application_arduino_hello-world.a(_sketches.o)
 .debug_macro   0x0000000000000dbc       0xe8 /home/fox/git/RIOT/workspace/arduino_hello-world/bin/arduino-uno/application_arduino_hello-world.a(_sketches.o)
 .debug_macro   0x0000000000000ea4       0x1e /home/fox/git/RIOT/workspace/arduino_hello-world/bin/arduino-uno/application_arduino_hello-world.a(_sketches.o)
 .debug_macro   0x0000000000000ec2       0x1c /home/fox/git/RIOT/workspace/arduino_hello-world/bin/arduino-uno/application_arduino_hello-world.a(_sketches.o)
 .debug_macro   0x0000000000000ede       0x58 /home/fox/git/RIOT/workspace/arduino_hello-world/bin/arduino-uno/application_arduino_hello-world.a(_sketches.o)
 .debug_macro   0x0000000000000f36       0x10 /home/fox/git/RIOT/workspace/arduino_hello-world/bin/arduino-uno/application_arduino_hello-world.a(_sketches.o)
 .debug_macro   0x0000000000000f46       0x97 /home/fox/git/RIOT/workspace/arduino_hello-world/bin/arduino-uno/application_arduino_hello-world.a(_sketches.o)
 .debug_macro   0x0000000000000fdd       0xf2 /home/fox/git/RIOT/workspace/arduino_hello-world/bin/arduino-uno/application_arduino_hello-world.a(_sketches.o)
 .debug_macro   0x00000000000010cf       0xaa /home/fox/git/RIOT/workspace/arduino_hello-world/bin/arduino-uno/application_arduino_hello-world.a(_sketches.o)
 .debug_macro   0x0000000000001179     0x1410 /home/fox/git/RIOT/workspace/arduino_hello-world/bin/arduino-uno/application_arduino_hello-world.a(_sketches.o)
 .debug_macro   0x0000000000002589      0x13a /home/fox/git/RIOT/workspace/arduino_hello-world/bin/arduino-uno/application_arduino_hello-world.a(_sketches.o)
 .debug_macro   0x00000000000026c3       0xbd /home/fox/git/RIOT/workspace/arduino_hello-world/bin/arduino-uno/application_arduino_hello-world.a(_sketches.o)
 .debug_macro   0x0000000000002780       0x34 /home/fox/git/RIOT/workspace/arduino_hello-world/bin/arduino-uno/application_arduino_hello-world.a(_sketches.o)
 .debug_macro   0x00000000000027b4       0x18 /home/fox/git/RIOT/workspace/arduino_hello-world/bin/arduino-uno/application_arduino_hello-world.a(_sketches.o)
 .debug_macro   0x00000000000027cc       0x6c /home/fox/git/RIOT/workspace/arduino_hello-world/bin/arduino-uno/application_arduino_hello-world.a(_sketches.o)
 .debug_macro   0x0000000000002838       0x63 /home/fox/git/RIOT/workspace/arduino_hello-world/bin/arduino-uno/application_arduino_hello-world.a(_sketches.o)
 .debug_macro   0x000000000000289b       0x81 /home/fox/git/RIOT/workspace/arduino_hello-world/bin/arduino-uno/application_arduino_hello-world.a(_sketches.o)
 .debug_macro   0x000000000000291c       0x40 /home/fox/git/RIOT/workspace/arduino_hello-world/bin/arduino-uno/application_arduino_hello-world.a(_sketches.o)
 .debug_macro   0x000000000000295c       0x1c /home/fox/git/RIOT/workspace/arduino_hello-world/bin/arduino-uno/application_arduino_hello-world.a(_sketches.o)
 .debug_macro   0x0000000000002978       0xf6 /home/fox/git/RIOT/workspace/arduino_hello-world/bin/arduino-uno/application_arduino_hello-world.a(_sketches.o)
 .debug_macro   0x0000000000002a6e       0x2f /home/fox/git/RIOT/workspace/arduino_hello-world/bin/arduino-uno/application_arduino_hello-world.a(_sketches.o)
 .debug_macro   0x0000000000002a9d       0xd6 /home/fox/git/RIOT/workspace/arduino_hello-world/bin/arduino-uno/application_arduino_hello-world.a(_sketches.o)
 .debug_macro   0x0000000000002b73       0x28 /home/fox/git/RIOT/workspace/arduino_hello-world/bin/arduino-uno/application_arduino_hello-world.a(_sketches.o)
 .debug_macro   0x0000000000002b9b       0x28 /home/fox/git/RIOT/workspace/arduino_hello-world/bin/arduino-uno/application_arduino_hello-world.a(_sketches.o)
 .debug_macro   0x0000000000002bc3       0xc1 /home/fox/git/RIOT/workspace/arduino_hello-world/bin/arduino-uno/application_arduino_hello-world.a(_sketches.o)
 .debug_macro   0x0000000000002c84       0x1c /home/fox/git/RIOT/workspace/arduino_hello-world/bin/arduino-uno/application_arduino_hello-world.a(_sketches.o)
 .debug_macro   0x0000000000002ca0       0x53 /home/fox/git/RIOT/workspace/arduino_hello-world/bin/arduino-uno/application_arduino_hello-world.a(_sketches.o)
 .debug_macro   0x0000000000002cf3       0x22 /home/fox/git/RIOT/workspace/arduino_hello-world/bin/arduino-uno/application_arduino_hello-world.a(_sketches.o)
 .debug_macro   0x0000000000002d15       0x7d /home/fox/git/RIOT/workspace/arduino_hello-world/bin/arduino-uno/application_arduino_hello-world.a(_sketches.o)
 .debug_macro   0x0000000000002d92       0x16 /home/fox/git/RIOT/workspace/arduino_hello-world/bin/arduino-uno/application_arduino_hello-world.a(_sketches.o)
 .debug_macro   0x0000000000002da8       0xd8 /home/fox/git/RIOT/workspace/arduino_hello-world/bin/arduino-uno/application_arduino_hello-world.a(_sketches.o)
 .debug_macro   0x0000000000002e80       0x10 /home/fox/git/RIOT/workspace/arduino_hello-world/bin/arduino-uno/application_arduino_hello-world.a(_sketches.o)
 .debug_macro   0x0000000000002e90       0x10 /home/fox/git/RIOT/workspace/arduino_hello-world/bin/arduino-uno/application_arduino_hello-world.a(_sketches.o)
 .debug_macro   0x0000000000002ea0       0x52 /home/fox/git/RIOT/workspace/arduino_hello-world/bin/arduino-uno/application_arduino_hello-world.a(_sketches.o)
 .debug_macro   0x0000000000002ef2      0x31c /home/fox/git/RIOT/workspace/arduino_hello-world/bin/arduino-uno/arduino.a(base.o)
 .debug_macro   0x000000000000320e      0xa54 /home/fox/git/RIOT/workspace/arduino_hello-world/bin/arduino-uno/arduino.a(base.o)
 .debug_macro   0x0000000000003c62       0x2e /home/fox/git/RIOT/workspace/arduino_hello-world/bin/arduino-uno/arduino.a(base.o)
 .debug_macro   0x0000000000003c90      0x16d /home/fox/git/RIOT/workspace/arduino_hello-world/bin/arduino-uno/arduino.a(base.o)
 .debug_macro   0x0000000000003dfd       0x16 /home/fox/git/RIOT/workspace/arduino_hello-world/bin/arduino-uno/arduino.a(base.o)
 .debug_macro   0x0000000000003e13       0x35 /home/fox/git/RIOT/workspace/arduino_hello-world/bin/arduino-uno/arduino.a(base.o)
 .debug_macro   0x0000000000003e48       0x43 /home/fox/git/RIOT/workspace/arduino_hello-world/bin/arduino-uno/arduino.a(base.o)
 .debug_macro   0x0000000000003e8b       0x16 /home/fox/git/RIOT/workspace/arduino_hello-world/bin/arduino-uno/arduino.a(base.o)
 .debug_macro   0x0000000000003ea1       0x10 /home/fox/git/RIOT/workspace/arduino_hello-world/bin/arduino-uno/arduino.a(base.o)
 .debug_macro   0x0000000000003eb1       0x10 /home/fox/git/RIOT/workspace/arduino_hello-world/bin/arduino-uno/arduino.a(base.o)
 .debug_macro   0x0000000000003ec1       0x10 /home/fox/git/RIOT/workspace/arduino_hello-world/bin/arduino-uno/arduino.a(base.o)
 .debug_macro   0x0000000000003ed1      0x258 /home/fox/git/RIOT/workspace/arduino_hello-world/bin/arduino-uno/arduino.a(serialport.o)
 .debug_macro   0x0000000000004129      0xa54 /home/fox/git/RIOT/workspace/arduino_hello-world/bin/arduino-uno/arduino.a(serialport.o)
 .debug_macro   0x0000000000004b7d       0x16 /home/fox/git/RIOT/workspace/arduino_hello-world/bin/arduino-uno/arduino.a(serialport.o)
 .debug_macro   0x0000000000004b93       0x16 /home/fox/git/RIOT/workspace/arduino_hello-world/bin/arduino-uno/arduino.a(serialport.o)
 .debug_macro   0x0000000000004ba9       0x20 /home/fox/git/RIOT/workspace/arduino_hello-world/bin/arduino-uno/arduino.a(serialport.o)
 .debug_macro   0x0000000000004bc9       0x12 /home/fox/git/RIOT/workspace/arduino_hello-world/bin/arduino-uno/arduino.a(serialport.o)
 .debug_macro   0x0000000000004bdb      0x1e2 /home/fox/git/RIOT/workspace/arduino_hello-world/bin/arduino-uno/atmega_common.a(irq_arch.o)
 .debug_macro   0x0000000000004dbd      0xa42 /home/fox/git/RIOT/workspace/arduino_hello-world/bin/arduino-uno/atmega_common.a(irq_arch.o)
 .debug_macro   0x00000000000057ff      0x1c9 /home/fox/git/RIOT/workspace/arduino_hello-world/bin/arduino-uno/atmega_common.a(irq_arch.o)
 .debug_macro   0x00000000000059c8      0x302 /home/fox/git/RIOT/workspace/arduino_hello-world/bin/arduino-uno/atmega_common.a(irq_arch.o)
 .debug_macro   0x0000000000005cca       0x97 /home/fox/git/RIOT/workspace/arduino_hello-world/bin/arduino-uno/atmega_common.a(irq_arch.o)
 .debug_macro   0x0000000000005d61       0x22 /home/fox/git/RIOT/workspace/arduino_hello-world/bin/arduino-uno/atmega_common.a(irq_arch.o)
 .debug_macro   0x0000000000005d83       0x63 /home/fox/git/RIOT/workspace/arduino_hello-world/bin/arduino-uno/atmega_common.a(irq_arch.o)
 .debug_macro   0x0000000000005de6       0xf6 /home/fox/git/RIOT/workspace/arduino_hello-world/bin/arduino-uno/atmega_common.a(irq_arch.o)
 .debug_macro   0x0000000000005edc       0xe8 /home/fox/git/RIOT/workspace/arduino_hello-world/bin/arduino-uno/atmega_common.a(irq_arch.o)
 .debug_macro   0x0000000000005fc4       0x10 /home/fox/git/RIOT/workspace/arduino_hello-world/bin/arduino-uno/atmega_common.a(irq_arch.o)
 .debug_macro   0x0000000000005fd4      0x257 /home/fox/git/RIOT/workspace/arduino_hello-world/bin/arduino-uno/atmega_common.a(startup.o)
 .debug_macro   0x000000000000622b      0xa42 /home/fox/git/RIOT/workspace/arduino_hello-world/bin/arduino-uno/atmega_common.a(startup.o)
 .debug_macro   0x0000000000006c6d       0x10 /home/fox/git/RIOT/workspace/arduino_hello-world/bin/arduino-uno/atmega_common.a(startup.o)
 .debug_macro   0x0000000000006c7d       0x9e /home/fox/git/RIOT/workspace/arduino_hello-world/bin/arduino-uno/atmega_common.a(startup.o)
 .debug_macro   0x0000000000006d1b      0x240 /home/fox/git/RIOT/workspace/arduino_hello-world/bin/arduino-uno/atmega_common_periph.a(uart.o)
 .debug_macro   0x0000000000006f5b      0xa42 /home/fox/git/RIOT/workspace/arduino_hello-world/bin/arduino-uno/atmega_common_periph.a(uart.o)
 .debug_macro   0x000000000000799d      0x2fc /home/fox/git/RIOT/workspace/arduino_hello-world/bin/arduino-uno/atmega_common_periph.a(uart.o)
 .debug_macro   0x0000000000007c99      0x23f /home/fox/git/RIOT/workspace/arduino_hello-world/bin/arduino-uno/atmega_common_periph.a(gpio.o)
 .debug_macro   0x0000000000007ed8      0xa42 /home/fox/git/RIOT/workspace/arduino_hello-world/bin/arduino-uno/atmega_common_periph.a(gpio.o)
 .debug_macro   0x000000000000891a      0x295 /home/fox/git/RIOT/workspace/arduino_hello-world/bin/arduino-uno/atmega_common_periph.a(timer.o)
 .debug_macro   0x0000000000008baf      0xa42 /home/fox/git/RIOT/workspace/arduino_hello-world/bin/arduino-uno/atmega_common_periph.a(timer.o)
 .debug_macro   0x00000000000095f1       0x1c /home/fox/git/RIOT/workspace/arduino_hello-world/bin/arduino-uno/atmega_common_periph.a(timer.o)
 .debug_macro   0x000000000000960d      0x258 /home/fox/git/RIOT/workspace/arduino_hello-world/bin/arduino-uno/boards_common_atmega.a(board.o)
 .debug_macro   0x0000000000009865      0xa42 /home/fox/git/RIOT/workspace/arduino_hello-world/bin/arduino-uno/boards_common_atmega.a(board.o)
 .debug_macro   0x000000000000a2a7      0x24a /home/fox/git/RIOT/workspace/arduino_hello-world/bin/arduino-uno/core.a(panic.o)
 .debug_macro   0x000000000000a4f1      0xa42 /home/fox/git/RIOT/workspace/arduino_hello-world/bin/arduino-uno/core.a(panic.o)
 .debug_macro   0x000000000000af33       0x20 /home/fox/git/RIOT/workspace/arduino_hello-world/bin/arduino-uno/core.a(panic.o)
 .debug_macro   0x000000000000af53       0x34 /home/fox/git/RIOT/workspace/arduino_hello-world/bin/arduino-uno/core.a(panic.o)
 .debug_macro   0x000000000000af87      0x1fb /home/fox/git/RIOT/workspace/arduino_hello-world/bin/arduino-uno/core.a(sched.o)
 .debug_macro   0x000000000000b182      0xa42 /home/fox/git/RIOT/workspace/arduino_hello-world/bin/arduino-uno/core.a(sched.o)
 .debug_macro   0x000000000000bbc4      0x16d /home/fox/git/RIOT/workspace/arduino_hello-world/bin/arduino-uno/core.a(sched.o)
 .debug_macro   0x000000000000bd31       0x2e /home/fox/git/RIOT/workspace/arduino_hello-world/bin/arduino-uno/core.a(sched.o)
 .debug_macro   0x000000000000bd5f       0x35 /home/fox/git/RIOT/workspace/arduino_hello-world/bin/arduino-uno/core.a(sched.o)
 .debug_macro   0x000000000000bd94       0x3a /home/fox/git/RIOT/workspace/arduino_hello-world/bin/arduino-uno/core.a(ringbuffer.o)
 .debug_macro   0x000000000000bdce      0xa42 /home/fox/git/RIOT/workspace/arduino_hello-world/bin/arduino-uno/core.a(ringbuffer.o)
 .debug_macro   0x000000000000c810      0x251 /home/fox/git/RIOT/workspace/arduino_hello-world/bin/arduino-uno/core.a(kernel_init.o)
 .debug_macro   0x000000000000ca61      0xa42 /home/fox/git/RIOT/workspace/arduino_hello-world/bin/arduino-uno/core.a(kernel_init.o)
 .debug_macro   0x000000000000d4a3      0x207 /home/fox/git/RIOT/workspace/arduino_hello-world/bin/arduino-uno/core.a(kernel_init.o)
 .debug_macro   0x000000000000d6aa       0xdc /home/fox/git/RIOT/workspace/arduino_hello-world/bin/arduino-uno/core.a(kernel_init.o)
 .debug_macro   0x000000000000d786       0x69 /home/fox/git/RIOT/workspace/arduino_hello-world/bin/arduino-uno/core.a(kernel_init.o)
 .debug_macro   0x000000000000d7ef      0x1f5 /home/fox/git/RIOT/workspace/arduino_hello-world/bin/arduino-uno/core.a(thread.o)
 .debug_macro   0x000000000000d9e4      0xa42 /home/fox/git/RIOT/workspace/arduino_hello-world/bin/arduino-uno/core.a(thread.o)
 .debug_macro   0x000000000000e426      0x2f2 /home/fox/git/RIOT/workspace/arduino_hello-world/bin/arduino-uno/xtimer.a(xtimer_core.o)
 .debug_macro   0x000000000000e718      0xa42 /home/fox/git/RIOT/workspace/arduino_hello-world/bin/arduino-uno/xtimer.a(xtimer_core.o)
 .debug_macro   0x000000000000f15a       0x34 /home/fox/git/RIOT/workspace/arduino_hello-world/bin/arduino-uno/xtimer.a(xtimer_core.o)
 .debug_macro   0x000000000000f18e       0x16 /home/fox/git/RIOT/workspace/arduino_hello-world/bin/arduino-uno/xtimer.a(xtimer_core.o)
 .debug_macro   0x000000000000f1a4      0x301 /home/fox/git/RIOT/workspace/arduino_hello-world/bin/arduino-uno/xtimer.a(xtimer.o)
 .debug_macro   0x000000000000f4a5      0xa42 /home/fox/git/RIOT/workspace/arduino_hello-world/bin/arduino-uno/xtimer.a(xtimer.o)
 .debug_macro   0x000000000000fee7       0x1c /home/fox/git/RIOT/workspace/arduino_hello-world/bin/arduino-uno/xtimer.a(xtimer.o)
 .debug_macro   0x000000000000ff03      0x22d /home/fox/git/RIOT/workspace/arduino_hello-world/bin/arduino-uno/periph_common.a(pm.o)
 .debug_macro   0x0000000000010130      0xa42 /home/fox/git/RIOT/workspace/arduino_hello-world/bin/arduino-uno/periph_common.a(pm.o)
 .debug_macro   0x0000000000010b72      0x24d /home/fox/git/RIOT/workspace/arduino_hello-world/bin/arduino-uno/atmega_common.a(thread_arch.o)
 .debug_macro   0x0000000000010dbf      0xa42 /home/fox/git/RIOT/workspace/arduino_hello-world/bin/arduino-uno/atmega_common.a(thread_arch.o)
 .debug_macro   0x0000000000011801      0x29e /home/fox/git/RIOT/workspace/arduino_hello-world/bin/arduino-uno/atmega_common.a(cpu.o)
 .debug_macro   0x0000000000011a9f      0xa42 /home/fox/git/RIOT/workspace/arduino_hello-world/bin/arduino-uno/atmega_common.a(cpu.o)
 .debug_macro   0x00000000000124e1       0x68 /home/fox/git/RIOT/workspace/arduino_hello-world/bin/arduino-uno/atmega_common.a(cpu.o)
 .debug_macro   0x0000000000012549       0x10 /home/fox/git/RIOT/workspace/arduino_hello-world/bin/arduino-uno/atmega_common.a(cpu.o)
 .debug_macro   0x0000000000012559       0x89 /home/fox/git/RIOT/workspace/arduino_hello-world/bin/arduino-uno/atmega_common.a(cpu.o)
 .debug_macro   0x00000000000125e2       0xee /home/fox/git/RIOT/workspace/arduino_hello-world/bin/arduino-uno/atmega_common.a(cpu.o)
 .debug_macro   0x00000000000126d0      0x2ec /home/fox/git/RIOT/workspace/arduino_hello-world/bin/arduino-uno/auto_init.a(auto_init.o)
 .debug_macro   0x00000000000129bc      0xa42 /home/fox/git/RIOT/workspace/arduino_hello-world/bin/arduino-uno/auto_init.a(auto_init.o)
 .debug_macro   0x00000000000133fe      0x27e /home/fox/git/RIOT/workspace/arduino_hello-world/bin/arduino-uno/avr_libc_extra.a(atmega_stdio.o)
 .debug_macro   0x000000000001367c      0xa42 /home/fox/git/RIOT/workspace/arduino_hello-world/bin/arduino-uno/avr_libc_extra.a(atmega_stdio.o)
 .debug_macro   0x00000000000140be       0x40 /home/fox/git/RIOT/workspace/arduino_hello-world/bin/arduino-uno/avr_libc_extra.a(atmega_stdio.o)
 .debug_macro   0x00000000000140fe       0x10 /home/fox/git/RIOT/workspace/arduino_hello-world/bin/arduino-uno/avr_libc_extra.a(atmega_stdio.o)
 .debug_macro   0x000000000001410e      0x258 /home/fox/git/RIOT/workspace/arduino_hello-world/bin/arduino-uno/boards_common_arduino-atmega.a(led_init.o)
 .debug_macro   0x0000000000014366      0xa42 /home/fox/git/RIOT/workspace/arduino_hello-world/bin/arduino-uno/boards_common_arduino-atmega.a(led_init.o)