Archive member included to satisfy reference by file (symbol)

/home/fox/git/RIOT/workspace/arduino-interrupt/bin/arduino-uno/application_arduino_interrupt.a(_sketches.o)
                              /usr/lib/gcc/avr/5.4.0/../../../avr/lib/avr5/crtatmega328p.o (main)
/home/fox/git/RIOT/workspace/arduino-interrupt/bin/arduino-uno/arduino.a(base.o)
                              /home/fox/git/RIOT/workspace/arduino-interrupt/bin/arduino-uno/application_arduino_interrupt.a(_sketches.o) (_Z5delaym)
/home/fox/git/RIOT/workspace/arduino-interrupt/bin/arduino-uno/arduino.a(serialport.o)
                              /home/fox/git/RIOT/workspace/arduino-interrupt/bin/arduino-uno/application_arduino_interrupt.a(_sketches.o) (_ZN10SerialPortC1Ej)
/home/fox/git/RIOT/workspace/arduino-interrupt/bin/arduino-uno/atmega_common.a(irq_arch.o)
                              /home/fox/git/RIOT/workspace/arduino-interrupt/bin/arduino-uno/arduino.a(serialport.o) (irq_disable)
/home/fox/git/RIOT/workspace/arduino-interrupt/bin/arduino-uno/atmega_common.a(startup.o)
                              (reset_handler)
/home/fox/git/RIOT/workspace/arduino-interrupt/bin/arduino-uno/atmega_common_periph.a(uart.o)
                              /home/fox/git/RIOT/workspace/arduino-interrupt/bin/arduino-uno/arduino.a(serialport.o) (uart_init)
/home/fox/git/RIOT/workspace/arduino-interrupt/bin/arduino-uno/atmega_common_periph.a(gpio.o)
                              /home/fox/git/RIOT/workspace/arduino-interrupt/bin/arduino-uno/arduino.a(base.o) (gpio_init)
/home/fox/git/RIOT/workspace/arduino-interrupt/bin/arduino-uno/atmega_common_periph.a(timer.o)
                              /home/fox/git/RIOT/workspace/arduino-interrupt/bin/arduino-uno/arduino.a(base.o) (timer_read)
/home/fox/git/RIOT/workspace/arduino-interrupt/bin/arduino-uno/boards_common_atmega.a(board.o)
                              /home/fox/git/RIOT/workspace/arduino-interrupt/bin/arduino-uno/atmega_common.a(startup.o) (board_init)
/home/fox/git/RIOT/workspace/arduino-interrupt/bin/arduino-uno/core.a(panic.o)
                              /home/fox/git/RIOT/workspace/arduino-interrupt/bin/arduino-uno/arduino.a(base.o) (core_panic)
/home/fox/git/RIOT/workspace/arduino-interrupt/bin/arduino-uno/core.a(sched.o)
                              /home/fox/git/RIOT/workspace/arduino-interrupt/bin/arduino-uno/atmega_common_periph.a(uart.o) (sched_context_switch_request)
/home/fox/git/RIOT/workspace/arduino-interrupt/bin/arduino-uno/core.a(ringbuffer.o)
                              /home/fox/git/RIOT/workspace/arduino-interrupt/bin/arduino-uno/arduino.a(serialport.o) (ringbuffer_add_one)
/home/fox/git/RIOT/workspace/arduino-interrupt/bin/arduino-uno/core.a(kernel_init.o)
                              /home/fox/git/RIOT/workspace/arduino-interrupt/bin/arduino-uno/atmega_common.a(startup.o) (kernel_init)
/home/fox/git/RIOT/workspace/arduino-interrupt/bin/arduino-uno/core.a(thread.o)
                              /home/fox/git/RIOT/workspace/arduino-interrupt/bin/arduino-uno/atmega_common_periph.a(uart.o) (thread_yield)
/home/fox/git/RIOT/workspace/arduino-interrupt/bin/arduino-uno/xtimer.a(xtimer_core.o)
                              /home/fox/git/RIOT/workspace/arduino-interrupt/bin/arduino-uno/arduino.a(base.o) (_xtimer_high_cnt)
/home/fox/git/RIOT/workspace/arduino-interrupt/bin/arduino-uno/xtimer.a(xtimer.o)
                              /home/fox/git/RIOT/workspace/arduino-interrupt/bin/arduino-uno/arduino.a(base.o) (_xtimer_tsleep)
/home/fox/git/RIOT/workspace/arduino-interrupt/bin/arduino-uno/periph_common.a(pm.o)
                              /home/fox/git/RIOT/workspace/arduino-interrupt/bin/arduino-uno/core.a(panic.o) (pm_off)
/home/fox/git/RIOT/workspace/arduino-interrupt/bin/arduino-uno/atmega_common.a(thread_arch.o)
                              /home/fox/git/RIOT/workspace/arduino-interrupt/bin/arduino-uno/core.a(thread.o) (thread_stack_init)
/home/fox/git/RIOT/workspace/arduino-interrupt/bin/arduino-uno/atmega_common.a(cpu.o)
                              /home/fox/git/RIOT/workspace/arduino-interrupt/bin/arduino-uno/boards_common_atmega.a(board.o) (cpu_init)
/home/fox/git/RIOT/workspace/arduino-interrupt/bin/arduino-uno/auto_init.a(auto_init.o)
                              /home/fox/git/RIOT/workspace/arduino-interrupt/bin/arduino-uno/core.a(kernel_init.o) (auto_init)
/home/fox/git/RIOT/workspace/arduino-interrupt/bin/arduino-uno/avr_libc_extra.a(atmega_stdio.o)
                              /home/fox/git/RIOT/workspace/arduino-interrupt/bin/arduino-uno/boards_common_atmega.a(board.o) (atmega_stdio_init)
/home/fox/git/RIOT/workspace/arduino-interrupt/bin/arduino-uno/boards_common_arduino-atmega.a(led_init.o)
                              /home/fox/git/RIOT/workspace/arduino-interrupt/bin/arduino-uno/boards_common_atmega.a(board.o) (led_init)
/home/fox/git/RIOT/workspace/arduino-interrupt/bin/arduino-uno/core.a(mutex.o)
[...]
Memory Configuration

Name             Origin             Length             Attributes
text             0x0000000000000000 0x0000000000007e00 xr
data             0x0000000000800060 0x0000000000000800 rw !x
eeprom           0x0000000000810000 0x0000000000010000 rw !x
fuse             0x0000000000820000 0x0000000000000003 rw !x
lock             0x0000000000830000 0x0000000000000400 rw !x
signature        0x0000000000840000 0x0000000000000400 rw !x
user_signatures  0x0000000000850000 0x0000000000000400 rw !x
*default*        0x0000000000000000 0xffffffffffffffff

Linker script and memory map

Address of section .data set to 0x800100
LOAD /usr/lib/gcc/avr/5.4.0/../../../avr/lib/avr5/crtatmega328p.o
START GROUP
LOAD /home/fox/git/RIOT/workspace/arduino-interrupt/bin/arduino-uno/application_arduino_interrupt.a
LOAD /home/fox/git/RIOT/workspace/arduino-interrupt/bin/arduino-uno/arduino.a
LOAD /home/fox/git/RIOT/workspace/arduino-interrupt/bin/arduino-uno/atmega_common.a
LOAD /home/fox/git/RIOT/workspace/arduino-interrupt/bin/arduino-uno/atmega_common_periph.a
LOAD /home/fox/git/RIOT/workspace/arduino-interrupt/bin/arduino-uno/auto_init.a
LOAD /home/fox/git/RIOT/workspace/arduino-interrupt/bin/arduino-uno/avr_libc_extra.a
LOAD /home/fox/git/RIOT/workspace/arduino-interrupt/bin/arduino-uno/board.a
LOAD /home/fox/git/RIOT/workspace/arduino-interrupt/bin/arduino-uno/boards_common_arduino-atmega.a
LOAD /home/fox/git/RIOT/workspace/arduino-interrupt/bin/arduino-uno/boards_common_atmega.a
LOAD /home/fox/git/RIOT/workspace/arduino-interrupt/bin/arduino-uno/core.a
LOAD /home/fox/git/RIOT/workspace/arduino-interrupt/bin/arduino-uno/cpu.a
LOAD /home/fox/git/RIOT/workspace/arduino-interrupt/bin/arduino-uno/div.a
LOAD /home/fox/git/RIOT/workspace/arduino-interrupt/bin/arduino-uno/isrpipe.a
LOAD /home/fox/git/RIOT/workspace/arduino-interrupt/bin/arduino-uno/stdio_uart.a
LOAD /home/fox/git/RIOT/workspace/arduino-interrupt/bin/arduino-uno/sys.a
LOAD /home/fox/git/RIOT/workspace/arduino-interrupt/bin/arduino-uno/tsrb.a
LOAD /home/fox/git/RIOT/workspace/arduino-interrupt/bin/arduino-uno/xtimer.a
LOAD /home/fox/git/RIOT/workspace/arduino-interrupt/bin/arduino-uno/periph_common.a
END GROUP
LOAD /usr/lib/gcc/avr/5.4.0/avr5/libgcc.a
                0x0000000000007e00                __TEXT_REGION_LENGTH__ = 0x7e00
                0x0000000000000800                __DATA_REGION_LENGTH__ = 0x800
LOAD /usr/lib/gcc/avr/5.4.0/avr5/libgcc.a
LOAD /usr/lib/gcc/avr/5.4.0/../../../avr/lib/avr5/libm.a
START GROUP
LOAD /usr/lib/gcc/avr/5.4.0/avr5/libgcc.a
LOAD /usr/lib/gcc/avr/5.4.0/../../../avr/lib/avr5/libm.a
LOAD /usr/lib/gcc/avr/5.4.0/../../../avr/lib/avr5/libc.a
LOAD /usr/lib/gcc/avr/5.4.0/../../../avr/lib/avr5/libatmega328p.a
END GROUP
                0x0000000000020000                __TEXT_REGION_LENGTH__ = DEFINED (__TEXT_REGION_LENGTH__)?__TEXT_REGION_LENGTH__:0x20000
                0x000000000000ffa0                __DATA_REGION_LENGTH__ = DEFINED (__DATA_REGION_LENGTH__)?__DATA_REGION_LENGTH__:0xffa0
                0x0000000000010000                __EEPROM_REGION_LENGTH__ = DEFINED (__EEPROM_REGION_LENGTH__)?__EEPROM_REGION_LENGTH__:0x10000
                [0x0000000000000003]                __FUSE_REGION_LENGTH__ = DEFINED (__FUSE_REGION_LENGTH__)?__FUSE_REGION_LENGTH__:0x400
                0x0000000000000400                __LOCK_REGION_LENGTH__ = DEFINED (__LOCK_REGION_LENGTH__)?__LOCK_REGION_LENGTH__:0x400
                0x0000000000000400                __SIGNATURE_REGION_LENGTH__ = DEFINED (__SIGNATURE_REGION_LENGTH__)?__SIGNATURE_REGION_LENGTH__:0x400
                0x0000000000000400                __USER_SIGNATURE_REGION_LENGTH__ = DEFINED (__USER_SIGNATURE_REGION_LENGTH__)?__USER_SIGNATURE_REGION_LENGTH__:0x400

.hash
 *(.hash)

.dynsym
 *(.dynsym)

.dynstr
 *(.dynstr)

.gnu.version
 *(.gnu.version)

.gnu.version_d
 *(.gnu.version_d)

.gnu.version_r
 *(.gnu.version_r)

.rel.init
 *(.rel.init)

.rela.init
 *(.rela.init)

.rel.text
 *(.rel.text)
 *(.rel.text.*)
 *(.rel.gnu.linkonce.t*)

.rela.text
 *(.rela.text)
 *(.rela.text.*)
 *(.rela.gnu.linkonce.t*)

.rel.fini
 *(.rel.fini)

.rela.fini
 *(.rela.fini)

.rel.rodata
 *(.rel.rodata)
 *(.rel.rodata.*)
 *(.rel.gnu.linkonce.r*)

.rela.rodata
 *(.rela.rodata)
 *(.rela.rodata.*)
 *(.rela.gnu.linkonce.r*)

.rel.data
 *(.rel.data)
 *(.rel.data.*)
 *(.rel.gnu.linkonce.d*)

.rela.data
 *(.rela.data)
 *(.rela.data.*)
 *(.rela.gnu.linkonce.d*)

.rel.ctors
 *(.rel.ctors)

.rela.ctors
 *(.rela.ctors)

.rel.dtors
 *(.rel.dtors)

.rela.dtors
 *(.rela.dtors)

.rel.got
 *(.rel.got)

.rela.got
 *(.rela.got)

.rel.bss
 *(.rel.bss)

.rela.bss
 *(.rela.bss)

.rel.plt
 *(.rel.plt)

.rela.plt
 *(.rela.plt)

.text           0x0000000000000000     0x2218
 *(.vectors)
 .vectors       0x0000000000000000       0x68 /usr/lib/gcc/avr/5.4.0/../../../avr/lib/avr5/crtatmega328p.o
                0x0000000000000000                __vectors
 *(.vectors)
 *(.progmem.gcc*)
                0x0000000000000068                . = ALIGN (0x2)
                0x0000000000000068                __trampolines_start = .
 *(.trampolines)
 .trampolines   0x0000000000000068        0x0 linker stubs
 *(.trampolines*)
                0x0000000000000068                __trampolines_end = .
 *libprintf_flt.a:*(.progmem.data)
 *libc.a:*(.progmem.data)
 *(.progmem*)
 .progmem.data.__c.1974
                0x0000000000000068       0x49 /home/fox/git/RIOT/workspace/arduino-interrupt/bin/arduino-uno/atmega_common.a(cpu.o)
                0x00000000000000b2                . = ALIGN (0x2)
 *fill*         0x00000000000000b1        0x1 
 *(.jumptables)
 *(.jumptables*)
 *(.lowtext)
 *(.lowtext*)
                0x00000000000000b2                __ctors_start = .
 *(.ctors)
 .ctors         0x00000000000000b2        0x2 /home/fox/git/RIOT/workspace/arduino-interrupt/bin/arduino-uno/application_arduino_interrupt.a(_sketches.o)
 .ctors         0x00000000000000b4        0x2 /home/fox/git/RIOT/workspace/arduino-interrupt/bin/arduino-uno/arduino.a(base.o)
                0x00000000000000b6                __ctors_end = .
                0x00000000000000b6                __dtors_start = .
 *(.dtors)
                0x00000000000000b6                __dtors_end = .
 SORT(*)(.ctors)
 SORT(*)(.dtors)
 *(.init0)
 .init0         0x00000000000000b6        0x0 /usr/lib/gcc/avr/5.4.0/../../../avr/lib/avr5/crtatmega328p.o
                0x00000000000000b6                __init
 .init0         0x00000000000000b6       0x24 /home/fox/git/RIOT/workspace/arduino-interrupt/bin/arduino-uno/atmega_common.a(cpu.o)
                0x00000000000000b6                get_mcusr
 *(.init0)
 *(.init1)
 *(.init1)
 *(.init2)
 .init2         0x00000000000000da        0xc /usr/lib/gcc/avr/5.4.0/../../../avr/lib/avr5/crtatmega328p.o
 *(.init2)
 *(.init3)
 *(.init3)
 *(.init4)
 .init4         0x00000000000000e6       0x16 /usr/lib/gcc/avr/5.4.0/avr5/libgcc.a(_copy_data.o)
                0x00000000000000e6                __do_copy_data
 .init4         0x00000000000000fc       0x10 /usr/lib/gcc/avr/5.4.0/avr5/libgcc.a(_clear_bss.o)
                0x00000000000000fc                __do_clear_bss
 *(.init4)
 *(.init5)
 *(.init5)
 *(.init6)
 .init6         0x000000000000010c       0x16 /usr/lib/gcc/avr/5.4.0/avr5/libgcc.a(_ctors.o)
                0x000000000000010c                __do_global_ctors
 *(.init6)
 *(.init7)
 .init7         0x0000000000000122        0x4 /home/fox/git/RIOT/workspace/arduino-interrupt/bin/arduino-uno/atmega_common.a(startup.o)
                0x0000000000000122                init7_ovr
 *(.init7)
 *(.init8)
 .init8         0x0000000000000126        0x4 /home/fox/git/RIOT/workspace/arduino-interrupt/bin/arduino-uno/atmega_common.a(startup.o)
                0x0000000000000126                init8_ovr
 *(.init8)
 *(.init9)
 .init9         0x000000000000012a        0x8 /usr/lib/gcc/avr/5.4.0/../../../avr/lib/avr5/crtatmega328p.o
 *(.init9)
 *(.text)
 .text          0x0000000000000132        0x4 /usr/lib/gcc/avr/5.4.0/../../../avr/lib/avr5/crtatmega328p.o
                0x0000000000000132                __vector_22
                0x0000000000000132                __vector_24
                0x0000000000000132                __bad_interrupt
                0x0000000000000132                __vector_6
                0x0000000000000132                __vector_3
                0x0000000000000132                __vector_23
                0x0000000000000132                __vector_25
                0x0000000000000132                __vector_13
                0x0000000000000132                __vector_17
                0x0000000000000132                __vector_19
                0x0000000000000132                __vector_7
                0x0000000000000132                __vector_5
                0x0000000000000132                __vector_4
                0x0000000000000132                __vector_9
                0x0000000000000132                __vector_2
                0x0000000000000132                __vector_21
                0x0000000000000132                __vector_15
                0x0000000000000132                __vector_8
                0x0000000000000132                __vector_14
                0x0000000000000132                __vector_10
                0x0000000000000132                __vector_16
                0x0000000000000132                __vector_20
                0x0000000000000136                . = ALIGN (0x2)
 *(.text.*)
 .text.__vector_1
                0x0000000000000136       0x54 /home/fox/git/RIOT/workspace/arduino-interrupt/bin/arduino-uno/application_arduino_interrupt.a(_sketches.o)
                0x0000000000000136                __vector_1
 .text._Z5setupv
                0x000000000000018a       0x22 /home/fox/git/RIOT/workspace/arduino-interrupt/bin/arduino-uno/application_arduino_interrupt.a(_sketches.o)
                0x000000000000018a                _Z5setupv
 .text._Z4loopv
                0x00000000000001ac        0xc /home/fox/git/RIOT/workspace/arduino-interrupt/bin/arduino-uno/application_arduino_interrupt.a(_sketches.o)
                0x00000000000001ac                _Z4loopv
 .text.startup.main
                0x00000000000001b8        0xa /home/fox/git/RIOT/workspace/arduino-interrupt/bin/arduino-uno/application_arduino_interrupt.a(_sketches.o)
                0x00000000000001b8                main
 .text.startup._GLOBAL__sub_I_input
                0x00000000000001c2        0xc /home/fox/git/RIOT/workspace/arduino-interrupt/bin/arduino-uno/application_arduino_interrupt.a(_sketches.o)
 .text._Z5delaym
                0x00000000000001ce       0x24 /home/fox/git/RIOT/workspace/arduino-interrupt/bin/arduino-uno/arduino.a(base.o)
                0x00000000000001ce                _Z5delaym
 .text.startup._GLOBAL__sub_I__Z7pinModeii
                0x00000000000001f2        0xc /home/fox/git/RIOT/workspace/arduino-interrupt/bin/arduino-uno/arduino.a(base.o)
 .text._ZN10SerialPortC2Ej
                0x00000000000001fe        0x8 /home/fox/git/RIOT/workspace/arduino-interrupt/bin/arduino-uno/arduino.a(serialport.o)
                0x00000000000001fe                _ZN10SerialPortC2Ej
                0x00000000000001fe                _ZN10SerialPortC1Ej
 .text.irq_disable
                0x0000000000000206        0xc /home/fox/git/RIOT/workspace/arduino-interrupt/bin/arduino-uno/atmega_common.a(irq_arch.o)
                0x0000000000000206                irq_disable
 .text.irq_enable
                0x0000000000000212        0xc /home/fox/git/RIOT/workspace/arduino-interrupt/bin/arduino-uno/atmega_common.a(irq_arch.o)
                0x0000000000000212                irq_enable
 .text.irq_restore
                0x000000000000021e       0x14 /home/fox/git/RIOT/workspace/arduino-interrupt/bin/arduino-uno/atmega_common.a(irq_arch.o)
                0x000000000000021e                irq_restore
 .text.irq_is_in
                0x0000000000000232        0x8 /home/fox/git/RIOT/workspace/arduino-interrupt/bin/arduino-uno/atmega_common.a(irq_arch.o)
                0x0000000000000232                irq_is_in
 .text.reset_handler
                0x000000000000023a        0x8 /home/fox/git/RIOT/workspace/arduino-interrupt/bin/arduino-uno/atmega_common.a(startup.o)
                0x000000000000023a                reset_handler
 .text.uart_init
                0x0000000000000242       0x8e /home/fox/git/RIOT/workspace/arduino-interrupt/bin/arduino-uno/atmega_common_periph.a(uart.o)
                0x0000000000000242                uart_init
 .text.uart_write
                0x00000000000002d0       0x1e /home/fox/git/RIOT/workspace/arduino-interrupt/bin/arduino-uno/atmega_common_periph.a(uart.o)
                0x00000000000002d0                uart_write
 .text.__vector_18
                0x00000000000002ee       0x7c /home/fox/git/RIOT/workspace/arduino-interrupt/bin/arduino-uno/atmega_common_periph.a(uart.o)
                0x00000000000002ee                __vector_18
 .text.gpio_init
                0x000000000000036a       0x72 /home/fox/git/RIOT/workspace/arduino-interrupt/bin/arduino-uno/atmega_common_periph.a(gpio.o)
                0x000000000000036a                gpio_init
 .text._isr.constprop.0
                0x00000000000003dc       0x5a /home/fox/git/RIOT/workspace/arduino-interrupt/bin/arduino-uno/atmega_common_periph.a(timer.o)
 .text.timer_init
                0x0000000000000436       0x96 /home/fox/git/RIOT/workspace/arduino-interrupt/bin/arduino-uno/atmega_common_periph.a(timer.o)
                0x0000000000000436                timer_init
 .text.timer_set_absolute
                0x00000000000004cc       0x62 /home/fox/git/RIOT/workspace/arduino-interrupt/bin/arduino-uno/atmega_common_periph.a(timer.o)
                0x00000000000004cc                timer_set_absolute
 .text.timer_read
                0x000000000000052e       0x20 /home/fox/git/RIOT/workspace/arduino-interrupt/bin/arduino-uno/atmega_common_periph.a(timer.o)
                0x000000000000052e                timer_read
 .text.__vector_11
                0x000000000000054e       0x4c /home/fox/git/RIOT/workspace/arduino-interrupt/bin/arduino-uno/atmega_common_periph.a(timer.o)
                0x000000000000054e                __vector_11
 .text.__vector_12
                0x000000000000059a       0x4c /home/fox/git/RIOT/workspace/arduino-interrupt/bin/arduino-uno/atmega_common_periph.a(timer.o)
                0x000000000000059a                __vector_12
 .text.board_init
                0x00000000000005e6       0x1a /home/fox/git/RIOT/workspace/arduino-interrupt/bin/arduino-uno/boards_common_atmega.a(board.o)
                0x00000000000005e6                board_init
 .text.panic_arch
                0x0000000000000600        0x2 /home/fox/git/RIOT/workspace/arduino-interrupt/bin/arduino-uno/core.a(panic.o)
                0x0000000000000600                panic_arch
 .text.core_panic
                0x0000000000000602       0x76 /home/fox/git/RIOT/workspace/arduino-interrupt/bin/arduino-uno/core.a(panic.o)
                0x0000000000000602                core_panic
 .text.sched_run
                0x0000000000000678       0x7e /home/fox/git/RIOT/workspace/arduino-interrupt/bin/arduino-uno/core.a(sched.o)
                0x0000000000000678                sched_run
 .text.sched_set_status
                0x00000000000006f6      0x124 /home/fox/git/RIOT/workspace/arduino-interrupt/bin/arduino-uno/core.a(sched.o)
                0x00000000000006f6                sched_set_status
 .text.sched_switch
                0x000000000000081a       0x34 /home/fox/git/RIOT/workspace/arduino-interrupt/bin/arduino-uno/core.a(sched.o)
                0x000000000000081a                sched_switch
 .text.sched_task_exit
                0x000000000000084e       0x46 /home/fox/git/RIOT/workspace/arduino-interrupt/bin/arduino-uno/core.a(sched.o)
                0x000000000000084e                sched_task_exit
 .text.main_trampoline
                0x0000000000000894       0x1e /home/fox/git/RIOT/workspace/arduino-interrupt/bin/arduino-uno/core.a(kernel_init.o)
 .text.idle_thread
                0x00000000000008b2        0x6 /home/fox/git/RIOT/workspace/arduino-interrupt/bin/arduino-uno/core.a(kernel_init.o)
 .text.kernel_init
                0x00000000000008b8       0x48 /home/fox/git/RIOT/workspace/arduino-interrupt/bin/arduino-uno/core.a(kernel_init.o)
                0x00000000000008b8                kernel_init
 .text.thread_yield
                0x0000000000000900       0x36 /home/fox/git/RIOT/workspace/arduino-interrupt/bin/arduino-uno/core.a(thread.o)
                0x0000000000000900                thread_yield
 .text.thread_add_to_list
                0x0000000000000936       0x42 /home/fox/git/RIOT/workspace/arduino-interrupt/bin/arduino-uno/core.a(thread.o)
                0x0000000000000936                thread_add_to_list
 .text.thread_create
                0x0000000000000978      0x182 /home/fox/git/RIOT/workspace/arduino-interrupt/bin/arduino-uno/core.a(thread.o)
                0x0000000000000978                thread_create
 .text._xtimer_now
                0x0000000000000afa       0x58 /home/fox/git/RIOT/workspace/arduino-interrupt/bin/arduino-uno/xtimer.a(xtimer_core.o)
 .text._xtimer_now_internal
                0x0000000000000b52       0x6e /home/fox/git/RIOT/workspace/arduino-interrupt/bin/arduino-uno/xtimer.a(xtimer_core.o)
 .text._lltimer_set
                0x0000000000000bc0       0x1c /home/fox/git/RIOT/workspace/arduino-interrupt/bin/arduino-uno/xtimer.a(xtimer_core.o)
 .text._add_timer_to_long_list.constprop.3
                0x0000000000000bdc       0x7e /home/fox/git/RIOT/workspace/arduino-interrupt/bin/arduino-uno/xtimer.a(xtimer_core.o)
 .text._next_period
                0x0000000000000c5a      0x1a6 /home/fox/git/RIOT/workspace/arduino-interrupt/bin/arduino-uno/xtimer.a(xtimer_core.o)
 .text._periph_timer_callback
                0x0000000000000e00      0x204 /home/fox/git/RIOT/workspace/arduino-interrupt/bin/arduino-uno/xtimer.a(xtimer_core.o)
 .text._remove  0x0000000000001004       0x96 /home/fox/git/RIOT/workspace/arduino-interrupt/bin/arduino-uno/xtimer.a(xtimer_core.o)
 .text.xtimer_init
                0x000000000000109a       0x2a /home/fox/git/RIOT/workspace/arduino-interrupt/bin/arduino-uno/xtimer.a(xtimer_core.o)
                0x000000000000109a                xtimer_init
 .text._xtimer_set_absolute
                0x00000000000010c4      0x1e8 /home/fox/git/RIOT/workspace/arduino-interrupt/bin/arduino-uno/xtimer.a(xtimer_core.o)
                0x00000000000010c4                _xtimer_set_absolute
 .text.xtimer_remove
                0x00000000000012ac       0x46 /home/fox/git/RIOT/workspace/arduino-interrupt/bin/arduino-uno/xtimer.a(xtimer_core.o)
                0x00000000000012ac                xtimer_remove
 .text._xtimer_set
                0x00000000000012f2       0xc4 /home/fox/git/RIOT/workspace/arduino-interrupt/bin/arduino-uno/xtimer.a(xtimer_core.o)
                0x00000000000012f2                _xtimer_set
 .text._xtimer_set64
                0x00000000000013b6       0xf8 /home/fox/git/RIOT/workspace/arduino-interrupt/bin/arduino-uno/xtimer.a(xtimer_core.o)
                0x00000000000013b6                _xtimer_set64
 .text._callback_unlock_mutex
                0x00000000000014ae        0x4 /home/fox/git/RIOT/workspace/arduino-interrupt/bin/arduino-uno/xtimer.a(xtimer.o)
 .text._xtimer_spin
                0x00000000000014b2       0x5a /home/fox/git/RIOT/workspace/arduino-interrupt/bin/arduino-uno/xtimer.a(xtimer.o)
 .text._xtimer_tsleep
                0x000000000000150c       0xce /home/fox/git/RIOT/workspace/arduino-interrupt/bin/arduino-uno/xtimer.a(xtimer.o)
                0x000000000000150c                _xtimer_tsleep
 .text.pm_off   0x00000000000015da        0x6 /home/fox/git/RIOT/workspace/arduino-interrupt/bin/arduino-uno/periph_common.a(pm.o)
                0x00000000000015da                pm_off
 .text.pm_set_lowest
                0x00000000000015e0        0x2 /home/fox/git/RIOT/workspace/arduino-interrupt/bin/arduino-uno/periph_common.a(pm.o)
                0x00000000000015e0                pm_set_lowest
 .text.__enter_thread_mode
                0x00000000000015e2       0x5a /home/fox/git/RIOT/workspace/arduino-interrupt/bin/arduino-uno/atmega_common.a(thread_arch.o)
 .text.thread_stack_init
                0x000000000000163c       0x5a /home/fox/git/RIOT/workspace/arduino-interrupt/bin/arduino-uno/atmega_common.a(thread_arch.o)
                0x000000000000163c                thread_stack_init
 .text.cpu_switch_context_exit
                0x0000000000001696        0x8 /home/fox/git/RIOT/workspace/arduino-interrupt/bin/arduino-uno/atmega_common.a(thread_arch.o)
                0x0000000000001696                cpu_switch_context_exit
 .text.thread_yield_higher
                0x000000000000169e       0xcc /home/fox/git/RIOT/workspace/arduino-interrupt/bin/arduino-uno/atmega_common.a(thread_arch.o)
                0x000000000000169e                thread_yield_higher
 .text.thread_yield_isr
                0x000000000000176a       0xb4 /home/fox/git/RIOT/workspace/arduino-interrupt/bin/arduino-uno/atmega_common.a(thread_arch.o)
                0x000000000000176a                thread_yield_isr
 .text.cpu_init
                0x000000000000181e       0x1c /home/fox/git/RIOT/workspace/arduino-interrupt/bin/arduino-uno/atmega_common.a(cpu.o)
                0x000000000000181e                cpu_init
 .text.__vector_default
                0x000000000000183a       0x16 /home/fox/git/RIOT/workspace/arduino-interrupt/bin/arduino-uno/atmega_common.a(cpu.o)
                0x000000000000183a                __vector_default
 .text.auto_init
                0x0000000000001850        0x4 /home/fox/git/RIOT/workspace/arduino-interrupt/bin/arduino-uno/auto_init.a(auto_init.o)
                0x0000000000001850                auto_init
 .text._uart_getchar
                0x0000000000001854       0x26 /home/fox/git/RIOT/workspace/arduino-interrupt/bin/arduino-uno/avr_libc_extra.a(atmega_stdio.o)
 .text._uart_putchar
                0x000000000000187a       0x24 /home/fox/git/RIOT/workspace/arduino-interrupt/bin/arduino-uno/avr_libc_extra.a(atmega_stdio.o)
 .text.atmega_stdio_init
                0x000000000000189e       0x20 /home/fox/git/RIOT/workspace/arduino-interrupt/bin/arduino-uno/avr_libc_extra.a(atmega_stdio.o)
                0x000000000000189e                atmega_stdio_init
 .text.led_init
                0x00000000000018be        0xc /home/fox/git/RIOT/workspace/arduino-interrupt/bin/arduino-uno/boards_common_arduino-atmega.a(led_init.o)
                0x00000000000018be                led_init
 .text._mutex_lock
                0x00000000000018ca       0x8c /home/fox/git/RIOT/workspace/arduino-interrupt/bin/arduino-uno/core.a(mutex.o)
                0x00000000000018ca                _mutex_lock
 .text.mutex_unlock
                0x0000000000001956       0x84 /home/fox/git/RIOT/workspace/arduino-interrupt/bin/arduino-uno/core.a(mutex.o)
                0x0000000000001956                mutex_unlock
 .text.stdio_init
                0x00000000000019da       0x22 /home/fox/git/RIOT/workspace/arduino-interrupt/bin/arduino-uno/stdio_uart.a(stdio_uart.o)
                0x00000000000019da                stdio_init
 .text.stdio_read
                0x00000000000019fc        0xc /home/fox/git/RIOT/workspace/arduino-interrupt/bin/arduino-uno/stdio_uart.a(stdio_uart.o)
                0x00000000000019fc                stdio_read
 .text.stdio_write
                0x0000000000001a08       0x1a /home/fox/git/RIOT/workspace/arduino-interrupt/bin/arduino-uno/stdio_uart.a(stdio_uart.o)
                0x0000000000001a08                stdio_write
 .text.periph_init
                0x0000000000001a22        0x2 /home/fox/git/RIOT/workspace/arduino-interrupt/bin/arduino-uno/periph_common.a(init.o)
                0x0000000000001a22                periph_init
 .text.isrpipe_write_one
                0x0000000000001a24       0x24 /home/fox/git/RIOT/workspace/arduino-interrupt/bin/arduino-uno/isrpipe.a(isrpipe.o)
                0x0000000000001a24                isrpipe_write_one
 .text.isrpipe_read
                0x0000000000001a48       0x4a /home/fox/git/RIOT/workspace/arduino-interrupt/bin/arduino-uno/isrpipe.a(isrpipe.o)
                0x0000000000001a48                isrpipe_read
 .text._pop     0x0000000000001a92       0x36 /home/fox/git/RIOT/workspace/arduino-interrupt/bin/arduino-uno/tsrb.a(tsrb.o)
 .text.tsrb_get
                0x0000000000001ac8       0x54 /home/fox/git/RIOT/workspace/arduino-interrupt/bin/arduino-uno/tsrb.a(tsrb.o)
                0x0000000000001ac8                tsrb_get
 .text.tsrb_add_one
                0x0000000000001b1c       0x58 /home/fox/git/RIOT/workspace/arduino-interrupt/bin/arduino-uno/tsrb.a(tsrb.o)
                0x0000000000001b1c                tsrb_add_one
 .text.libgcc.div
                0x0000000000001b74       0x44 /usr/lib/gcc/avr/5.4.0/avr5/libgcc.a(_udivmodsi4.o)
                0x0000000000001b74                __udivmodsi4
 .text.libgcc.mul
                0x0000000000001bb8       0x16 /usr/lib/gcc/avr/5.4.0/avr5/libgcc.a(_muluhisi3.o)
                0x0000000000001bb8                __muluhisi3
 .text.libgcc   0x0000000000001bce        0xc /usr/lib/gcc/avr/5.4.0/avr5/libgcc.a(_tablejump2.o)
                0x0000000000001bce                __tablejump2__
 .text.libgcc.mul
                0x0000000000001bda       0x1e /usr/lib/gcc/avr/5.4.0/avr5/libgcc.a(_umulhisi3.o)
                0x0000000000001bda                __umulhisi3
 .text.avr-libc
                0x0000000000001bf8       0x2c /usr/lib/gcc/avr/5.4.0/../../../avr/lib/avr5/libc.a(printf.o)
                0x0000000000001bf8                printf
 .text.avr-libc
                0x0000000000001c24       0x60 /usr/lib/gcc/avr/5.4.0/../../../avr/lib/avr5/libc.a(puts.o)
                0x0000000000001c24                puts
 .text.avr-libc
                0x0000000000001c84      0x3c2 /usr/lib/gcc/avr/5.4.0/../../../avr/lib/avr5/libc.a(vfprintf_std.o)
                0x0000000000001c84                vfprintf
 .text.avr-libc
                0x0000000000002046       0x16 /usr/lib/gcc/avr/5.4.0/../../../avr/lib/avr5/libc.a(strnlen_P.o)
                0x0000000000002046                strnlen_P
 .text.avr-libc
                0x000000000000205c       0x16 /usr/lib/gcc/avr/5.4.0/../../../avr/lib/avr5/libc.a(strnlen.o)
                0x000000000000205c                strnlen
 .text.avr-libc
                0x0000000000002072       0x78 /usr/lib/gcc/avr/5.4.0/../../../avr/lib/avr5/libc.a(fputc.o)
                0x0000000000002072                fputc
 .text.avr-libc
                0x00000000000020ea       0xbc /usr/lib/gcc/avr/5.4.0/../../../avr/lib/avr5/libc.a(ultoa_invert.o)
                0x00000000000020ea                __ultoa_invert
 .text.libgcc.prologue
                0x00000000000021a6       0x38 /usr/lib/gcc/avr/5.4.0/avr5/libgcc.a(_prologue.o)
                0x00000000000021a6                __prologue_saves__
 .text.libgcc.prologue
                0x00000000000021de       0x36 /usr/lib/gcc/avr/5.4.0/avr5/libgcc.a(_epilogue.o)
                0x00000000000021de                __epilogue_restores__
                0x0000000000002214                . = ALIGN (0x2)
 *(.fini9)
 .fini9         0x0000000000002214        0x0 /usr/lib/gcc/avr/5.4.0/avr5/libgcc.a(_exit.o)
                0x0000000000002214                exit
                0x0000000000002214                _exit
 *(.fini9)
 *(.fini8)
 *(.fini8)
 *(.fini7)
 *(.fini7)
 *(.fini6)
 *(.fini6)
 *(.fini5)
 *(.fini5)
 *(.fini4)
 *(.fini4)
 *(.fini3)
 *(.fini3)
 *(.fini2)
 *(.fini2)
 *(.fini1)
 *(.fini1)
 *(.fini0)
 .fini0         0x0000000000002214        0x4 /usr/lib/gcc/avr/5.4.0/avr5/libgcc.a(_exit.o)
 *(.fini0)
                0x0000000000002218                _etext = .

.data           0x0000000000800100       0xf8 load address 0x0000000000002218
                0x0000000000800100                PROVIDE (__data_start, .)
 *(.data)
 *(.data*)
 .data.ctx      0x0000000000800100        0xc /home/fox/git/RIOT/workspace/arduino-interrupt/bin/arduino-uno/atmega_common_periph.a(timer.o)
 .data.idle_name
                0x000000000080010c        0x2 /home/fox/git/RIOT/workspace/arduino-interrupt/bin/arduino-uno/core.a(kernel_init.o)
                0x000000000080010c                idle_name
 .data.main_name
                0x000000000080010e        0x2 /home/fox/git/RIOT/workspace/arduino-interrupt/bin/arduino-uno/core.a(kernel_init.o)
                0x000000000080010e                main_name
 .data._uart_stdin
                0x0000000000800110        0xe /home/fox/git/RIOT/workspace/arduino-interrupt/bin/arduino-uno/avr_libc_extra.a(atmega_stdio.o)
 .data._uart_stdout
                0x000000000080011e        0xe /home/fox/git/RIOT/workspace/arduino-interrupt/bin/arduino-uno/avr_libc_extra.a(atmega_stdio.o)
 .data.stdio_uart_isrpipe
                0x000000000080012c        0xa /home/fox/git/RIOT/workspace/arduino-interrupt/bin/arduino-uno/stdio_uart.a(stdio_uart.o)
                0x000000000080012c                stdio_uart_isrpipe
 *(.rodata)
 *(.rodata*)
 .rodata.str1.1
                0x0000000000800136       0x33 /home/fox/git/RIOT/workspace/arduino-interrupt/bin/arduino-uno/application_arduino_interrupt.a(_sketches.o)
 .rodata.prescalers
                0x0000000000800169        0x5 /home/fox/git/RIOT/workspace/arduino-interrupt/bin/arduino-uno/atmega_common_periph.a(timer.o)
 .rodata.str1.1
                0x000000000080016e       0x41 /home/fox/git/RIOT/workspace/arduino-interrupt/bin/arduino-uno/core.a(panic.o)
 .rodata.assert_crash_message
                0x00000000008001af       0x12 /home/fox/git/RIOT/workspace/arduino-interrupt/bin/arduino-uno/core.a(panic.o)
                0x00000000008001af                assert_crash_message
 .rodata.str1.1
                0x00000000008001c1       0x34 /home/fox/git/RIOT/workspace/arduino-interrupt/bin/arduino-uno/core.a(kernel_init.o)
 .rodata.str1.1
                0x00000000008001f5        0x2 /home/fox/git/RIOT/workspace/arduino-interrupt/bin/arduino-uno/avr_libc_extra.a(atmega_stdio.o)
 *(.gnu.linkonce.d*)
                0x00000000008001f8                . = ALIGN (0x2)
 *fill*         0x00000000008001f7        0x1 
                0x00000000008001f8                _edata = .
                0x00000000008001f8                PROVIDE (__data_end, .)

.bss            0x00000000008001f8      0x45f
                0x00000000008001f8                PROVIDE (__bss_start, .)
 *(.bss)
 *(.bss*)
 .bss._ZL6Serial
                0x00000000008001f8       0x4a /home/fox/git/RIOT/workspace/arduino-interrupt/bin/arduino-uno/application_arduino_interrupt.a(_sketches.o)
 .bss._ZL6Serial
                0x0000000000800242       0x4a /home/fox/git/RIOT/workspace/arduino-interrupt/bin/arduino-uno/arduino.a(base.o)
 .bss.__in_isr  0x000000000080028c        0x1 /home/fox/git/RIOT/workspace/arduino-interrupt/bin/arduino-uno/atmega_common.a(irq_arch.o)
                0x000000000080028c                __in_isr
 .bss.isr_ctx   0x000000000080028d        0x4 /home/fox/git/RIOT/workspace/arduino-interrupt/bin/arduino-uno/atmega_common_periph.a(uart.o)
 .bss.crashed   0x0000000000800291        0x2 /home/fox/git/RIOT/workspace/arduino-interrupt/bin/arduino-uno/core.a(panic.o)
 .bss.runqueue_bitcache
                0x0000000000800293        0x4 /home/fox/git/RIOT/workspace/arduino-interrupt/bin/arduino-uno/core.a(sched.o)
 .bss.sched_runqueues
                0x0000000000800297       0x20 /home/fox/git/RIOT/workspace/arduino-interrupt/bin/arduino-uno/core.a(sched.o)
                0x0000000000800297                sched_runqueues
 .bss.sched_active_pid
                0x00000000008002b7        0x2 /home/fox/git/RIOT/workspace/arduino-interrupt/bin/arduino-uno/core.a(sched.o)
                0x00000000008002b7                sched_active_pid
 .bss.sched_active_thread
                0x00000000008002b9        0x2 /home/fox/git/RIOT/workspace/arduino-interrupt/bin/arduino-uno/core.a(sched.o)
                0x00000000008002b9                sched_active_thread
 .bss.sched_threads
                0x00000000008002bb       0x42 /home/fox/git/RIOT/workspace/arduino-interrupt/bin/arduino-uno/core.a(sched.o)
                0x00000000008002bb                sched_threads
 .bss.sched_context_switch_request
                0x00000000008002fd        0x2 /home/fox/git/RIOT/workspace/arduino-interrupt/bin/arduino-uno/core.a(sched.o)
                0x00000000008002fd                sched_context_switch_request
 .bss.sched_num_threads
                0x00000000008002ff        0x2 /home/fox/git/RIOT/workspace/arduino-interrupt/bin/arduino-uno/core.a(sched.o)
                0x00000000008002ff                sched_num_threads
 .bss.idle_stack
                0x0000000000800301       0x80 /home/fox/git/RIOT/workspace/arduino-interrupt/bin/arduino-uno/core.a(kernel_init.o)
 .bss.main_stack
                0x0000000000800381      0x280 /home/fox/git/RIOT/workspace/arduino-interrupt/bin/arduino-uno/core.a(kernel_init.o)
 .bss.long_list_head
                0x0000000000800601        0x2 /home/fox/git/RIOT/workspace/arduino-interrupt/bin/arduino-uno/xtimer.a(xtimer_core.o)
 .bss.overflow_list_head
                0x0000000000800603        0x2 /home/fox/git/RIOT/workspace/arduino-interrupt/bin/arduino-uno/xtimer.a(xtimer_core.o)
 .bss.timer_list_head
                0x0000000000800605        0x2 /home/fox/git/RIOT/workspace/arduino-interrupt/bin/arduino-uno/xtimer.a(xtimer_core.o)
 .bss._xtimer_high_cnt
                0x0000000000800607        0x4 /home/fox/git/RIOT/workspace/arduino-interrupt/bin/arduino-uno/xtimer.a(xtimer_core.o)
                0x0000000000800607                _xtimer_high_cnt
 .bss._long_cnt
                0x000000000080060b        0x4 /home/fox/git/RIOT/workspace/arduino-interrupt/bin/arduino-uno/xtimer.a(xtimer_core.o)
 .bss._in_handler
                0x000000000080060f        0x2 /home/fox/git/RIOT/workspace/arduino-interrupt/bin/arduino-uno/xtimer.a(xtimer_core.o)
 .bss._rx_buf_mem
                0x0000000000800611       0x40 /home/fox/git/RIOT/workspace/arduino-interrupt/bin/arduino-uno/stdio_uart.a(stdio_uart.o)
 *(COMMON)
 COMMON         0x0000000000800651        0x6 /usr/lib/gcc/avr/5.4.0/../../../avr/lib/avr5/libc.a(iob.o)
                0x0000000000800651                __iob
                0x0000000000800657                PROVIDE (__bss_end, .)
                0x0000000000002218                __data_load_start = LOADADDR (.data)
                0x0000000000002310                __data_load_end = (__data_load_start + SIZEOF (.data))

.noinit         0x0000000000800657        0x2
                [!provide]                        PROVIDE (__noinit_start, .)
 *(.noinit*)
 .noinit        0x0000000000800657        0x2 /home/fox/git/RIOT/workspace/arduino-interrupt/bin/arduino-uno/atmega_common.a(cpu.o)
                0x0000000000800657                soft_rst
                0x0000000000800658                mcusr_mirror
                [!provide]                        PROVIDE (__noinit_end, .)
                0x0000000000800659                _end = .
                [!provide]                        PROVIDE (__heap_start, .)

.eeprom         0x0000000000810000        0x0
 *(.eeprom*)
                0x0000000000810000                __eeprom_end = .

.fuse
 *(.fuse)
 *(.lfuse)
 *(.hfuse)
 *(.efuse)

.lock
 *(.lock*)

.signature
 *(.signature*)

.user_signatures
 *(.user_signatures*)

.stab
 *(.stab)

.stabstr
 *(.stabstr)

.stab.excl
 *(.stab.excl)

.stab.exclstr
 *(.stab.exclstr)

.stab.index
 *(.stab.index)

.stab.indexstr
 *(.stab.indexstr)

.comment        0x0000000000000000       0x11
 *(.comment)
 .comment       0x0000000000000000       0x11 /home/fox/git/RIOT/workspace/arduino-interrupt/bin/arduino-uno/application_arduino_interrupt.a(_sketches.o)
                                         0x12 (size before relaxing)
 .comment       0x0000000000000011       0x12 /home/fox/git/RIOT/workspace/arduino-interrupt/bin/arduino-uno/arduino.a(base.o)
 .comment       0x0000000000000011       0x12 /home/fox/git/RIOT/workspace/arduino-interrupt/bin/arduino-uno/arduino.a(serialport.o)
 .comment       0x0000000000000011       0x12 /home/fox/git/RIOT/workspace/arduino-interrupt/bin/arduino-uno/atmega_common.a(irq_arch.o)
 .comment       0x0000000000000011       0x12 /home/fox/git/RIOT/workspace/arduino-interrupt/bin/arduino-uno/atmega_common.a(startup.o)
 .comment       0x0000000000000011       0x12 /home/fox/git/RIOT/workspace/arduino-interrupt/bin/arduino-uno/atmega_common_periph.a(uart.o)
 .comment       0x0000000000000011       0x12 /home/fox/git/RIOT/workspace/arduino-interrupt/bin/arduino-uno/atmega_common_periph.a(gpio.o)
 .comment       0x0000000000000011       0x12 /home/fox/git/RIOT/workspace/arduino-interrupt/bin/arduino-uno/atmega_common_periph.a(timer.o)
 .comment       0x0000000000000011       0x12 /home/fox/git/RIOT/workspace/arduino-interrupt/bin/arduino-uno/boards_common_atmega.a(board.o)
 .comment       0x0000000000000011       0x12 /home/fox/git/RIOT/workspace/arduino-interrupt/bin/arduino-uno/core.a(panic.o)
 .comment       0x0000000000000011       0x12 /home/fox/git/RIOT/workspace/arduino-interrupt/bin/arduino-uno/core.a(sched.o)
 .comment       0x0000000000000011       0x12 /home/fox/git/RIOT/workspace/arduino-interrupt/bin/arduino-uno/core.a(kernel_init.o)
 .comment       0x0000000000000011       0x12 /home/fox/git/RIOT/workspace/arduino-interrupt/bin/arduino-uno/core.a(thread.o)
 .comment       0x0000000000000011       0x12 /home/fox/git/RIOT/workspace/arduino-interrupt/bin/arduino-uno/xtimer.a(xtimer_core.o)
 .comment       0x0000000000000011       0x12 /home/fox/git/RIOT/workspace/arduino-interrupt/bin/arduino-uno/xtimer.a(xtimer.o)
 .comment       0x0000000000000011       0x12 /home/fox/git/RIOT/workspace/arduino-interrupt/bin/arduino-uno/periph_common.a(pm.o)
 .comment       0x0000000000000011       0x12 /home/fox/git/RIOT/workspace/arduino-interrupt/bin/arduino-uno/atmega_common.a(thread_arch.o)
 .comment       0x0000000000000011       0x12 /home/fox/git/RIOT/workspace/arduino-interrupt/bin/arduino-uno/atmega_common.a(cpu.o)
 .comment       0x0000000000000011       0x12 /home/fox/git/RIOT/workspace/arduino-interrupt/bin/arduino-uno/auto_init.a(auto_init.o)
 .comment       0x0000000000000011       0x12 /home/fox/git/RIOT/workspace/arduino-interrupt/bin/arduino-uno/avr_libc_extra.a(atmega_stdio.o)
 .comment       0x0000000000000011       0x12 /home/fox/git/RIOT/workspace/arduino-interrupt/bin/arduino-uno/boards_common_arduino-atmega.a(led_init.o)
 .comment       0x0000000000000011       0x12 /home/fox/git/RIOT/workspace/arduino-interrupt/bin/arduino-uno/core.a(mutex.o)
 .comment       0x0000000000000011       0x12 /home/fox/git/RIOT/workspace/arduino-interrupt/bin/arduino-uno/stdio_uart.a(stdio_uart.o)
 .comment       0x0000000000000011       0x12 /home/fox/git/RIOT/workspace/arduino-interrupt/bin/arduino-uno/periph_common.a(init.o)
 .comment       0x0000000000000011       0x12 /home/fox/git/RIOT/workspace/arduino-interrupt/bin/arduino-uno/isrpipe.a(isrpipe.o)
 .comment       0x0000000000000011       0x12 /home/fox/git/RIOT/workspace/arduino-interrupt/bin/arduino-uno/tsrb.a(tsrb.o)
 .comment       0x0000000000000011       0x12 /usr/lib/gcc/avr/5.4.0/../../../avr/lib/avr5/libc.a(iob.o)
 .comment       0x0000000000000011       0x12 /usr/lib/gcc/avr/5.4.0/../../../avr/lib/avr5/libc.a(printf.o)
 .comment       0x0000000000000011       0x12 /usr/lib/gcc/avr/5.4.0/../../../avr/lib/avr5/libc.a(puts.o)
 .comment       0x0000000000000011       0x12 /usr/lib/gcc/avr/5.4.0/../../../avr/lib/avr5/libc.a(vfprintf_std.o)
 .comment       0x0000000000000011       0x12 /usr/lib/gcc/avr/5.4.0/../../../avr/lib/avr5/libc.a(fputc.o)

.note.gnu.avr.deviceinfo
                0x0000000000000000       0x40
 .note.gnu.avr.deviceinfo
                0x0000000000000000       0x40 /usr/lib/gcc/avr/5.4.0/../../../avr/lib/avr5/crtatmega328p.o

.note.gnu.build-id
 *(.note.gnu.build-id)

.debug
 *(.debug)

.line
 *(.line)

.debug_srcinfo
 *(.debug_srcinfo)

.debug_sfnames
 *(.debug_sfnames)

.debug_aranges  0x0000000000000000      0x6f0
 *(.debug_aranges)
 .debug_aranges
                0x0000000000000000       0x40 /home/fox/git/RIOT/workspace/arduino-interrupt/bin/arduino-uno/application_arduino_interrupt.a(_sketches.o)
 .debug_aranges
                0x0000000000000040       0x58 /home/fox/git/RIOT/workspace/arduino-interrupt/bin/arduino-uno/arduino.a(base.o)
 .debug_aranges
                0x0000000000000098       0xc0 /home/fox/git/RIOT/workspace/arduino-interrupt/bin/arduino-uno/arduino.a(serialport.o)
 .debug_aranges
                0x0000000000000158       0x38 /home/fox/git/RIOT/workspace/arduino-interrupt/bin/arduino-uno/atmega_common.a(irq_arch.o)
 .debug_aranges
                0x0000000000000190       0x30 /home/fox/git/RIOT/workspace/arduino-interrupt/bin/arduino-uno/atmega_common.a(startup.o)
 .debug_aranges
                0x00000000000001c0       0x38 /home/fox/git/RIOT/workspace/arduino-interrupt/bin/arduino-uno/atmega_common_periph.a(uart.o)
 .debug_aranges
                0x00000000000001f8       0x48 /home/fox/git/RIOT/workspace/arduino-interrupt/bin/arduino-uno/atmega_common_periph.a(gpio.o)
 .debug_aranges
                0x0000000000000240       0x60 /home/fox/git/RIOT/workspace/arduino-interrupt/bin/arduino-uno/atmega_common_periph.a(timer.o)
 .debug_aranges
                0x00000000000002a0       0x20 /home/fox/git/RIOT/workspace/arduino-interrupt/bin/arduino-uno/boards_common_atmega.a(board.o)
 .debug_aranges
                0x00000000000002c0       0x28 /home/fox/git/RIOT/workspace/arduino-interrupt/bin/arduino-uno/core.a(panic.o)
 .debug_aranges
                0x00000000000002e8       0x38 /home/fox/git/RIOT/workspace/arduino-interrupt/bin/arduino-uno/core.a(sched.o)
 .debug_aranges
                0x0000000000000320       0x30 /home/fox/git/RIOT/workspace/arduino-interrupt/bin/arduino-uno/core.a(kernel_init.o)
 .debug_aranges
                0x0000000000000350       0x60 /home/fox/git/RIOT/workspace/arduino-interrupt/bin/arduino-uno/core.a(thread.o)
 .debug_aranges
                0x00000000000003b0       0x80 /home/fox/git/RIOT/workspace/arduino-interrupt/bin/arduino-uno/xtimer.a(xtimer_core.o)
 .debug_aranges
                0x0000000000000430       0x98 /home/fox/git/RIOT/workspace/arduino-interrupt/bin/arduino-uno/xtimer.a(xtimer.o)
 .debug_aranges
                0x00000000000004c8       0x28 /home/fox/git/RIOT/workspace/arduino-interrupt/bin/arduino-uno/periph_common.a(pm.o)
 .debug_aranges
                0x00000000000004f0       0x48 /home/fox/git/RIOT/workspace/arduino-interrupt/bin/arduino-uno/atmega_common.a(thread_arch.o)
 .debug_aranges
                0x0000000000000538       0x38 /home/fox/git/RIOT/workspace/arduino-interrupt/bin/arduino-uno/atmega_common.a(cpu.o)
 .debug_aranges
                0x0000000000000570       0x20 /home/fox/git/RIOT/workspace/arduino-interrupt/bin/arduino-uno/auto_init.a(auto_init.o)
 .debug_aranges
                0x0000000000000590       0x30 /home/fox/git/RIOT/workspace/arduino-interrupt/bin/arduino-uno/avr_libc_extra.a(atmega_stdio.o)
 .debug_aranges
                0x00000000000005c0       0x20 /home/fox/git/RIOT/workspace/arduino-interrupt/bin/arduino-uno/boards_common_arduino-atmega.a(led_init.o)
 .debug_aranges
                0x00000000000005e0       0x30 /home/fox/git/RIOT/workspace/arduino-interrupt/bin/arduino-uno/core.a(mutex.o)
 .debug_aranges
                0x0000000000000610       0x30 /home/fox/git/RIOT/workspace/arduino-interrupt/bin/arduino-uno/stdio_uart.a(stdio_uart.o)
 .debug_aranges
                0x0000000000000640       0x20 /home/fox/git/RIOT/workspace/arduino-interrupt/bin/arduino-uno/periph_common.a(init.o)
 .debug_aranges
                0x0000000000000660       0x48 /home/fox/git/RIOT/workspace/arduino-interrupt/bin/arduino-uno/isrpipe.a(isrpipe.o)
 .debug_aranges
                0x00000000000006a8       0x48 /home/fox/git/RIOT/workspace/arduino-interrupt/bin/arduino-uno/tsrb.a(tsrb.o)

.debug_pubnames
 *(.debug_pubnames)

.debug_info     0x0000000000000000     0xb271
 *(.debug_info .gnu.linkonce.wi.*)
 .debug_info    0x0000000000000000      0x5f4 /usr/lib/gcc/avr/5.4.0/../../../avr/lib/avr5/crtatmega328p.o
 .debug_info    0x00000000000005f4      0x7d9 /home/fox/git/RIOT/workspace/arduino-interrupt/bin/arduino-uno/application_arduino_interrupt.a(_sketches.o)
 .debug_info    0x0000000000000dcd      0xcbd /home/fox/git/RIOT/workspace/arduino-interrupt/bin/arduino-uno/arduino.a(base.o)
 .debug_info    0x0000000000001a8a     0x10c4 /home/fox/git/RIOT/workspace/arduino-interrupt/bin/arduino-uno/arduino.a(serialport.o)
 .debug_info    0x0000000000002b4e      0x20c /home/fox/git/RIOT/workspace/arduino-interrupt/bin/arduino-uno/atmega_common.a(irq_arch.o)
 .debug_info    0x0000000000002d5a      0x276 /home/fox/git/RIOT/workspace/arduino-interrupt/bin/arduino-uno/atmega_common.a(startup.o)
 .debug_info    0x0000000000002fd0      0x5e1 /home/fox/git/RIOT/workspace/arduino-interrupt/bin/arduino-uno/atmega_common_periph.a(uart.o)
 .debug_info    0x00000000000035b1      0x699 /home/fox/git/RIOT/workspace/arduino-interrupt/bin/arduino-uno/atmega_common_periph.a(gpio.o)
 .debug_info    0x0000000000003c4a      0x7fe /home/fox/git/RIOT/workspace/arduino-interrupt/bin/arduino-uno/atmega_common_periph.a(timer.o)
 .debug_info    0x0000000000004448      0x2f5 /home/fox/git/RIOT/workspace/arduino-interrupt/bin/arduino-uno/boards_common_atmega.a(board.o)
 .debug_info    0x000000000000473d      0x28f /home/fox/git/RIOT/workspace/arduino-interrupt/bin/arduino-uno/core.a(panic.o)
 .debug_info    0x00000000000049cc      0x5e5 /home/fox/git/RIOT/workspace/arduino-interrupt/bin/arduino-uno/core.a(sched.o)
 .debug_info    0x0000000000004fb1      0x344 /home/fox/git/RIOT/workspace/arduino-interrupt/bin/arduino-uno/core.a(kernel_init.o)
 .debug_info    0x00000000000052f5      0x9bf /home/fox/git/RIOT/workspace/arduino-interrupt/bin/arduino-uno/core.a(thread.o)
 .debug_info    0x0000000000005cb4     0x1319 /home/fox/git/RIOT/workspace/arduino-interrupt/bin/arduino-uno/xtimer.a(xtimer_core.o)
 .debug_info    0x0000000000006fcd     0x1307 /home/fox/git/RIOT/workspace/arduino-interrupt/bin/arduino-uno/xtimer.a(xtimer.o)
 .debug_info    0x00000000000082d4      0x132 /home/fox/git/RIOT/workspace/arduino-interrupt/bin/arduino-uno/periph_common.a(pm.o)
 .debug_info    0x0000000000008406      0x676 /home/fox/git/RIOT/workspace/arduino-interrupt/bin/arduino-uno/atmega_common.a(thread_arch.o)
 .debug_info    0x0000000000008a7c      0x538 /home/fox/git/RIOT/workspace/arduino-interrupt/bin/arduino-uno/atmega_common.a(cpu.o)
 .debug_info    0x0000000000008fb4      0x419 /home/fox/git/RIOT/workspace/arduino-interrupt/bin/arduino-uno/auto_init.a(auto_init.o)
 .debug_info    0x00000000000093cd      0x433 /home/fox/git/RIOT/workspace/arduino-interrupt/bin/arduino-uno/avr_libc_extra.a(atmega_stdio.o)
 .debug_info    0x0000000000009800      0x26f /home/fox/git/RIOT/workspace/arduino-interrupt/bin/arduino-uno/boards_common_arduino-atmega.a(led_init.o)
 .debug_info    0x0000000000009a6f      0x621 /home/fox/git/RIOT/workspace/arduino-interrupt/bin/arduino-uno/core.a(mutex.o)
 .debug_info    0x000000000000a090      0x493 /home/fox/git/RIOT/workspace/arduino-interrupt/bin/arduino-uno/stdio_uart.a(stdio_uart.o)
 .debug_info    0x000000000000a523       0x40 /home/fox/git/RIOT/workspace/arduino-interrupt/bin/arduino-uno/periph_common.a(init.o)
 .debug_info    0x000000000000a563      0x92e /home/fox/git/RIOT/workspace/arduino-interrupt/bin/arduino-uno/isrpipe.a(isrpipe.o)
 .debug_info    0x000000000000ae91      0x3e0 /home/fox/git/RIOT/workspace/arduino-interrupt/bin/arduino-uno/tsrb.a(tsrb.o)

.debug_abbrev   0x0000000000000000     0x3dad
 *(.debug_abbrev)
 .debug_abbrev  0x0000000000000000      0x5a2 /usr/lib/gcc/avr/5.4.0/../../../avr/lib/avr5/crtatmega328p.o
 .debug_abbrev  0x00000000000005a2      0x2d8 /home/fox/git/RIOT/workspace/arduino-interrupt/bin/arduino-uno/application_arduino_interrupt.a(_sketches.o)
 .debug_abbrev  0x000000000000087a      0x387 /home/fox/git/RIOT/workspace/arduino-interrupt/bin/arduino-uno/arduino.a(base.o)
 .debug_abbrev  0x0000000000000c01      0x35d /home/fox/git/RIOT/workspace/arduino-interrupt/bin/arduino-uno/arduino.a(serialport.o)
 .debug_abbrev  0x0000000000000f5e      0x14e /home/fox/git/RIOT/workspace/arduino-interrupt/bin/arduino-uno/atmega_common.a(irq_arch.o)
 .debug_abbrev  0x00000000000010ac      0x139 /home/fox/git/RIOT/workspace/arduino-interrupt/bin/arduino-uno/atmega_common.a(startup.o)
 .debug_abbrev  0x00000000000011e5      0x28c /home/fox/git/RIOT/workspace/arduino-interrupt/bin/arduino-uno/atmega_common_periph.a(uart.o)
 .debug_abbrev  0x0000000000001471      0x225 /home/fox/git/RIOT/workspace/arduino-interrupt/bin/arduino-uno/atmega_common_periph.a(gpio.o)
 .debug_abbrev  0x0000000000001696      0x2cb /home/fox/git/RIOT/workspace/arduino-interrupt/bin/arduino-uno/atmega_common_periph.a(timer.o)
 .debug_abbrev  0x0000000000001961      0x162 /home/fox/git/RIOT/workspace/arduino-interrupt/bin/arduino-uno/boards_common_atmega.a(board.o)
 .debug_abbrev  0x0000000000001ac3      0x178 /home/fox/git/RIOT/workspace/arduino-interrupt/bin/arduino-uno/core.a(panic.o)
 .debug_abbrev  0x0000000000001c3b      0x289 /home/fox/git/RIOT/workspace/arduino-interrupt/bin/arduino-uno/core.a(sched.o)
 .debug_abbrev  0x0000000000001ec4      0x18c /home/fox/git/RIOT/workspace/arduino-interrupt/bin/arduino-uno/core.a(kernel_init.o)
 .debug_abbrev  0x0000000000002050      0x2c1 /home/fox/git/RIOT/workspace/arduino-interrupt/bin/arduino-uno/core.a(thread.o)
 .debug_abbrev  0x0000000000002311      0x4e7 /home/fox/git/RIOT/workspace/arduino-interrupt/bin/arduino-uno/xtimer.a(xtimer_core.o)
 .debug_abbrev  0x00000000000027f8      0x3db /home/fox/git/RIOT/workspace/arduino-interrupt/bin/arduino-uno/xtimer.a(xtimer.o)
 .debug_abbrev  0x0000000000002bd3       0xca /home/fox/git/RIOT/workspace/arduino-interrupt/bin/arduino-uno/periph_common.a(pm.o)
 .debug_abbrev  0x0000000000002c9d      0x281 /home/fox/git/RIOT/workspace/arduino-interrupt/bin/arduino-uno/atmega_common.a(thread_arch.o)
 .debug_abbrev  0x0000000000002f1e      0x215 /home/fox/git/RIOT/workspace/arduino-interrupt/bin/arduino-uno/atmega_common.a(cpu.o)
 .debug_abbrev  0x0000000000003133      0x153 /home/fox/git/RIOT/workspace/arduino-interrupt/bin/arduino-uno/auto_init.a(auto_init.o)
 .debug_abbrev  0x0000000000003286      0x1f3 /home/fox/git/RIOT/workspace/arduino-interrupt/bin/arduino-uno/avr_libc_extra.a(atmega_stdio.o)
 .debug_abbrev  0x0000000000003479      0x128 /home/fox/git/RIOT/workspace/arduino-interrupt/bin/arduino-uno/boards_common_arduino-atmega.a(led_init.o)
 .debug_abbrev  0x00000000000035a1      0x211 /home/fox/git/RIOT/workspace/arduino-interrupt/bin/arduino-uno/core.a(mutex.o)
 .debug_abbrev  0x00000000000037b2      0x1ce /home/fox/git/RIOT/workspace/arduino-interrupt/bin/arduino-uno/stdio_uart.a(stdio_uart.o)
 .debug_abbrev  0x0000000000003980       0x2f /home/fox/git/RIOT/workspace/arduino-interrupt/bin/arduino-uno/periph_common.a(init.o)
 .debug_abbrev  0x00000000000039af      0x271 /home/fox/git/RIOT/workspace/arduino-interrupt/bin/arduino-uno/isrpipe.a(isrpipe.o)
 .debug_abbrev  0x0000000000003c20      0x18d /home/fox/git/RIOT/workspace/arduino-interrupt/bin/arduino-uno/tsrb.a(tsrb.o)

.debug_line     0x0000000000000000     0x9521
 *(.debug_line .debug_line.* .debug_line_end)
 .debug_line    0x0000000000000000       0x1a /usr/lib/gcc/avr/5.4.0/../../../avr/lib/avr5/crtatmega328p.o
 .debug_line    0x000000000000001a      0x619 /home/fox/git/RIOT/workspace/arduino-interrupt/bin/arduino-uno/application_arduino_interrupt.a(_sketches.o)
 .debug_line    0x0000000000000633      0x737 /home/fox/git/RIOT/workspace/arduino-interrupt/bin/arduino-uno/arduino.a(base.o)
 .debug_line    0x0000000000000d6a      0x7b1 /home/fox/git/RIOT/workspace/arduino-interrupt/bin/arduino-uno/arduino.a(serialport.o)
 .debug_line    0x000000000000151b      0x432 /home/fox/git/RIOT/workspace/arduino-interrupt/bin/arduino-uno/atmega_common.a(irq_arch.o)
 .debug_line    0x000000000000194d      0x530 /home/fox/git/RIOT/workspace/arduino-interrupt/bin/arduino-uno/atmega_common.a(startup.o)
 .debug_line    0x0000000000001e7d      0x585 /home/fox/git/RIOT/workspace/arduino-interrupt/bin/arduino-uno/atmega_common_periph.a(uart.o)
 .debug_line    0x0000000000002402      0x5b8 /home/fox/git/RIOT/workspace/arduino-interrupt/bin/arduino-uno/atmega_common_periph.a(gpio.o)
 .debug_line    0x00000000000029ba      0x6a4 /home/fox/git/RIOT/workspace/arduino-interrupt/bin/arduino-uno/atmega_common_periph.a(timer.o)
 .debug_line    0x000000000000305e      0x517 /home/fox/git/RIOT/workspace/arduino-interrupt/bin/arduino-uno/boards_common_atmega.a(board.o)
 .debug_line    0x0000000000003575      0x4a3 /home/fox/git/RIOT/workspace/arduino-interrupt/bin/arduino-uno/core.a(panic.o)
 .debug_line    0x0000000000003a18      0x517 /home/fox/git/RIOT/workspace/arduino-interrupt/bin/arduino-uno/core.a(sched.o)
 .debug_line    0x0000000000003f2f      0x4ef /home/fox/git/RIOT/workspace/arduino-interrupt/bin/arduino-uno/core.a(kernel_init.o)
 .debug_line    0x000000000000441e      0x66f /home/fox/git/RIOT/workspace/arduino-interrupt/bin/arduino-uno/core.a(thread.o)
 .debug_line    0x0000000000004a8d      0xb73 /home/fox/git/RIOT/workspace/arduino-interrupt/bin/arduino-uno/xtimer.a(xtimer_core.o)
 .debug_line    0x0000000000005600      0x9b8 /home/fox/git/RIOT/workspace/arduino-interrupt/bin/arduino-uno/xtimer.a(xtimer.o)
 .debug_line    0x0000000000005fb8      0x459 /home/fox/git/RIOT/workspace/arduino-interrupt/bin/arduino-uno/periph_common.a(pm.o)
 .debug_line    0x0000000000006411      0x674 /home/fox/git/RIOT/workspace/arduino-interrupt/bin/arduino-uno/atmega_common.a(thread_arch.o)
 .debug_line    0x0000000000006a85      0x58c /home/fox/git/RIOT/workspace/arduino-interrupt/bin/arduino-uno/atmega_common.a(cpu.o)
 .debug_line    0x0000000000007011      0x5be /home/fox/git/RIOT/workspace/arduino-interrupt/bin/arduino-uno/auto_init.a(auto_init.o)
 .debug_line    0x00000000000075cf      0x5a1 /home/fox/git/RIOT/workspace/arduino-interrupt/bin/arduino-uno/avr_libc_extra.a(atmega_stdio.o)
 .debug_line    0x0000000000007b70      0x504 /home/fox/git/RIOT/workspace/arduino-interrupt/bin/arduino-uno/boards_common_arduino-atmega.a(led_init.o)
 .debug_line    0x0000000000008074      0x4dd /home/fox/git/RIOT/workspace/arduino-interrupt/bin/arduino-uno/core.a(mutex.o)
 .debug_line    0x0000000000008551      0x5bd /home/fox/git/RIOT/workspace/arduino-interrupt/bin/arduino-uno/stdio_uart.a(stdio_uart.o)
 .debug_line    0x0000000000008b0e       0xb5 /home/fox/git/RIOT/workspace/arduino-interrupt/bin/arduino-uno/periph_common.a(init.o)
 .debug_line    0x0000000000008bc3      0x6e0 /home/fox/git/RIOT/workspace/arduino-interrupt/bin/arduino-uno/isrpipe.a(isrpipe.o)
 .debug_line    0x00000000000092a3      0x27e /home/fox/git/RIOT/workspace/arduino-interrupt/bin/arduino-uno/tsrb.a(tsrb.o)

.debug_frame    0x0000000000000000     0x14e0
 *(.debug_frame)
 .debug_frame   0x0000000000000000       0xac /home/fox/git/RIOT/workspace/arduino-interrupt/bin/arduino-uno/application_arduino_interrupt.a(_sketches.o)
 .debug_frame   0x00000000000000ac       0xbc /home/fox/git/RIOT/workspace/arduino-interrupt/bin/arduino-uno/arduino.a(base.o)
 .debug_frame   0x0000000000000168      0x278 /home/fox/git/RIOT/workspace/arduino-interrupt/bin/arduino-uno/arduino.a(serialport.o)
 .debug_frame   0x00000000000003e0       0x60 /home/fox/git/RIOT/workspace/arduino-interrupt/bin/arduino-uno/atmega_common.a(irq_arch.o)
 .debug_frame   0x0000000000000440       0x44 /home/fox/git/RIOT/workspace/arduino-interrupt/bin/arduino-uno/atmega_common.a(startup.o)
 .debug_frame   0x0000000000000484       0xc0 /home/fox/git/RIOT/workspace/arduino-interrupt/bin/arduino-uno/atmega_common_periph.a(uart.o)
 .debug_frame   0x0000000000000544       0x7c /home/fox/git/RIOT/workspace/arduino-interrupt/bin/arduino-uno/atmega_common_periph.a(gpio.o)
 .debug_frame   0x00000000000005c0      0x168 /home/fox/git/RIOT/workspace/arduino-interrupt/bin/arduino-uno/atmega_common_periph.a(timer.o)
 .debug_frame   0x0000000000000728       0x24 /home/fox/git/RIOT/workspace/arduino-interrupt/bin/arduino-uno/boards_common_atmega.a(board.o)
 .debug_frame   0x000000000000074c       0x58 /home/fox/git/RIOT/workspace/arduino-interrupt/bin/arduino-uno/core.a(panic.o)
 .debug_frame   0x00000000000007a4       0x68 /home/fox/git/RIOT/workspace/arduino-interrupt/bin/arduino-uno/core.a(sched.o)
 .debug_frame   0x000000000000080c       0x50 /home/fox/git/RIOT/workspace/arduino-interrupt/bin/arduino-uno/core.a(kernel_init.o)
 .debug_frame   0x000000000000085c      0x124 /home/fox/git/RIOT/workspace/arduino-interrupt/bin/arduino-uno/core.a(thread.o)
 .debug_frame   0x0000000000000980      0x2d0 /home/fox/git/RIOT/workspace/arduino-interrupt/bin/arduino-uno/xtimer.a(xtimer_core.o)
 .debug_frame   0x0000000000000c50      0x34c /home/fox/git/RIOT/workspace/arduino-interrupt/bin/arduino-uno/xtimer.a(xtimer.o)
 .debug_frame   0x0000000000000f9c       0x34 /home/fox/git/RIOT/workspace/arduino-interrupt/bin/arduino-uno/periph_common.a(pm.o)
 .debug_frame   0x0000000000000fd0       0xcc /home/fox/git/RIOT/workspace/arduino-interrupt/bin/arduino-uno/atmega_common.a(thread_arch.o)
 .debug_frame   0x000000000000109c       0x60 /home/fox/git/RIOT/workspace/arduino-interrupt/bin/arduino-uno/atmega_common.a(cpu.o)
 .debug_frame   0x00000000000010fc       0x24 /home/fox/git/RIOT/workspace/arduino-interrupt/bin/arduino-uno/auto_init.a(auto_init.o)
 .debug_frame   0x0000000000001120       0x64 /home/fox/git/RIOT/workspace/arduino-interrupt/bin/arduino-uno/avr_libc_extra.a(atmega_stdio.o)
 .debug_frame   0x0000000000001184       0x24 /home/fox/git/RIOT/workspace/arduino-interrupt/bin/arduino-uno/boards_common_arduino-atmega.a(led_init.o)
 .debug_frame   0x00000000000011a8       0x98 /home/fox/git/RIOT/workspace/arduino-interrupt/bin/arduino-uno/core.a(mutex.o)
 .debug_frame   0x0000000000001240       0x5c /home/fox/git/RIOT/workspace/arduino-interrupt/bin/arduino-uno/stdio_uart.a(stdio_uart.o)
 .debug_frame   0x000000000000129c       0x24 /home/fox/git/RIOT/workspace/arduino-interrupt/bin/arduino-uno/periph_common.a(init.o)
 .debug_frame   0x00000000000012c0      0x144 /home/fox/git/RIOT/workspace/arduino-interrupt/bin/arduino-uno/isrpipe.a(isrpipe.o)
 .debug_frame   0x0000000000001404       0xdc /home/fox/git/RIOT/workspace/arduino-interrupt/bin/arduino-uno/tsrb.a(tsrb.o)

.debug_str      0x0000000000000000     0xdcd0
 *(.debug_str)
 .debug_str     0x0000000000000000      0x208 /usr/lib/gcc/avr/5.4.0/../../../avr/lib/avr5/crtatmega328p.o
 .debug_str     0x0000000000000208     0x8a1f /home/fox/git/RIOT/workspace/arduino-interrupt/bin/arduino-uno/application_arduino_interrupt.a(_sketches.o)
                                       0x8c98 (size before relaxing)
 .debug_str     0x0000000000008c27      0x728 /home/fox/git/RIOT/workspace/arduino-interrupt/bin/arduino-uno/arduino.a(base.o)
                                       0x9339 (size before relaxing)
 .debug_str     0x000000000000934f      0x319 /home/fox/git/RIOT/workspace/arduino-interrupt/bin/arduino-uno/arduino.a(serialport.o)
                                       0x87f1 (size before relaxing)
 .debug_str     0x0000000000009668     0x11bd /home/fox/git/RIOT/workspace/arduino-interrupt/bin/arduino-uno/atmega_common.a(irq_arch.o)
                                       0x89bc (size before relaxing)
 .debug_str     0x000000000000a825       0xb6 /home/fox/git/RIOT/workspace/arduino-interrupt/bin/arduino-uno/atmega_common.a(startup.o)
                                       0x9402 (size before relaxing)
 .debug_str     0x000000000000a8db      0x180 /home/fox/git/RIOT/workspace/arduino-interrupt/bin/arduino-uno/atmega_common_periph.a(uart.o)
                                       0x8f7f (size before relaxing)
 .debug_str     0x000000000000aa5b      0x146 /home/fox/git/RIOT/workspace/arduino-interrupt/bin/arduino-uno/atmega_common_periph.a(gpio.o)
                                       0x8f3a (size before relaxing)
 .debug_str     0x000000000000aba1      0x31b /home/fox/git/RIOT/workspace/arduino-interrupt/bin/arduino-uno/atmega_common_periph.a(timer.o)
                                       0x977e (size before relaxing)
 .debug_str     0x000000000000aebc      0x1b3 /home/fox/git/RIOT/workspace/arduino-interrupt/bin/arduino-uno/boards_common_atmega.a(board.o)
                                       0x952f (size before relaxing)
 .debug_str     0x000000000000b06f      0x228 /home/fox/git/RIOT/workspace/arduino-interrupt/bin/arduino-uno/core.a(panic.o)
                                       0x8f95 (size before relaxing)
 .debug_str     0x000000000000b297      0x1ea /home/fox/git/RIOT/workspace/arduino-interrupt/bin/arduino-uno/core.a(sched.o)
                                       0x8aa4 (size before relaxing)
 .debug_str     0x000000000000b481      0x53a /home/fox/git/RIOT/workspace/arduino-interrupt/bin/arduino-uno/core.a(kernel_init.o)
                                       0x9350 (size before relaxing)
 .debug_str     0x000000000000b9bb      0x199 /home/fox/git/RIOT/workspace/arduino-interrupt/bin/arduino-uno/core.a(thread.o)
                                       0x8e41 (size before relaxing)
 .debug_str     0x000000000000bb54      0x308 /home/fox/git/RIOT/workspace/arduino-interrupt/bin/arduino-uno/xtimer.a(xtimer_core.o)
                                       0x9e65 (size before relaxing)
 .debug_str     0x000000000000be5c      0x281 /home/fox/git/RIOT/workspace/arduino-interrupt/bin/arduino-uno/xtimer.a(xtimer.o)
                                       0x9f7e (size before relaxing)
 .debug_str     0x000000000000c0dd       0x76 /home/fox/git/RIOT/workspace/arduino-interrupt/bin/arduino-uno/periph_common.a(pm.o)
                                       0x8cea (size before relaxing)
 .debug_str     0x000000000000c153      0x101 /home/fox/git/RIOT/workspace/arduino-interrupt/bin/arduino-uno/atmega_common.a(thread_arch.o)
                                       0x95e8 (size before relaxing)
 .debug_str     0x000000000000c254     0x138a /home/fox/git/RIOT/workspace/arduino-interrupt/bin/arduino-uno/atmega_common.a(cpu.o)
                                       0xaa07 (size before relaxing)
 .debug_str     0x000000000000d5de       0x7b /home/fox/git/RIOT/workspace/arduino-interrupt/bin/arduino-uno/auto_init.a(auto_init.o)
                                       0x997a (size before relaxing)
 .debug_str     0x000000000000d659      0x1c2 /home/fox/git/RIOT/workspace/arduino-interrupt/bin/arduino-uno/avr_libc_extra.a(atmega_stdio.o)
                                       0x953b (size before relaxing)
 .debug_str     0x000000000000d81b       0x96 /home/fox/git/RIOT/workspace/arduino-interrupt/bin/arduino-uno/boards_common_arduino-atmega.a(led_init.o)
                                       0x942f (size before relaxing)
 .debug_str     0x000000000000d8b1       0xa8 /home/fox/git/RIOT/workspace/arduino-interrupt/bin/arduino-uno/core.a(mutex.o)
                                       0x88d4 (size before relaxing)
 .debug_str     0x000000000000d959      0x15d /home/fox/git/RIOT/workspace/arduino-interrupt/bin/arduino-uno/stdio_uart.a(stdio_uart.o)
                                       0x97e4 (size before relaxing)
 .debug_str     0x000000000000dab6       0x7c /home/fox/git/RIOT/workspace/arduino-interrupt/bin/arduino-uno/periph_common.a(init.o)
                                       0x2db4 (size before relaxing)
 .debug_str     0x000000000000db32       0xfc /home/fox/git/RIOT/workspace/arduino-interrupt/bin/arduino-uno/isrpipe.a(isrpipe.o)
                                       0x9e18 (size before relaxing)
 .debug_str     0x000000000000dc2e       0xa2 /home/fox/git/RIOT/workspace/arduino-interrupt/bin/arduino-uno/tsrb.a(tsrb.o)
                                       0x33e7 (size before relaxing)

.debug_loc      0x0000000000000000     0x62dc
 *(.debug_loc)
 .debug_loc     0x0000000000000000       0xcb /home/fox/git/RIOT/workspace/arduino-interrupt/bin/arduino-uno/application_arduino_interrupt.a(_sketches.o)
 .debug_loc     0x00000000000000cb      0x3c1 /home/fox/git/RIOT/workspace/arduino-interrupt/bin/arduino-uno/arduino.a(base.o)
 .debug_loc     0x000000000000048c      0xe0c /home/fox/git/RIOT/workspace/arduino-interrupt/bin/arduino-uno/arduino.a(serialport.o)
 .debug_loc     0x0000000000001298       0x42 /home/fox/git/RIOT/workspace/arduino-interrupt/bin/arduino-uno/atmega_common.a(irq_arch.o)
 .debug_loc     0x00000000000012da      0x2d7 /home/fox/git/RIOT/workspace/arduino-interrupt/bin/arduino-uno/atmega_common_periph.a(uart.o)
 .debug_loc     0x00000000000015b1      0x386 /home/fox/git/RIOT/workspace/arduino-interrupt/bin/arduino-uno/atmega_common_periph.a(gpio.o)
 .debug_loc     0x0000000000001937      0x45d /home/fox/git/RIOT/workspace/arduino-interrupt/bin/arduino-uno/atmega_common_periph.a(timer.o)
 .debug_loc     0x0000000000001d94       0x14 /home/fox/git/RIOT/workspace/arduino-interrupt/bin/arduino-uno/boards_common_atmega.a(board.o)
 .debug_loc     0x0000000000001da8      0x126 /home/fox/git/RIOT/workspace/arduino-interrupt/bin/arduino-uno/core.a(panic.o)
 .debug_loc     0x0000000000001ece      0x27d /home/fox/git/RIOT/workspace/arduino-interrupt/bin/arduino-uno/core.a(sched.o)
 .debug_loc     0x000000000000214b       0x62 /home/fox/git/RIOT/workspace/arduino-interrupt/bin/arduino-uno/core.a(kernel_init.o)
 .debug_loc     0x00000000000021ad      0x854 /home/fox/git/RIOT/workspace/arduino-interrupt/bin/arduino-uno/core.a(thread.o)
 .debug_loc     0x0000000000002a01     0x11d9 /home/fox/git/RIOT/workspace/arduino-interrupt/bin/arduino-uno/xtimer.a(xtimer_core.o)
 .debug_loc     0x0000000000003bda     0x107f /home/fox/git/RIOT/workspace/arduino-interrupt/bin/arduino-uno/xtimer.a(xtimer.o)
 .debug_loc     0x0000000000004c59      0x395 /home/fox/git/RIOT/workspace/arduino-interrupt/bin/arduino-uno/atmega_common.a(thread_arch.o)
 .debug_loc     0x0000000000004fee       0x2f /home/fox/git/RIOT/workspace/arduino-interrupt/bin/arduino-uno/atmega_common.a(cpu.o)
 .debug_loc     0x000000000000501d      0x108 /home/fox/git/RIOT/workspace/arduino-interrupt/bin/arduino-uno/avr_libc_extra.a(atmega_stdio.o)
 .debug_loc     0x0000000000005125      0x385 /home/fox/git/RIOT/workspace/arduino-interrupt/bin/arduino-uno/core.a(mutex.o)
 .debug_loc     0x00000000000054aa      0x148 /home/fox/git/RIOT/workspace/arduino-interrupt/bin/arduino-uno/stdio_uart.a(stdio_uart.o)
 .debug_loc     0x00000000000055f2      0x821 /home/fox/git/RIOT/workspace/arduino-interrupt/bin/arduino-uno/isrpipe.a(isrpipe.o)
 .debug_loc     0x0000000000005e13      0x4c9 /home/fox/git/RIOT/workspace/arduino-interrupt/bin/arduino-uno/tsrb.a(tsrb.o)

.debug_macinfo
 *(.debug_macinfo)

.debug_weaknames
 *(.debug_weaknames)

.debug_funcnames
 *(.debug_funcnames)

.debug_typenames
 *(.debug_typenames)

.debug_varnames
 *(.debug_varnames)

.debug_pubtypes
 *(.debug_pubtypes)

.debug_ranges   0x0000000000000000      0x628
 *(.debug_ranges)
 .debug_ranges  0x0000000000000000       0x30 /home/fox/git/RIOT/workspace/arduino-interrupt/bin/arduino-uno/application_arduino_interrupt.a(_sketches.o)
 .debug_ranges  0x0000000000000030       0x48 /home/fox/git/RIOT/workspace/arduino-interrupt/bin/arduino-uno/arduino.a(base.o)
 .debug_ranges  0x0000000000000078       0xc8 /home/fox/git/RIOT/workspace/arduino-interrupt/bin/arduino-uno/arduino.a(serialport.o)
 .debug_ranges  0x0000000000000140       0x28 /home/fox/git/RIOT/workspace/arduino-interrupt/bin/arduino-uno/atmega_common.a(irq_arch.o)
 .debug_ranges  0x0000000000000168       0x20 /home/fox/git/RIOT/workspace/arduino-interrupt/bin/arduino-uno/atmega_common.a(startup.o)
 .debug_ranges  0x0000000000000188       0x28 /home/fox/git/RIOT/workspace/arduino-interrupt/bin/arduino-uno/atmega_common_periph.a(uart.o)
 .debug_ranges  0x00000000000001b0       0x38 /home/fox/git/RIOT/workspace/arduino-interrupt/bin/arduino-uno/atmega_common_periph.a(gpio.o)
 .debug_ranges  0x00000000000001e8       0x50 /home/fox/git/RIOT/workspace/arduino-interrupt/bin/arduino-uno/atmega_common_periph.a(timer.o)
 .debug_ranges  0x0000000000000238       0x10 /home/fox/git/RIOT/workspace/arduino-interrupt/bin/arduino-uno/boards_common_atmega.a(board.o)
 .debug_ranges  0x0000000000000248       0x18 /home/fox/git/RIOT/workspace/arduino-interrupt/bin/arduino-uno/core.a(panic.o)
 .debug_ranges  0x0000000000000260       0x28 /home/fox/git/RIOT/workspace/arduino-interrupt/bin/arduino-uno/core.a(sched.o)
 .debug_ranges  0x0000000000000288       0x20 /home/fox/git/RIOT/workspace/arduino-interrupt/bin/arduino-uno/core.a(kernel_init.o)
 .debug_ranges  0x00000000000002a8       0x50 /home/fox/git/RIOT/workspace/arduino-interrupt/bin/arduino-uno/core.a(thread.o)
 .debug_ranges  0x00000000000002f8      0x118 /home/fox/git/RIOT/workspace/arduino-interrupt/bin/arduino-uno/xtimer.a(xtimer_core.o)
 .debug_ranges  0x0000000000000410       0xa0 /home/fox/git/RIOT/workspace/arduino-interrupt/bin/arduino-uno/xtimer.a(xtimer.o)
 .debug_ranges  0x00000000000004b0       0x18 /home/fox/git/RIOT/workspace/arduino-interrupt/bin/arduino-uno/periph_common.a(pm.o)
 .debug_ranges  0x00000000000004c8       0x38 /home/fox/git/RIOT/workspace/arduino-interrupt/bin/arduino-uno/atmega_common.a(thread_arch.o)
 .debug_ranges  0x0000000000000500       0x28 /home/fox/git/RIOT/workspace/arduino-interrupt/bin/arduino-uno/atmega_common.a(cpu.o)
 .debug_ranges  0x0000000000000528       0x10 /home/fox/git/RIOT/workspace/arduino-interrupt/bin/arduino-uno/auto_init.a(auto_init.o)
 .debug_ranges  0x0000000000000538       0x20 /home/fox/git/RIOT/workspace/arduino-interrupt/bin/arduino-uno/avr_libc_extra.a(atmega_stdio.o)
 .debug_ranges  0x0000000000000558       0x10 /home/fox/git/RIOT/workspace/arduino-interrupt/bin/arduino-uno/boards_common_arduino-atmega.a(led_init.o)
 .debug_ranges  0x0000000000000568       0x20 /home/fox/git/RIOT/workspace/arduino-interrupt/bin/arduino-uno/core.a(mutex.o)
 .debug_ranges  0x0000000000000588       0x20 /home/fox/git/RIOT/workspace/arduino-interrupt/bin/arduino-uno/stdio_uart.a(stdio_uart.o)
 .debug_ranges  0x00000000000005a8       0x10 /home/fox/git/RIOT/workspace/arduino-interrupt/bin/arduino-uno/periph_common.a(init.o)
 .debug_ranges  0x00000000000005b8       0x38 /home/fox/git/RIOT/workspace/arduino-interrupt/bin/arduino-uno/isrpipe.a(isrpipe.o)
 .debug_ranges  0x00000000000005f0       0x38 /home/fox/git/RIOT/workspace/arduino-interrupt/bin/arduino-uno/tsrb.a(tsrb.o)

.debug_macro    0x0000000000000000    0x17edb
 *(.debug_macro)
 .debug_macro   0x0000000000000000      0x2b6 /home/fox/git/RIOT/workspace/arduino-interrupt/bin/arduino-uno/application_arduino_interrupt.a(_sketches.o)
 .debug_macro   0x00000000000002b6      0xa54 /home/fox/git/RIOT/workspace/arduino-interrupt/bin/arduino-uno/application_arduino_interrupt.a(_sketches.o)
 .debug_macro   0x0000000000000d0a       0xb8 /home/fox/git/RIOT/workspace/arduino-interrupt/bin/arduino-uno/application_arduino_interrupt.a(_sketches.o)
 .debug_macro   0x0000000000000dc2       0xe8 /home/fox/git/RIOT/workspace/arduino-interrupt/bin/arduino-uno/application_arduino_interrupt.a(_sketches.o)
 .debug_macro   0x0000000000000eaa       0x1e /home/fox/git/RIOT/workspace/arduino-interrupt/bin/arduino-uno/application_arduino_interrupt.a(_sketches.o)
 .debug_macro   0x0000000000000ec8       0x1c /home/fox/git/RIOT/workspace/arduino-interrupt/bin/arduino-uno/application_arduino_interrupt.a(_sketches.o)
 .debug_macro   0x0000000000000ee4       0x58 /home/fox/git/RIOT/workspace/arduino-interrupt/bin/arduino-uno/application_arduino_interrupt.a(_sketches.o)
 .debug_macro   0x0000000000000f3c       0x10 /home/fox/git/RIOT/workspace/arduino-interrupt/bin/arduino-uno/application_arduino_interrupt.a(_sketches.o)
 .debug_macro   0x0000000000000f4c       0x97 /home/fox/git/RIOT/workspace/arduino-interrupt/bin/arduino-uno/application_arduino_interrupt.a(_sketches.o)
 .debug_macro   0x0000000000000fe3       0xf2 /home/fox/git/RIOT/workspace/arduino-interrupt/bin/arduino-uno/application_arduino_interrupt.a(_sketches.o)
 .debug_macro   0x00000000000010d5       0xaa /home/fox/git/RIOT/workspace/arduino-interrupt/bin/arduino-uno/application_arduino_interrupt.a(_sketches.o)
 .debug_macro   0x000000000000117f     0x1410 /home/fox/git/RIOT/workspace/arduino-interrupt/bin/arduino-uno/application_arduino_interrupt.a(_sketches.o)
 .debug_macro   0x000000000000258f      0x13a /home/fox/git/RIOT/workspace/arduino-interrupt/bin/arduino-uno/application_arduino_interrupt.a(_sketches.o)
 .debug_macro   0x00000000000026c9       0xbd /home/fox/git/RIOT/workspace/arduino-interrupt/bin/arduino-uno/application_arduino_interrupt.a(_sketches.o)
 .debug_macro   0x0000000000002786       0x34 /home/fox/git/RIOT/workspace/arduino-interrupt/bin/arduino-uno/application_arduino_interrupt.a(_sketches.o)
 .debug_macro   0x00000000000027ba       0x18 /home/fox/git/RIOT/workspace/arduino-interrupt/bin/arduino-uno/application_arduino_interrupt.a(_sketches.o)
 .debug_macro   0x00000000000027d2       0x6c /home/fox/git/RIOT/workspace/arduino-interrupt/bin/arduino-uno/application_arduino_interrupt.a(_sketches.o)
 .debug_macro   0x000000000000283e       0x63 /home/fox/git/RIOT/workspace/arduino-interrupt/bin/arduino-uno/application_arduino_interrupt.a(_sketches.o)
 .debug_macro   0x00000000000028a1       0x81 /home/fox/git/RIOT/workspace/arduino-interrupt/bin/arduino-uno/application_arduino_interrupt.a(_sketches.o)
 .debug_macro   0x0000000000002922       0x40 /home/fox/git/RIOT/workspace/arduino-interrupt/bin/arduino-uno/application_arduino_interrupt.a(_sketches.o)
 .debug_macro   0x0000000000002962       0x1c /home/fox/git/RIOT/workspace/arduino-interrupt/bin/arduino-uno/application_arduino_interrupt.a(_sketches.o)
 .debug_macro   0x000000000000297e       0xf6 /home/fox/git/RIOT/workspace/arduino-interrupt/bin/arduino-uno/application_arduino_interrupt.a(_sketches.o)
 .debug_macro   0x0000000000002a74       0x2f /home/fox/git/RIOT/workspace/arduino-interrupt/bin/arduino-uno/application_arduino_interrupt.a(_sketches.o)
 .debug_macro   0x0000000000002aa3       0xd6 /home/fox/git/RIOT/workspace/arduino-interrupt/bin/arduino-uno/application_arduino_interrupt.a(_sketches.o)
 .debug_macro   0x0000000000002b79       0x28 /home/fox/git/RIOT/workspace/arduino-interrupt/bin/arduino-uno/application_arduino_interrupt.a(_sketches.o)
 .debug_macro   0x0000000000002ba1       0x28 /home/fox/git/RIOT/workspace/arduino-interrupt/bin/arduino-uno/application_arduino_interrupt.a(_sketches.o)
 .debug_macro   0x0000000000002bc9       0xc1 /home/fox/git/RIOT/workspace/arduino-interrupt/bin/arduino-uno/application_arduino_interrupt.a(_sketches.o)
 .debug_macro   0x0000000000002c8a       0x1c /home/fox/git/RIOT/workspace/arduino-interrupt/bin/arduino-uno/application_arduino_interrupt.a(_sketches.o)
 .debug_macro   0x0000000000002ca6       0x53 /home/fox/git/RIOT/workspace/arduino-interrupt/bin/arduino-uno/application_arduino_interrupt.a(_sketches.o)
 .debug_macro   0x0000000000002cf9       0x22 /home/fox/git/RIOT/workspace/arduino-interrupt/bin/arduino-uno/application_arduino_interrupt.a(_sketches.o)
 .debug_macro   0x0000000000002d1b       0x7d /home/fox/git/RIOT/workspace/arduino-interrupt/bin/arduino-uno/application_arduino_interrupt.a(_sketches.o)
 .debug_macro   0x0000000000002d98       0x16 /home/fox/git/RIOT/workspace/arduino-interrupt/bin/arduino-uno/application_arduino_interrupt.a(_sketches.o)
 .debug_macro   0x0000000000002dae       0xd8 /home/fox/git/RIOT/workspace/arduino-interrupt/bin/arduino-uno/application_arduino_interrupt.a(_sketches.o)
 .debug_macro   0x0000000000002e86       0x10 /home/fox/git/RIOT/workspace/arduino-interrupt/bin/arduino-uno/application_arduino_interrupt.a(_sketches.o)
 .debug_macro   0x0000000000002e96       0x10 /home/fox/git/RIOT/workspace/arduino-interrupt/bin/arduino-uno/application_arduino_interrupt.a(_sketches.o)
 .debug_macro   0x0000000000002ea6       0x52 /home/fox/git/RIOT/workspace/arduino-interrupt/bin/arduino-uno/application_arduino_interrupt.a(_sketches.o)
 .debug_macro   0x0000000000002ef8      0x31c /home/fox/git/RIOT/workspace/arduino-interrupt/bin/arduino-uno/arduino.a(base.o)
 .debug_macro   0x0000000000003214      0xa54 /home/fox/git/RIOT/workspace/arduino-interrupt/bin/arduino-uno/arduino.a(base.o)
 .debug_macro   0x0000000000003c68       0x2e /home/fox/git/RIOT/workspace/arduino-interrupt/bin/arduino-uno/arduino.a(base.o)
 .debug_macro   0x0000000000003c96      0x16d /home/fox/git/RIOT/workspace/arduino-interrupt/bin/arduino-uno/arduino.a(base.o)
 .debug_macro   0x0000000000003e03       0x16 /home/fox/git/RIOT/workspace/arduino-interrupt/bin/arduino-uno/arduino.a(base.o)
 .debug_macro   0x0000000000003e19       0x35 /home/fox/git/RIOT/workspace/arduino-interrupt/bin/arduino-uno/arduino.a(base.o)
 .debug_macro   0x0000000000003e4e       0x43 /home/fox/git/RIOT/workspace/arduino-interrupt/bin/arduino-uno/arduino.a(base.o)
 .debug_macro   0x0000000000003e91       0x16 /home/fox/git/RIOT/workspace/arduino-interrupt/bin/arduino-uno/arduino.a(base.o)
 .debug_macro   0x0000000000003ea7       0x10 /home/fox/git/RIOT/workspace/arduino-interrupt/bin/arduino-uno/arduino.a(base.o)
 .debug_macro   0x0000000000003eb7       0x10 /home/fox/git/RIOT/workspace/arduino-interrupt/bin/arduino-uno/arduino.a(base.o)
 .debug_macro   0x0000000000003ec7       0x10 /home/fox/git/RIOT/workspace/arduino-interrupt/bin/arduino-uno/arduino.a(base.o)
 .debug_macro   0x0000000000003ed7      0x258 /home/fox/git/RIOT/workspace/arduino-interrupt/bin/arduino-uno/arduino.a(serialport.o)
 .debug_macro   0x000000000000412f      0xa54 /home/fox/git/RIOT/workspace/arduino-interrupt/bin/arduino-uno/arduino.a(serialport.o)
 .debug_macro   0x0000000000004b83       0x16 /home/fox/git/RIOT/workspace/arduino-interrupt/bin/arduino-uno/arduino.a(serialport.o)
 .debug_macro   0x0000000000004b99       0x16 /home/fox/git/RIOT/workspace/arduino-interrupt/bin/arduino-uno/arduino.a(serialport.o)
 .debug_macro   0x0000000000004baf       0x20 /home/fox/git/RIOT/workspace/arduino-interrupt/bin/arduino-uno/arduino.a(serialport.o)
 .debug_macro   0x0000000000004bcf       0x12 /home/fox/git/RIOT/workspace/arduino-interrupt/bin/arduino-uno/arduino.a(serialport.o)
 .debug_macro   0x0000000000004be1      0x1e2 /home/fox/git/RIOT/workspace/arduino-interrupt/bin/arduino-uno/atmega_common.a(irq_arch.o)
 .debug_macro   0x0000000000004dc3      0xa42 /home/fox/git/RIOT/workspace/arduino-interrupt/bin/arduino-uno/atmega_common.a(irq_arch.o)
 .debug_macro   0x0000000000005805      0x1c9 /home/fox/git/RIOT/workspace/arduino-interrupt/bin/arduino-uno/atmega_common.a(irq_arch.o)
 .debug_macro   0x00000000000059ce      0x302 /home/fox/git/RIOT/workspace/arduino-interrupt/bin/arduino-uno/atmega_common.a(irq_arch.o)
 .debug_macro   0x0000000000005cd0       0x97 /home/fox/git/RIOT/workspace/arduino-interrupt/bin/arduino-uno/atmega_common.a(irq_arch.o)
 .debug_macro   0x0000000000005d67       0x22 /home/fox/git/RIOT/workspace/arduino-interrupt/bin/arduino-uno/atmega_common.a(irq_arch.o)
 .debug_macro   0x0000000000005d89       0x63 /home/fox/git/RIOT/workspace/arduino-interrupt/bin/arduino-uno/atmega_common.a(irq_arch.o)
 .debug_macro   0x0000000000005dec       0xf6 /home/fox/git/RIOT/workspace/arduino-interrupt/bin/arduino-uno/atmega_common.a(irq_arch.o)
 .debug_macro   0x0000000000005ee2       0xe8 /home/fox/git/RIOT/workspace/arduino-interrupt/bin/arduino-uno/atmega_common.a(irq_arch.o)
 .debug_macro   0x0000000000005fca       0x10 /home/fox/git/RIOT/workspace/arduino-interrupt/bin/arduino-uno/atmega_common.a(irq_arch.o)
 .debug_macro   0x0000000000005fda      0x257 /home/fox/git/RIOT/workspace/arduino-interrupt/bin/arduino-uno/atmega_common.a(startup.o)
 .debug_macro   0x0000000000006231      0xa42 /home/fox/git/RIOT/workspace/arduino-interrupt/bin/arduino-uno/atmega_common.a(startup.o)
 .debug_macro   0x0000000000006c73       0x10 /home/fox/git/RIOT/workspace/arduino-interrupt/bin/arduino-uno/atmega_common.a(startup.o)
 .debug_macro   0x0000000000006c83       0x9e /home/fox/git/RIOT/workspace/arduino-interrupt/bin/arduino-uno/atmega_common.a(startup.o)
 .debug_macro   0x0000000000006d21      0x240 /home/fox/git/RIOT/workspace/arduino-interrupt/bin/arduino-uno/atmega_common_periph.a(uart.o)
 .debug_macro   0x0000000000006f61      0xa42 /home/fox/git/RIOT/workspace/arduino-interrupt/bin/arduino-uno/atmega_common_periph.a(uart.o)
 .debug_macro   0x00000000000079a3      0x2fc /home/fox/git/RIOT/workspace/arduino-interrupt/bin/arduino-uno/atmega_common_periph.a(uart.o)
 .debug_macro   0x0000000000007c9f      0x23f /home/fox/git/RIOT/workspace/arduino-interrupt/bin/arduino-uno/atmega_common_periph.a(gpio.o)
 .debug_macro   0x0000000000007ede      0xa42 /home/fox/git/RIOT/workspace/arduino-interrupt/bin/arduino-uno/atmega_common_periph.a(gpio.o)
 .debug_macro   0x0000000000008920      0x295 /home/fox/git/RIOT/workspace/arduino-interrupt/bin/arduino-uno/atmega_common_periph.a(timer.o)
 .debug_macro   0x0000000000008bb5      0xa42 /home/fox/git/RIOT/workspace/arduino-interrupt/bin/arduino-uno/atmega_common_periph.a(timer.o)
 .debug_macro   0x00000000000095f7       0x1c /home/fox/git/RIOT/workspace/arduino-interrupt/bin/arduino-uno/atmega_common_periph.a(timer.o)
 .debug_macro   0x0000000000009613      0x258 /home/fox/git/RIOT/workspace/arduino-interrupt/bin/arduino-uno/boards_common_atmega.a(board.o)
 .debug_macro   0x000000000000986b      0xa42 /home/fox/git/RIOT/workspace/arduino-interrupt/bin/arduino-uno/boards_common_atmega.a(board.o)
 .debug_macro   0x000000000000a2ad      0x24a /home/fox/git/RIOT/workspace/arduino-interrupt/bin/arduino-uno/core.a(panic.o)
 .debug_macro   0x000000000000a4f7      0xa42 /home/fox/git/RIOT/workspace/arduino-interrupt/bin/arduino-uno/core.a(panic.o)
 .debug_macro   0x000000000000af39       0x20 /home/fox/git/RIOT/workspace/arduino-interrupt/bin/arduino-uno/core.a(panic.o)
 .debug_macro   0x000000000000af59       0x34 /home/fox/git/RIOT/workspace/arduino-interrupt/bin/arduino-uno/core.a(panic.o)
 .debug_macro   0x000000000000af8d      0x1fb /home/fox/git/RIOT/workspace/arduino-interrupt/bin/arduino-uno/core.a(sched.o)
 .debug_macro   0x000000000000b188      0xa42 /home/fox/git/RIOT/workspace/arduino-interrupt/bin/arduino-uno/core.a(sched.o)
 .debug_macro   0x000000000000bbca      0x16d /home/fox/git/RIOT/workspace/arduino-interrupt/bin/arduino-uno/core.a(sched.o)
 .debug_macro   0x000000000000bd37       0x2e /home/fox/git/RIOT/workspace/arduino-interrupt/bin/arduino-uno/core.a(sched.o)
 .debug_macro   0x000000000000bd65       0x35 /home/fox/git/RIOT/workspace/arduino-interrupt/bin/arduino-uno/core.a(sched.o)
 .debug_macro   0x000000000000bd9a      0x251 /home/fox/git/RIOT/workspace/arduino-interrupt/bin/arduino-uno/core.a(kernel_init.o)
 .debug_macro   0x000000000000bfeb      0xa42 /home/fox/git/RIOT/workspace/arduino-interrupt/bin/arduino-uno/core.a(kernel_init.o)
 .debug_macro   0x000000000000ca2d      0x207 /home/fox/git/RIOT/workspace/arduino-interrupt/bin/arduino-uno/core.a(kernel_init.o)
 .debug_macro   0x000000000000cc34       0xdc /home/fox/git/RIOT/workspace/arduino-interrupt/bin/arduino-uno/core.a(kernel_init.o)
 .debug_macro   0x000000000000cd10       0x69 /home/fox/git/RIOT/workspace/arduino-interrupt/bin/arduino-uno/core.a(kernel_init.o)
 .debug_macro   0x000000000000cd79      0x1f5 /home/fox/git/RIOT/workspace/arduino-interrupt/bin/arduino-uno/core.a(thread.o)
 .debug_macro   0x000000000000cf6e      0xa42 /home/fox/git/RIOT/workspace/arduino-interrupt/bin/arduino-uno/core.a(thread.o)
 .debug_macro   0x000000000000d9b0      0x2f2 /home/fox/git/RIOT/workspace/arduino-interrupt/bin/arduino-uno/xtimer.a(xtimer_core.o)
 .debug_macro   0x000000000000dca2      0xa42 /home/fox/git/RIOT/workspace/arduino-interrupt/bin/arduino-uno/xtimer.a(xtimer_core.o)
 .debug_macro   0x000000000000e6e4       0x34 /home/fox/git/RIOT/workspace/arduino-interrupt/bin/arduino-uno/xtimer.a(xtimer_core.o)
 .debug_macro   0x000000000000e718       0x16 /home/fox/git/RIOT/workspace/arduino-interrupt/bin/arduino-uno/xtimer.a(xtimer_core.o)
 .debug_macro   0x000000000000e72e      0x301 /home/fox/git/RIOT/workspace/arduino-interrupt/bin/arduino-uno/xtimer.a(xtimer.o)
 .debug_macro   0x000000000000ea2f      0xa42 /home/fox/git/RIOT/workspace/arduino-interrupt/bin/arduino-uno/xtimer.a(xtimer.o)
 .debug_macro   0x000000000000f471       0x1c /home/fox/git/RIOT/workspace/arduino-interrupt/bin/arduino-uno/xtimer.a(xtimer.o)
 .debug_macro   0x000000000000f48d      0x22d /home/fox/git/RIOT/workspace/arduino-interrupt/bin/arduino-uno/periph_common.a(pm.o)
 .debug_macro   0x000000000000f6ba      0xa42 /home/fox/git/RIOT/workspace/arduino-interrupt/bin/arduino-uno/periph_common.a(pm.o)
 .debug_macro   0x00000000000100fc      0x24d /home/fox/git/RIOT/workspace/arduino-interrupt/bin/arduino-uno/atmega_common.a(thread_arch.o)
 .debug_macro   0x0000000000010349      0xa42 /home/fox/git/RIOT/workspace/arduino-interrupt/bin/arduino-uno/atmega_common.a(thread_arch.o)
 .debug_macro   0x0000000000010d8b      0x29e /home/fox/git/RIOT/workspace/arduino-interrupt/bin/arduino-uno/atmega_common.a(cpu.o)
 .debug_macro   0x0000000000011029      0xa42 /home/fox/git/RIOT/workspace/arduino-interrupt/bin/arduino-uno/atmega_common.a(cpu.o)
 .debug_macro   0x0000000000011a6b       0x68 /home/fox/git/RIOT/workspace/arduino-interrupt/bin/arduino-uno/atmega_common.a(cpu.o)
 .debug_macro   0x0000000000011ad3       0x10 /home/fox/git/RIOT/workspace/arduino-interrupt/bin/arduino-uno/atmega_common.a(cpu.o)
 .debug_macro   0x0000000000011ae3       0x89 /home/fox/git/RIOT/workspace/arduino-interrupt/bin/arduino-uno/atmega_common.a(cpu.o)
 .debug_macro   0x0000000000011b6c       0xee /home/fox/git/RIOT/workspace/arduino-interrupt/bin/arduino-uno/atmega_common.a(cpu.o)
 .debug_macro   0x0000000000011c5a      0x2ec /home/fox/git/RIOT/workspace/arduino-interrupt/bin/arduino-uno/auto_init.a(auto_init.o)
 .debug_macro   0x0000000000011f46      0xa42 /home/fox/git/RIOT/workspace/arduino-interrupt/bin/arduino-uno/auto_init.a(auto_init.o)
 .debug_macro   0x0000000000012988      0x27e /home/fox/git/RIOT/workspace/arduino-interrupt/bin/arduino-uno/avr_libc_extra.a(atmega_stdio.o)
 .debug_macro   0x0000000000012c06      0xa42 /home/fox/git/RIOT/workspace/arduino-interrupt/bin/arduino-uno/avr_libc_extra.a(atmega_stdio.o)
 .debug_macro   0x0000000000013648       0x40 /home/fox/git/RIOT/workspace/arduino-interrupt/bin/arduino-uno/avr_libc_extra.a(atmega_stdio.o)
 .debug_macro   0x0000000000013688       0x10 /home/fox/git/RIOT/workspace/arduino-interrupt/bin/arduino-uno/avr_libc_extra.a(atmega_stdio.o)
 .debug_macro   0x0000000000013698      0x258 /home/fox/git/RIOT/workspace/arduino-interrupt/bin/arduino-uno/boards_common_arduino-atmega.a(led_init.o)
 .debug_macro   0x00000000000138f0      0xa42 /home/fox/git/RIOT/workspace/arduino-interrupt/bin/arduino-uno/boards_common_arduino-atmega.a(led_init.o)
 .debug_macro   0x0000000000014332      0x1fb /home/fox/git/RIOT/workspace/arduino-interrupt/bin/arduino-uno/core.a(mutex.o)
 .debug_macro   0x000000000001452d      0xa42 /home/fox/git/RIOT/workspace/arduino-interrupt/bin/arduino-uno/core.a(mutex.o)
 .debug_macro   0x0000000000014f6f      0x2f5 /home/fox/git/RIOT/workspace/arduino-interrupt/bin/arduino-uno/stdio_uart.a(stdio_uart.o)
 .debug_macro   0x0000000000015264      0xa42 /home/fox/git/RIOT/workspace/arduino-interrupt/bin/arduino-uno/stdio_uart.a(stdio_uart.o)
 .debug_macro   0x0000000000015ca6       0x1a /home/fox/git/RIOT/workspace/arduino-interrupt/bin/arduino-uno/periph_common.a(init.o)
 .debug_macro   0x0000000000015cc0      0xa42 /home/fox/git/RIOT/workspace/arduino-interrupt/bin/arduino-uno/periph_common.a(init.o)
 .debug_macro   0x0000000000016702      0x2f6 /home/fox/git/RIOT/workspace/arduino-interrupt/bin/arduino-uno/isrpipe.a(isrpipe.o)
 .debug_macro   0x00000000000169f8      0xa42 /home/fox/git/RIOT/workspace/arduino-interrupt/bin/arduino-uno/isrpipe.a(isrpipe.o)
 .debug_macro   0x000000000001743a       0x5f /home/fox/git/RIOT/workspace/arduino-interrupt/bin/arduino-uno/tsrb.a(tsrb.o)
 .debug_macro   0x0000000000017499      0xa42 /home/fox/git/RIOT/workspace/arduino-interrupt/bin/arduino-uno/tsrb.a(tsrb.o)
OUTPUT(/home/fox/git/RIOT/workspace/arduino-interrupt/bin/arduino-uno/arduino_interrupt.elf elf32-avr)
LOAD linker stubs
